11-04 10:09:32.953 D/SecTileUtils(12768): category.addTile com.google.android.gms.auth.proximity.multidevice.SettingsActivity , tileID : null
11-04 10:09:32.953 D/SecTileUtils(12768): category.addTile com.google.android.gms.autofill.ui.AutofillSettingsPrivacyHubActivity , tileID : null
11-04 10:09:32.953 I/SecTileUtils(12768): tileID : google_settings , tile.support GLOBAL
11-04 10:09:32.953 D/SecTileUtils(12768): [GLOBAL, Common, SalesCode] category.addTile com.google.android.gms.app.settings.GoogleSettingsIALink , tileID : google_settings
11-04 10:09:32.953 D/SecTileUtils(12768): new DashBoardCategory key : com.android.settings.category.ia.emergency
11-04 10:09:32.953 D/SecTileUtils(12768): category.addTile com.google.android.gms.location.settings.DrivingBehaviorPlatformSettingsActivity , tileID : null
11-04 10:09:32.953 D/SecTileUtils(12768): category.addTile com.google.android.gms.location.settings.EAlertPlatformSettingsActivity , tileID : null
11-04 10:09:32.953 D/SecTileUtils(12768): category.addTile com.google.android.gms.multidevice.ui.link.LinkDevicesSettingsAppCompatActivity , tileID : null
11-04 10:09:32.953 D/SecTileUtils(12768): category.addTile com.google.android.personalsafety.settings.BleTagPlatformSettingsActivity , tileID : null
11-04 10:09:32.953 D/SecTileUtils(12768): new DashBoardCategory key : com.google.android.settings.category.ia.advanced_security
11-04 10:09:32.953 D/SecTileUtils(12768): category.addTile com.google.android.gms.safebrowsing.settings.SafeBrowsingSettingsActivityAdvancedSettings , tileID : null
11-04 10:09:32.953 D/SecTileUtils(12768): new DashBoardCategory key : com.android.settings.category.ia.legacy_advanced_security
11-04 10:09:32.953 D/SecTileUtils(12768): category.addTile com.google.android.gms.safebrowsing.settings.SafeBrowsingSettingsActivityAdvancedSecurity , tileID : null
11-04 10:09:32.953 D/SecTileUtils(12768): new DashBoardCategory key : com.android.settings.category.ia.advanced_security
11-04 10:09:32.953 D/SecTileUtils(12768): category.addTile com.google.android.gms.safebrowsing.settings.SafeBrowsingSettingsActivityAdvancedSecuritySafetyCenter , tileID : null
11-04 10:09:32.953 D/SecTileUtils(12768): category.addTile com.google.android.gms.thunderbird.settings.ThunderbirdSettingInjectorPlatformService , tileID : null
11-04 10:09:32.953 D/SecTileUtils(12768): category.addTile com.google.android.gms.usagereporting.settings.UsageReportingActivity , tileID : null
11-04 10:09:32.953 D/SecTileUtils(12768): category.addTile com.android.healthconnect.controller.LegacySettingsEntryPoint , tileID : null
11-04 10:09:32.953 D/SecTileUtils(12768): category.addTile com.google.android.apps.auto.components.app.stubapp.StubSettingsActivity , tileID : null
11-04 10:09:32.953 D/SecTileUtils(12768): new DashBoardCategory key : com.android.settings.category.ia.apps
11-04 10:09:32.953 D/SecTileUtils(12768): category.addTile com.android.providers.media.photopicker.PhotoPickerSettingsActivity , tileID : null
11-04 10:09:32.953 D/SecTileUtils(12768): category.addTile com.samsung.android.app.settings.SettingsActivity , tileID : null
11-04 10:09:32.953 D/SecTileUtils(12768): category.addTile com.samsung.android.aremoji.home.HomeMain , tileID : null
11-04 10:09:32.953 D/SecTileUtils(12768): new DashBoardCategory key : not_available
11-04 10:09:32.953 D/SecTileUtils(12768): category.addTile com.samsung.android.fmm.settings.FmmSettingsActivity , tileID : null
11-04 10:09:32.953 D/SecTileUtils(12768): new DashBoardCategory key : com.samsung.android.settings.category.ia.multidevices
11-04 10:09:32.953 W/TopLevelHomeScreenPreferenceController(12768): DefaultLauncher : com.sec.android.app.launcher
11-04 10:09:32.953 D/SecTileUtils(12768): category.addTile com.samsung.android.inputshare.settings.MultiControlActivity , tileID : null
11-04 10:09:32.953 D/SecTileUtils(12768): category.addTile com.samsung.android.kmxservice.dashboard.view.SecurityStatusActivity , tileID : null
11-04 10:09:32.953 D/SecTileUtils(12768): new DashBoardCategory key : com.samsung.android.settings.category.ia.dock_settings
11-04 10:09:32.953 D/SecTileUtils(12768): category.addTile com.samsung.android.ledcasesuit.setting.ui.FlipSuitCaseLedSettingActivity , tileID : null
11-04 10:09:32.953 D/SecTileUtils(12768): category.addTile com.samsung.android.ledcasesuit.setting.ui.LedLightingSettingActivity , tileID : null
11-04 10:09:32.953 D/SecTileUtils(12768): category.addTile com.samsung.android.ledcasesuit.setting.ui.AboutFlipsuitCaseActivity , tileID : null
11-04 10:09:32.953 D/SecTileUtils(12768): category.addTile com.samsung.android.cmcsettings.view.CMCMainActivity , tileID : null
11-04 10:09:32.953 D/SecTileUtils(12768): category.addTile com.samsung.android.mdx.windowslink.tileservice.SeYourPhoneBridgeActivity , tileID : null
11-04 10:09:32.953 D/SecTileUtils(12768): category.addTile com.samsung.android.samsungpass.launcher.EntryActivity , tileID : null
11-04 10:09:32.953 D/SecTileUtils(12768): new DashBoardCategory key : com.android.settings.category.ia.my_device_info
11-04 10:09:32.953 D/SecTileUtils(12768): category.addTile com.samsung.android.settingshelper.uiview.activity.SHSettingsAboutDeviceActivity , tileID : null
11-04 10:09:32.953 D/SecTileUtils(12768): category.addTile com.samsung.android.vtcamerasettings.AliasActivityBottom , tileID : null
11-04 10:09:32.953 D/SecTileUtils(12768): category.addTile com.samsung.android.vtcamerasettings.AliasActivityTop , tileID : null
11-04 10:09:32.953 D/SecTileUtils(12768): new DashBoardCategory key : com.android.settings.category.ia.development
11-04 10:09:32.953 D/SecTileUtils(12768): category.addTile com.samsung.gpuwatchapp.ui.ActivityMain , tileID : null
11-04 10:09:32.953 D/SecTileUtils(12768): new DashBoardCategory key : com.android.settings.category.ia.system
11-04 10:09:32.953 D/SecTileUtils(12768): category.addTile com.android.settings.backup.UserBackupSettingsActivity , tileID : null
11-04 10:09:32.953 D/SecTileUtils(12768): category.addTile com.android.traceur.MainActivity , tileID : null
11-04 10:09:32.953 D/SecTileUtils(12768): new DashBoardCategory key : com.android.settings.category.ia.privacy_controls
11-04 10:09:32.953 D/SecTileUtils(12768): category.addTile com.google.android.gms.adsidentity.settings.AdsIdentitySettingsActivity , tileID : null
11-04 10:09:32.953 D/SecTileUtils(12768): category.addTile com.google.android.apps.search.assistant.surfaces.settings.root.SettingsActivity , tileID : null
11-04 10:09:32.953 D/SecTileUtils(12768): category.addTile com.samsung.android.bixby.settings.dynamicmenu.EntryActivity , tileID : null
11-04 10:09:32.953 D/SecTileUtils(12768): category.addTile com.samsung.android.game.gametools.setting.ui.SettingGameBoosterMainActivity , tileID : null
11-04 10:09:32.953 D/SecTileUtils(12768): category.addTile com.samsung.android.hwresourceshare.setting.SettingActivity , tileID : null
11-04 10:09:32.953 D/SecTileUtils(12768): category.addTile com.samsung.android.hwresourceshare.storage.setting.SettingActivity , tileID : null
11-04 10:09:32.953 D/SecTileUtils(12768): category.addTile com.samsung.android.rampart.ui.PhoneMainSettingAliasActivity , tileID : null
11-04 10:09:32.953 D/SecTileUtils(12768): category.addTile com.samsung.android.smartmirroring.CastingActivity , tileID : null
11-04 10:09:32.953 D/SecTileUtils(12768): category.addTile com.samsung.android.smartsuggestions.settings.SmartSuggestionsSettingActivity , tileID : null
11-04 10:09:32.953 D/SecTileUtils(12768): category.addTile com.samsung.android.app.watchmanager.setupwizard.SetupWizardWelcomeActivity , tileID : null
11-04 10:09:32.953 D/SecTileUtils(12768): new DashBoardCategory key : com.android.settings.category.ia.account_detail
11-04 10:09:32.953 D/SecTileUtils(12768): category.addTile com.google.android.gms.accountsettings.mg.ui.main.MainActivity , tileID : null
11-04 10:09:32.954 D/HighlightableMenu(12768): add menu key: top_level_google
11-04 10:09:32.954 D/knoxsdk/filelog(12768): init success
11-04 10:09:32.954 D/SurfaceComposerClient( 3703): setCornerRadius ## Task=98#4466 cornerRadius=114.000000
11-04 10:09:32.955 D/ShadeExpansionStateManager( 3703): onPanelExpansionChanged: ShadeExpansionChangeEvent(fraction=0.99111044, expanded=true, tracking=false)
11-04 10:09:32.955 D/PanelSplitOpenAnimator( 3703): onPanelExpansionChanged : 0.99111044 state : 0
11-04 10:09:32.955 D/PanelSplitOpenAnimator( 3703): setPosition : 0.99111044 // true false false 0.0
11-04 10:09:32.955 D/RestrictionPolicy( 2661): isDeveloperModeAllowed : true
11-04 10:09:32.955 W/CategoryManager(12768): Key hint missing for homepage tile: Themes
11-04 10:09:32.955 D/RestrictionPolicy( 2661): isDeveloperModeAllowed : true
11-04 10:09:32.956 D/SecQpBlurController( 3703): onPanelExpansionChanged : 0.99111044
11-04 10:09:32.956 D/Settings(12768): isDefaultDisplay true
11-04 10:09:32.956 D/Settings(12768): isDefaultDisplay true
11-04 10:09:32.956 I/NowBarCardViewModel( 3703): setVisibility visible = 4 / nowBarRootVisibility = 4
11-04 10:09:32.956 W/RefactorFlag( 3703): New code path expects SceneContainerFlag to be enabled.
11-04 10:09:32.956 D/AudioSystem(12768): onNewService: media.audio_policy service obtained 0xb4000071af2dca20
11-04 10:09:32.956 W/RefactorFlag( 3703): New code path expects SceneContainerFlag to be enabled.
11-04 10:09:32.956 D/AudioSystem(12768): getService: checking for service media.audio_policy: 0xb4000071af2dca20
11-04 10:09:32.957 D/Settings(12768): CscFeature_Setting_ConfigTypeHelp: 1[0:dont support, 1:online, 2:ondevice]
11-04 10:09:32.957 D/Settings(12768): help csc feature is Default 1
11-04 10:09:32.957 D/Settings(12768): s browser is enabled on device.
11-04 10:09:32.957 I/Settings(12768): No keyword - launch usermanual main
11-04 10:09:32.957 D/Settings(12768): Uri: http://www.samsung.com/m-manual/xaa/SM-F741U1/Android16
11-04 10:09:32.957 D/Settings(12768): firApiLevel : 34
11-04 10:09:32.957 D/Settings(12768): getOnlineHelpMenuState is done
11-04 10:09:32.958 I/ActivityManager( 2661): Changes in 10116 19 to 3, 0 to 144
11-04 10:09:32.959 I/SamsungAccount( 6278): [AccountManagerProvider] isChildAccount
11-04 10:09:32.959 V/OsAgent ( 5471): broadcastSystemEvent - 7
11-04 10:09:32.959 D/CachedBluetoothDeviceManager(12768): setStubInfo: INSTALLER_STUB is exist. Package : com.samsung.android.app.watchmanagerstub, Version : 210125004
11-04 10:09:32.959 I/SamsungAccount( 6278): [AccountManagerProvider] Calling package : android.settings.
11-04 10:09:32.959 I/SamsungAccount( 6278): [AccountManagerProvider] This is the access of the allowed application
11-04 10:09:32.959 I/SamsungAccount( 6278): [AccountManagerUtil] isSamsungAccountSignedIn : true
11-04 10:09:32.959 D/BluetoothEventManager(12768): BluetoothEventManager Constructor :: 
11-04 10:09:32.960 D/BackgroundInstallControlService( 2661): Package event received: 0
11-04 10:09:32.961 I/BluetoothAdapter(12768): BluetoothAdapter() : com.android.settings
11-04 10:09:32.961 I/SamsungAccount( 6278): [TPMU]  SIMState     :SIM_STATE_ABSENT
11-04 10:09:32.961 I/SamsungAccount( 6278): [ChildAccountSupportedListManager] getSupportedListFromPreference from cache
11-04 10:09:32.961 D/BluetoothAdapter(12768): PAN connected
11-04 10:09:32.961 I/SamsungAccount( 6278): [TPMU]  SIMState     :SIM_STATE_ABSENT
11-04 10:09:32.961 I/SamsungAccount( 6278): [FamilyGroupUtil] meetKoreaCountryCondition(beforeSignUp=false): false
11-04 10:09:32.961 I/SamsungAccount( 6278): [ChildAccountSupportedListManager] getSupportedListFromPreference from cache
11-04 10:09:32.962 I/SamsungAccount( 6278): [TPMU]  SIMState     :SIM_STATE_ABSENT
11-04 10:09:32.962 I/SamsungAccount( 6278): [FamilyGroupUtil] meetServerCountryCondition(beforeSignUp=false): true
11-04 10:09:32.962 I/SamsungAccount( 6278): [TPMU]  SIMState     :SIM_STATE_ABSENT
11-04 10:09:32.962 I/SamsungAccount( 6278): [FamilyGroupUtil] meetKoreaOneUiCondition: false
11-04 10:09:32.962 I/SamsungAccount( 6278): [ChildAccountSupportedListManager] getSupportedListFromPreference from cache
11-04 10:09:32.962 I/SamsungAccount( 6278): [FamilyGroupUtil] meetServerOneUiCondition: true
11-04 10:09:32.962 I/SamsungAccount( 6278): [FamilyGroupUtil] isSupportFamilyService: true
11-04 10:09:32.962 D/AccountUtils(12768): This account is not a child account.
11-04 10:09:32.962 D/ScspUtils(12768): init: etag = "ZTI6Ojc0YmE0UHB2MEw6OjE3Mjg2Mjk0OTU2MTY6Oi03MjEzMjc3NTQ0MzMwNDA4MzE"
11-04 10:09:32.962 I/SamsungAccount( 6278): [AccountManagerProvider] isChildAccount
11-04 10:09:32.962 I/SamsungAccount( 6278): [AccountManagerProvider] Calling package : android.settings.
11-04 10:09:32.962 I/SamsungAccount( 6278): [AccountManagerProvider] This is the access of the allowed application
11-04 10:09:32.962 I/SamsungAccount( 6278): [AccountManagerUtil] isSamsungAccountSignedIn : true
11-04 10:09:32.963 I/SamsungAccount( 6278): [TPMU]  SIMState     :SIM_STATE_ABSENT
11-04 10:09:32.963 D/SurfaceComposerClient( 3703): setCornerRadius ## Task=98#4466 cornerRadius=114.000000
11-04 10:09:32.963 I/SamsungAccount( 6278): [ChildAccountSupportedListManager] getSupportedListFromPreference from cache
11-04 10:09:32.963 D/ShadeExpansionStateManager( 3703): onPanelExpansionChanged: ShadeExpansionChangeEvent(fraction=0.9842914, expanded=true, tracking=false)
11-04 10:09:32.963 D/PanelSplitOpenAnimator( 3703): onPanelExpansionChanged : 0.9842914 state : 0
11-04 10:09:32.963 D/PanelSplitOpenAnimator( 3703): setPosition : 0.9842914 // true false false 0.0
11-04 10:09:32.963 D/ScspUtils(12768): init: sharedEtag = "ZTI6Ojc0YmE0UHB2MEw6OjE3Mjg2Mjk0OTU2MTY6Oi03MjEzMjc3NTQ0MzMwNDA4MzE"
11-04 10:09:32.963 I/SamsungAccount( 6278): [TPMU]  SIMState     :SIM_STATE_ABSENT
11-04 10:09:32.963 I/SamsungAccount( 6278): [FamilyGroupUtil] meetKoreaCountryCondition(beforeSignUp=false): false
11-04 10:09:32.963 D/ScspUtils(12768): init: etag is not updated
11-04 10:09:32.963 I/SamsungAccount( 6278): [ChildAccountSupportedListManager] getSupportedListFromPreference from cache
11-04 10:09:32.963 I/SamsungAccount( 6278): [TPMU]  SIMState     :SIM_STATE_ABSENT
11-04 10:09:32.963 I/SamsungAccount( 6278): [FamilyGroupUtil] meetServerCountryCondition(beforeSignUp=false): true
11-04 10:09:32.964 I/SamsungAccount( 6278): [TPMU]  SIMState     :SIM_STATE_ABSENT
11-04 10:09:32.964 I/SamsungAccount( 6278): [FamilyGroupUtil] meetKoreaOneUiCondition: false
11-04 10:09:32.964 I/SamsungAccount( 6278): [ChildAccountSupportedListManager] getSupportedListFromPreference from cache
11-04 10:09:32.964 D/SecQpBlurController( 3703): onPanelExpansionChanged : 0.9842914
11-04 10:09:32.964 I/SamsungAccount( 6278): [FamilyGroupUtil] meetServerOneUiCondition: true
11-04 10:09:32.964 I/SamsungAccount( 6278): [FamilyGroupUtil] isSupportFamilyService: true
11-04 10:09:32.964 D/AccountUtils(12768): This account is not a child account.
11-04 10:09:32.964 I/NowBarCardViewModel( 3703): setVisibility visible = 4 / nowBarRootVisibility = 4
11-04 10:09:32.964 W/RefactorFlag( 3703): New code path expects SceneContainerFlag to be enabled.
11-04 10:09:32.964 D/BluetoothSap(12768): Create BluetoothSap proxy object
11-04 10:09:32.964 I/TopLevelKnoxPolicyNoticePreferenceController(12768): getAvailabilityStatus : false
11-04 10:09:32.964 D/BluetoothAdapter(12768): SAP connected
11-04 10:09:32.964 W/RefactorFlag( 3703): New code path expects SceneContainerFlag to be enabled.
11-04 10:09:32.964 D/LocalBluetoothProfileManager(12768): updateLocalProfiles :: 
11-04 10:09:32.964 D/Settings(12768): isDefaultDisplay true
11-04 10:09:32.964 D/Settings(12768): isDefaultDisplay true
11-04 10:09:32.965 D/Settings(12768): Samsung account profile provider version : 2.1
11-04 10:09:32.965 D/Settings(12768): Samsung account profile provider version : 2.1
11-04 10:09:32.965 I/DashboardFragment(12768): refreshDashboardTiles TAG : DashboardFragment
11-04 10:09:32.965 D/BluetoothAdapter(12768): A2DP connected
11-04 10:09:32.965 D/BluetoothAdapter(12768): HEADSET connected
11-04 10:09:32.965 D/BluetoothMap(12768): Create BluetoothMap proxy object
11-04 10:09:32.966 D/BluetoothAdapter(12768): MAP connected
11-04 10:09:32.966 D/BluetoothAdapter(12768): HEARING_AID connected
11-04 10:09:32.966 I/DashboardFragment(12768): Add category : com.android.settings.category.ia.homepage
11-04 10:09:32.967 D/BluetoothAdapter(12768): HAP_CLIENT connected
11-04 10:09:32.967 D/ActivityEmbeddingUtils(12768): isSettingsSplitSupported = false
11-04 10:09:32.967 D/BluetoothAdapter(12768): HID_HOST connected
11-04 10:09:32.967 I/DashboardFragment(12768): bindPreferenceToTileAndGetObservers, mDashboardTilePrefKeys.put : top_level_google , tile : com.android.settingslib.drawer.ActivityTile@4e9ba41
11-04 10:09:32.967 D/HomepagePreference(12768): Replace Separator from Themes, Wallpapers, Icons to Themes    Wallpapers    Icons
11-04 10:09:32.967 D/BluetoothAdapter(12768): PBAP connected
11-04 10:09:32.967 D/ActivityEmbeddingUtils(12768): isSettingsSplitSupported = false
11-04 10:09:32.967 D/LocalBluetoothProfileManager(12768): Adding local Spp profile
11-04 10:09:32.967 I/DashboardFragment(12768): bindPreferenceToTileAndGetObservers, mDashboardTilePrefKeys.put : dashboard_tile_pref_com.samsung.android.themestore.activity.LauncherfromSetting , tile : com.android.settingslib.drawer.ActivityTile@a9d5cc3
11-04 10:09:32.967 D/TopLevelSettings(12768): All preferences added, reporting fully drawn
11-04 10:09:32.967 D/LocalBluetoothProfileManager(12768): Adding local Gatt profile
11-04 10:09:32.968 D/SamsungAnalytics605068(12768): sendLog
11-04 10:09:32.968 D/BluetoothAdapter(12768): VOLUME_CONTROL connected
11-04 10:09:32.968 D/SamsungAnalytics605068(12768): sendLog
11-04 10:09:32.968 D/ActivityEmbeddingUtils(12768): isSettingsSplitSupported = false
11-04 10:09:32.968 D/ActivityEmbeddingUtils(12768): isSettingsSplitSupported = false
11-04 10:09:32.968 D/BluetoothAdapter(12768): LE_AUDIO connected
11-04 10:09:32.970 D/LocalBluetoothLeBroadcast(12768): setProgramInfo: Galaxy Z Flip6_8253
11-04 10:09:32.971 D/LocalBluetoothLeBroadcast(12768): setBroadcastName: Galaxy Z Flip6_8794
11-04 10:09:32.971 D/SamsungAnalytics605068(12768): SendLog Result = 0
11-04 10:09:32.971 D/ShadeExpansionStateManager( 3703): onPanelExpansionChanged: ShadeExpansionChangeEvent(fraction=0.974248, expanded=true, tracking=false)
11-04 10:09:32.971 D/PanelSplitOpenAnimator( 3703): onPanelExpansionChanged : 0.974248 state : 0
11-04 10:09:32.971 D/PanelSplitOpenAnimator( 3703): setPosition : 0.974248 // true false false 0.0
11-04 10:09:32.971 I/WindowExtensionsImpl(12768): Initializing Window Extensions, vendor API level=9, activity embedding enabled=true
11-04 10:09:32.972 D/LocalBluetoothLeBroadcast(12768): setAppSourceName: appSourceName is not changed
11-04 10:09:32.972 D/LocalBluetoothLeBroadcast(12768): setImproveCompatibility: improveCompatibility is not changed
11-04 10:09:32.972 I/GestureDetector( 2661): handleMessage TAP
11-04 10:09:32.972 D/SecQpBlurController( 3703): onPanelExpansionChanged : 0.974248
11-04 10:09:32.972 I/NowBarCardViewModel( 3703): setVisibility visible = 4 / nowBarRootVisibility = 4
11-04 10:09:32.972 D/BluetoothAdapter(12768): LE_AUDIO_BROADCAST connected
11-04 10:09:32.972 W/RefactorFlag( 3703): New code path expects SceneContainerFlag to be enabled.
11-04 10:09:32.972 I/GestureDetector( 2661): handleMessage TAP
11-04 10:09:32.972 D/BluetoothAdapter(12768): LE_AUDIO_BROADCAST_ASSISTANT connected
11-04 10:09:32.972 W/RefactorFlag( 3703): New code path expects SceneContainerFlag to be enabled.
11-04 10:09:32.972 D/SurfaceComposerClient( 3703): setCornerRadius ## Task=98#4466 cornerRadius=114.000000
11-04 10:09:32.972 D/BluetoothAdapter(12768): LE_AUDIO_BROADCAST_ASSISTANT connected
11-04 10:09:32.973 D/SemLeBroadcastAssistant(12768): Binding to LeBroadcastAssistantService
11-04 10:09:32.973 D/SamsungAnalytics605068(12768): SendLog Result = 0
11-04 10:09:32.973 D/SemLeBroadcastAssistant(12768): comp : null false
11-04 10:09:32.974 D/BluetoothAdapter(12768): LE_AUDIO connected
11-04 10:09:32.974 D/BluetoothAdapter(12768): CSIP_SET_COORDINATOR connected
11-04 10:09:32.976 E/BluetoothUtils(12768): getRestoredDevices() :: cursor count: 0, Columns : 15
11-04 10:09:32.976 E/BluetoothUtils(12768): getRestoredDevices :: will be cursor close
11-04 10:09:32.976 D/DeviceStateManagerService( 2661): registerProcess pid:12768
11-04 10:09:32.976 D/BluetoothAdapter(12768): getBondedDevices() - package : com.android.settings, state : 12
11-04 10:09:32.977 I/AdapterProperties( 3956): getBondedDevices: length=1
11-04 10:09:32.977 I/SplitController(12768): Initializing Activity Embedding Controller.
11-04 10:09:32.979 E/FeatureFlagsImplExport(12768): android.os.flagging.AconfigStorageReadException: ERROR_PACKAGE_NOT_FOUND: package com.android.settingslib.widget.theme.flags cannot be found on the device
11-04 10:09:32.979 I/MDEServiceBindingManager(12768): startServiceBind
11-04 10:09:32.979 D/SurfaceComposerClient( 3703): setCornerRadius ## Task=98#4466 cornerRadius=114.000000
11-04 10:09:32.979 W/ContextImpl(12768): Calling a method in the system process without a qualified user: android.app.ContextImpl.bindService:2167 android.content.ContextWrapper.bindService:908 com.samsung.android.settings.mde.MDEServiceBindingManager.registerCallback:42 com.samsung.android.settings.homepage.TopLevelMDESuggestionsPreferenceController.onStart:7 java.lang.reflect.Method.invoke:-2 
11-04 10:09:32.979 D/ShadeExpansionStateManager( 3703): onPanelExpansionChanged: ShadeExpansionChangeEvent(fraction=0.96143556, expanded=true, tracking=false)
11-04 10:09:32.979 D/PanelSplitOpenAnimator( 3703): onPanelExpansionChanged : 0.96143556 state : 0
11-04 10:09:32.979 D/PanelSplitOpenAnimator( 3703): setPosition : 0.96143556 // true false false 0.0
11-04 10:09:32.980 D/ActivityManager( 2661): unpendingScheduleServiceRestart: u=10129, drop=false
11-04 10:09:32.980 D/EmergencyMode(12768): [EmergencyManager] android createPackageContext successful: com.android.settings
11-04 10:09:32.980 D/CachedBluetoothDevice(12768): getBtClassDrawable :: (N) KONA, BluetoothClass = 2a410c, Appearance = 0
11-04 10:09:32.980 D/SecQpBlurController( 3703): onPanelExpansionChanged : 0.96143556
11-04 10:09:32.980 I/NowBarCardViewModel( 3703): setVisibility visible = 4 / nowBarRootVisibility = 4
11-04 10:09:32.980 W/RefactorFlag( 3703): New code path expects SceneContainerFlag to be enabled.
11-04 10:09:32.981 D/BluetoothAdapter(12768): getActiveDevices(A2DP)
11-04 10:09:32.981 W/RefactorFlag( 3703): New code path expects SceneContainerFlag to be enabled.
11-04 10:09:32.981 D/BaseRestrictionMgr( 2661): Package: com.samsung.android.smartsuggestions, userid: 0, hostingType: bindService is allowed by freecess, caller is: com.android.settings
11-04 10:09:32.981 I/BluetoothAdapterService( 3956): getActiveDevices: A2dp device: null
11-04 10:09:32.981 D/BluetoothAdapter(12768): getActiveDevices(HEADSET)
11-04 10:09:32.981 I/BluetoothAdapterService( 3956): getActiveDevices: Headset device: XX:XX:XX:XX:96:79
11-04 10:09:32.981 D/BluetoothAdapter(12768): getActiveDevices(HEARING_AID)
11-04 10:09:32.982 I/BluetoothAdapterService( 3956): getActiveDevices: Hearing Aid devices: Left[null] - Right[null]
11-04 10:09:32.982 D/BluetoothAdapter(12768): getActiveDevices(LE_AUDIO)
11-04 10:09:32.982 I/BluetoothAdapterService( 3956): getActiveDevices: LeAudio devices: Lead[null] - member_1[null]
11-04 10:09:32.982 V/OsAgent ( 5471): broadcastSystemEvent - 7
11-04 10:09:32.982 I/VerificationLog(12768): onResume
11-04 10:09:32.983 I/CachedBluetoothDevice(12768): MF is NULL
11-04 10:09:32.983 D/BackgroundInstallControlService( 2661): Package event received: 0
11-04 10:09:32.984 I/VerificationLog(12768): Executed
11-04 10:09:32.984 I/AppContextHelper(12768): registerStateHandlerCallback() by TopLevelSettings
11-04 10:09:32.984 D/SecDynamicTitleFeatureProviderImpl(12768): Get dynamic action bars : []
11-04 10:09:32.984 W/ElapsedTimeUtils(12768): getElapsedTime: sSuwFinishedTimeStamp is null
11-04 10:09:32.985 D/BluetoothUtils(12768): isGalaxyWatchDevice: uuids = [0000110a-0000-1000-8000-00805f9b34fb, 0000110b-0000-1000-8000-00805f9b34fb, 0000110e-0000-1000-8000-00805f9b34fb, 00001115-0000-1000-8000-00805f9b34fb, 0000111e-0000-1000-8000-00805f9b34fb, 0000111f-0000-1000-8000-00805f9b34fb, c7f94713-891e-496a-a0e7-983a0946126e]
11-04 10:09:32.986 D/CachedBluetoothDevice(12768): fillData :: [XX:XX:XX:XX:96:79], [12], [false], [2a410c], [0], [3], [0]
11-04 10:09:32.987 D/BluetoothAdapter(12768): semIsBleEnabled(): ON
11-04 10:09:32.988 D/SurfaceComposerClient( 3703): setCornerRadius ## Task=98#4466 cornerRadius=114.000000
11-04 10:09:32.988 D/LocalBluetoothCastAdapter(12768): LocalBluetoothCastAdapter
11-04 10:09:32.988 D/SemBluetoothCastAdapter(12768): Binding to BluetoothCastAdapterService
11-04 10:09:32.988 D/SemBluetoothCastAdapter(12768): comp : null false
11-04 10:09:32.988 D/ShadeExpansionStateManager( 3703): onPanelExpansionChanged: ShadeExpansionChangeEvent(fraction=0.9456067, expanded=true, tracking=false)
11-04 10:09:32.988 D/PanelSplitOpenAnimator( 3703): onPanelExpansionChanged : 0.9456067 state : 0
11-04 10:09:32.988 D/PanelSplitOpenAnimator( 3703): setPosition : 0.9456067 // true false false 0.0
11-04 10:09:32.989 D/BluetoothCastEventManager(12768): BluetoothCastEventManager
11-04 10:09:32.989 D/BluetoothCastEventManager(12768): registerReceiver
11-04 10:09:32.989 D/SecQpBlurController( 3703): onPanelExpansionChanged : 0.9456067
11-04 10:09:32.989 D/LocalBluetoothCastProfileManager(12768): LocalBluetoothCastProfileManager 
11-04 10:09:32.989 D/LocalBluetoothCastAdapter(12768): Cannot set BluetoothCastStateOn
11-04 10:09:32.989 D/LocalBluetoothCastProfileManager(12768): updateLocalCastProfiles
11-04 10:09:32.989 D/LocalBluetoothCastProfileManager(12768): updateLocalCastProfiles mAudioCastProfile
11-04 10:09:32.989 I/NowBarCardViewModel( 3703): setVisibility visible = 4 / nowBarRootVisibility = 4
11-04 10:09:32.989 D/AudioCastProfile(12768): AudioCastProfile
11-04 10:09:32.989 D/SemBluetoothAudioCast(12768): Binding to BluetoothAudioCastService
11-04 10:09:32.989 W/RefactorFlag( 3703): New code path expects SceneContainerFlag to be enabled.
11-04 10:09:32.989 D/SemBluetoothAudioCast(12768): comp : null false
11-04 10:09:32.989 W/RefactorFlag( 3703): New code path expects SceneContainerFlag to be enabled.
11-04 10:09:32.990 D/LocalBluetoothManager(12768): LocalBluetoothManager :: onInitCallback != null
11-04 10:09:32.992 I/HoneySpace.EdgePanel.EdgeVisibilityRepository( 4360): updateTrayVisible: State = 0x201, visible = false, current containerState = 4, specificMode = 0
11-04 10:09:32.992 I/HoneySpace.EdgePanel.DumpHelper( 4360): Tray State
11-04 10:09:32.992 I/HoneySpace.EdgePanel.EdgeVisibilityRepository( 4360): Same container state 4
11-04 10:09:32.994 D/LockUtils(12768): isNetworkRoamingState id=-1 roaming=false
11-04 10:09:32.995 I/TopLevelHomeScreenPreferenceController(12768): isUserUnlocked - true
11-04 10:09:32.995 W/TopLevelHomeScreenPreferenceController(12768): DefaultLauncher : com.sec.android.app.launcher
11-04 10:09:32.995 I/DashboardFragment(12768): LastAvailableStatus false : top_level_dex_settings
11-04 10:09:32.995 D/RestrictionPolicy( 2661): isDeveloperModeAllowed : true
11-04 10:09:32.995 D/Settings(12768): isDefaultDisplay true
11-04 10:09:32.996 I/DashboardFragment(12768): LastAvailableStatus false : top_level_t_roaming
11-04 10:09:32.996 D/Rune    (12768): isAvailableUser: true isSupportSmartSwitch:true
11-04 10:09:32.996 D/SurfaceComposerClient( 3703): setCornerRadius ## Task=98#4466 cornerRadius=114.000000
11-04 10:09:32.996 I/DashboardFragment(12768): LastAvailableStatus false : top_level_smart_manager
11-04 10:09:32.996 D/ShadeExpansionStateManager( 3703): onPanelExpansionChanged: ShadeExpansionChangeEvent(fraction=0.92363966, expanded=true, tracking=false)
11-04 10:09:32.996 D/PanelSplitOpenAnimator( 3703): onPanelExpansionChanged : 0.92363966 state : 0
11-04 10:09:32.996 D/PanelSplitOpenAnimator( 3703): setPosition : 0.92363966 // true false false 0.0
11-04 10:09:32.997 D/SecSimFeatureProvider(12768): isMultiSim : dsds
11-04 10:09:32.997 D/SecQpBlurController( 3703): onPanelExpansionChanged : 0.92363966
11-04 10:09:32.997 I/NowBarCardViewModel( 3703): setVisibility visible = 4 / nowBarRootVisibility = 4
11-04 10:09:32.997 I/SamsungAccount( 6278): [AccountManagerProvider] isChildAccount
11-04 10:09:32.997 W/RefactorFlag( 3703): New code path expects SceneContainerFlag to be enabled.
11-04 10:09:32.997 I/SamsungAccount( 6278): [AccountManagerProvider] Calling package : android.settings.
11-04 10:09:32.997 I/SamsungAccount( 6278): [AccountManagerProvider] This is the access of the allowed application
11-04 10:09:32.997 I/SamsungAccount( 6278): [AccountManagerUtil] isSamsungAccountSignedIn : true
11-04 10:09:32.997 W/RefactorFlag( 3703): New code path expects SceneContainerFlag to be enabled.
11-04 10:09:32.998 I/SamsungAccount( 6278): [TPMU]  SIMState     :SIM_STATE_ABSENT
11-04 10:09:32.998 I/SamsungAccount( 6278): [ChildAccountSupportedListManager] getSupportedListFromPreference from cache
11-04 10:09:32.998 I/SamsungAccount( 6278): [TPMU]  SIMState     :SIM_STATE_ABSENT
11-04 10:09:32.998 I/SamsungAccount( 6278): [FamilyGroupUtil] meetKoreaCountryCondition(beforeSignUp=false): false
11-04 10:09:32.998 I/SamsungAccount( 6278): [ChildAccountSupportedListManager] getSupportedListFromPreference from cache
11-04 10:09:32.998 I/SamsungAccount( 6278): [TPMU]  SIMState     :SIM_STATE_ABSENT
11-04 10:09:32.998 I/SamsungAccount( 6278): [FamilyGroupUtil] meetServerCountryCondition(beforeSignUp=false): true
11-04 10:09:32.999 I/SamsungAccount( 6278): [TPMU]  SIMState     :SIM_STATE_ABSENT
11-04 10:09:32.999 I/SamsungAccount( 6278): [FamilyGroupUtil] meetKoreaOneUiCondition: false
11-04 10:09:32.999 I/SamsungAccount( 6278): [ChildAccountSupportedListManager] getSupportedListFromPreference from cache
11-04 10:09:32.999 I/SamsungAccount( 6278): [FamilyGroupUtil] meetServerOneUiCondition: true
11-04 10:09:32.999 I/SamsungAccount( 6278): [FamilyGroupUtil] isSupportFamilyService: true
11-04 10:09:32.999 D/AccountUtils(12768): This account is not a child account.
11-04 10:09:32.999 I/DashboardFragment(12768): LastAvailableStatus false : top_level_knox_policy_notice
11-04 10:09:32.999 I/DashboardFragment(12768): LastAvailableStatus false : top_level_olleh_setting
11-04 10:09:32.999 I/TopLevelMDESuggestionsPreferenceController(12768): getAvailabilityStatus: depth in suggestion info size = 0, on body suggestion info size = 0
11-04 10:09:32.999 I/DashboardFragment(12768): LastAvailableStatus false : top_level_user_manual
11-04 10:09:33.000 D/Settings(12768): isDefaultDisplay true
11-04 10:09:33.000 I/DashboardFragment(12768): LastAvailableStatus false : top_level_remote_support
11-04 10:09:33.000 D/Settings(12768): Samsung account profile provider version : 2.1
11-04 10:09:33.001 I/SamsungAccount( 6278): [ProfileProvider] getCallingPackage() : android.settings.
11-04 10:09:33.001 I/SamsungAccount( 6278): [AccountManagerUtil] isSamsungAccountSignedIn : true
11-04 10:09:33.001 I/SamsungAccount( 6278): [TransactionManager] getLoginProvisioning : false
11-04 10:09:33.001 I/SamsungAccount( 6278): [TransactionManager] isSetupWizardProvisioning
11-04 10:09:33.001 I/SamsungAccount( 6278): [ProfilePreference] getSetupWizardProvisioningTime
11-04 10:09:33.001 I/SamsungAccount( 6278): [TransactionManager] at least 10 minutes over, after setupWizard log-in
11-04 10:09:33.003 I/CategoryMixin(12768): Skip categories update
11-04 10:09:33.004 D/SurfaceComposerClient( 3703): setCornerRadius ## Task=98#4466 cornerRadius=114.000000
11-04 10:09:33.004 D/ShadeExpansionStateManager( 3703): onPanelExpansionChanged: ShadeExpansionChangeEvent(fraction=0.8990353, expanded=true, tracking=false)
11-04 10:09:33.005 D/PanelSplitOpenAnimator( 3703): onPanelExpansionChanged : 0.8990353 state : 0
11-04 10:09:33.005 D/PanelSplitOpenAnimator( 3703): setPosition : 0.8990353 // true false false 0.0
11-04 10:09:33.005 I/ViewRootImpl(12768): dVRR is disabled
11-04 10:09:33.005 D/HardwareRenderer(12768): onDisplayChanged. displayId=0 current wxh=1080x2640 mLargest wxh=0x0
11-04 10:09:33.005 D/HardwareRenderer(12768): Set largestWidth and largestHeight as logical resolution. (1080x2640)
11-04 10:09:33.005 D/HWUI    (12768): setMaxSurfaceArea requested wxh=(1080,2640) requestedSurfaceArea(2851200) mMaxSurfaceArea(2073600)
11-04 10:09:33.005 D/SecQpBlurController( 3703): onPanelExpansionChanged : 0.8990353
11-04 10:09:33.005 D/SecPanelWindowBlurInteractor( 3703): Window Blur:  248  shouldBlockBlur: false isBlurReduced: false  isBackgroundVisible: false
11-04 10:09:33.005 D/SecPanelWindowBlurBinder( 3703): setBlurInfo 248
11-04 10:09:33.005 D/NativeCustomFrequencyManager(12768): [NativeCFMS] BpCustomFrequencyManager::BpCustomFrequencyManager()
11-04 10:09:33.005 D/View    ( 3703): semSetBlurInfo, blurInfo : android.view.SemBlurInfo@c3c2cf6 {BLUR_MODE_WINDOW, mBlurRadius = 248, mBackgroundBlurColor = 0, mCornerRadiusTL = 0.0, mCornerRadiusTR = 0.0, mCornerRadiusBL = 0.0, mCornerRadiusBR = 0.0, mClipRectLeft = 0, mClipRectTop = 0, mClipRectRight = 2147483647, mClipRectBottom = 2147483647, mColorCurve = android.view.SemBlurInfo$ColorCurve@79648f7 {minX = 14.926961, minY = 34.2325, maxX = 255.0, maxY = 175.091, curveBias = 9.951307, saturation = 0.24878268}}, com.android.systemui.shade.NotificationShadeWindowView{4f3b5f3 V.E...... .......D 0,0-1080,2640 #7f0a06a4 app:id/legacy_window_root}
11-04 10:09:33.005 D/View    ( 3703): semSetBlurInfo, blurInfo : null, com.android.systemui.blur.SecQSNewBlurView{ded8933 G.E...... ......I. 0,0-0,0 #7f0a0a27 app:id/qs_new_blur}
11-04 10:09:33.006 I/NowBarCardViewModel( 3703): setVisibility visible = 4 / nowBarRootVisibility = 4
11-04 10:09:33.006 W/RefactorFlag( 3703): New code path expects SceneContainerFlag to be enabled.
11-04 10:09:33.006 W/RefactorFlag( 3703): New code path expects SceneContainerFlag to be enabled.
11-04 10:09:33.007 D/SurfaceComposerClient( 3703): [SEC_SF_EFFECTS] setBlurRegions NotificationShade$_3703#4461 ## {radius=248, cornerRadii=[0.000, 0.000, 0.000, 0.000], alpha=1.000, rect=[0, 0, 1080, 2640], clipRect=[0, 0, 2147483647, 2147483647], colorCurve=[14.926961, 34.232498, 255.000000, 175.091003], curveBias=9.951307, saturation=0.248783, vibrance=[0.000000, (0.000000, 1.000000)], pathData size=0, BlurTint=[(0.000000 0.000000 0.000000) 0.000000, DISABLED]
11-04 10:09:33.007 D/InputTransport( 2661): Input channel constructed: '4f05eb7', fd=1245
11-04 10:09:33.007 D/InputTransport( 2661): Input channel constructed: '4f05eb7', fd=1260
11-04 10:09:33.007 D/InputTransport( 2661): Input channel constructed: '4f05eb7', fd=1261
11-04 10:09:33.007 D/InputTransport( 2661): Input channel destroyed: '4f05eb7', fd=1260
11-04 10:09:33.008 I/SurfaceFlinger( 1801): id=4474 createSurf, flag=84004, 4f05eb7 com.android.settings/com.android.settings.homepage.SettingsHomepageActivity#4474
11-04 10:09:33.008 D/RestrictionPolicy( 2661): isScreenCaptureEnabled : ret=true userId=0
11-04 10:09:33.008 D/RestrictionPolicy( 2661): isScreenCaptureEnabled : ret=true userId=0
11-04 10:09:33.008 D/InputTransport( 2661): Input channel destroyed: '4f05eb7', fd=1261
11-04 10:09:33.008 D/InputTransport(12768): Input channel constructed: '4f05eb7', fd=139
11-04 10:09:33.009 I/InsetsController(12768): onStateChanged: host=com.android.settings/com.android.settings.homepage.SettingsHomepageActivity, from=android.view.ViewRootImpl.onInsetsStateChanged:3026, state=InsetsState: {mDisplayFrame=Rect(0, 0 - 1080, 2640), mDisplayCutout=DisplayCutout{insets=Rect(0, 94 - 0, 0) waterfall=Insets{left=0, top=0, right=0, bottom=0} boundingRect={Bounds=[Rect(0, 0 - 0, 0), Rect(505, 0 - 576, 94), Rect(0, 0 - 0, 0), Rect(0, 0 - 0, 0)]} cutoutPathParserInfo={CutoutPathParserInfo{displayWidth=1080 displayHeight=2640 physicalDisplayWidth=1080 physicalDisplayHeight=2640 density={3.0} cutoutSpec={M 0,0 H -11.83333333333333 V 31.33333333333333 H 11.83333333333333 V 0 H 0 Z @dp} rotation={0} scale={1.0} physicalPixelDisplaySizeRatio={1.0}}} sideOverrides={}}, mRoundedCorners=RoundedCorners{[RoundedCorner{position=TopLeft, radius=114, center=Point(114, 114)}, RoundedCorner{position=TopRight, radius=114, center=Point(966, 114)}, RoundedCorner{position=BottomRight, radius=114, center=Point(966, 2526)}, RoundedCorner{position=BottomLeft, radius=114, center=Point(114, 2526)}]}  mRoundedCornerFrame=Rect(0, 0 - 1080, 2640), mPrivacyIndicatorBounds=PrivacyIndicatorBounds {static bounds=Rect(948, 0 - 1080, 94) rotation=0}, mDisplayShape=DisplayShape{ spec=1406003047 displayWidth=1080 displayHeight=2640 physicalPixelDisplaySizeRatio=1.0 rotation=0 offsetX=0 offsetY=0 scale=1.0}, mSources= { InsetsSource: {a8680000 mType=statusBars mFrame=[0,0][1080,94] mVisible=true mFlags= mSideHint=TOP mBoundingRects=null}, InsetsSource: {a8680005 mType=mandatorySystemGestures mFrame=[0,0][1080,130] mVisible=true mFlags= mSideHint=TOP mBoundingRects=null}, InsetsSource: {a8680006 mType=tappableElement mFrame=[0,0][1080,94] mVisible=true mFlags= mSideHint=TOP mBoundingRects=null}, InsetsSource: {3 mType=ime mFrame=[0,0][0,0] mVisible=false mFlags= mSideHint=NONE mBoundingRects=null}, InsetsSource: {27 mType=displayCutout mFrame=[0,0][1080,94] mVisible=true mFlags= mSideHint=TOP mBoundingRects=null}, InsetsSource: {5f510001 mType=navigationBars mFrame=[0,2496][1080,2640] mVisible=true mFlags= mSideHint=BOTTOM mBoundingRects=null}, InsetsSource: {5f510004 mType=systemGestures mFrame=[0,0][0,0] mVisible=true mFlags= mSideHint=NONE mBoundingRects=null}, InsetsSource: {5f510005 mType=mandatorySystemGestures mFrame=[0,2496][1080,2640] mVisible=true mFlags= mSideHint=BOTTOM mBoundingRects=null}, InsetsSource: {5f510006 mType=tappableElement mFrame=[0,2496][1080,2640] mVisible=true mFlags= mSideHint=BOTTOM mBoundingRects=null}, InsetsSource: {5f510024 mType=systemGestures mFrame=[0,0][0,0] mVisible=true mFlags= mSideHint=NONE mBoundingRects=null} }
11-04 10:09:33.009 I/hwservicemanager(  959): getTransport: Cannot find entry android.hardware.graphics.allocator@4.0::IAllocator/default in either framework or device VINTF manifest.
11-04 10:09:33.009 I/VRI[SettingsHomepageActivity]@8e96329(12768): synced displayState. AttachInfo displayState=2
11-04 10:09:33.009 I/VRI[SettingsHomepageActivity]@8e96329(12768): setView = com.android.internal.policy.DecorView@70c08e5 IsHRR=false mFlingFrameRateChange=0 TM=true
11-04 10:09:33.009 I/IDS_TAG (12768): Starting IDS observe window
11-04 10:09:33.009 I/IDS_TAG (12768): Getting Shared Preference for com.android.settings.SettingsApplication@d21e2f8 uid = 1000
11-04 10:09:33.009 E/IDS_TAG (12768): System UID: no SharedPreferences here, no IDS
11-04 10:09:33.009 I/IDS_TAG (12768): App com.android.settings.SettingsApplication@d21e2f8 has not finished training
11-04 10:09:33.010 D/BluetoothSap(12768): getConnectedDevices()
11-04 10:09:33.010 I/HYPER-HAL( 1703): [RequestManager.cpp]acquire(): Acquired ID : 6111049  [1706 / 1789]    HINT :      list : [TID_LOW_LATENCY / 1] [TID / 12844] [TID / 12845] [TID / 12768] [TID / 12807] 
11-04 10:09:33.011 D/HeadsetProfile(12768): Update cached device : (N) KONA
11-04 10:09:33.011 D/CachedBluetoothDevice(12768): onProfileStateChanged: profile HEADSET, device XX:XX:XX:XX:96:79, newProfileState 2
11-04 10:09:33.012 W/HearingAidStatsLogUtils(12768): Skip this record, it's same day record
11-04 10:09:33.012 I/BluetoothHeadset(12768): getConnectionState() in if statement
11-04 10:09:33.012 D/HeadsetProfile(12768): getConnectionStatus: 2
11-04 10:09:33.012 D/CachedBluetoothDevice(12768): getProfileConnectionState :: HEADSET, state : 2
11-04 10:09:33.012 D/BluetoothA2dp(12768): getState(XX:XX:XX:XX:96:79)
11-04 10:09:33.012 I/SurfaceFlinger( 1801): [4f05eb7 com.android.settings/com.android.settings.homepage.SettingsHomepageActivity#4474] attach to parent LayerHierarchy{RequestedLayerState{ActivityRecord{206374457 u0 com.android.settings/.homepage.SettingsHomepageActivity t98}#4467 parentId=4466} 3 children}
11-04 10:09:33.012 D/A2dpProfile(12768): getConnectionStatus: 0
11-04 10:09:33.012 D/CachedBluetoothDevice(12768): getProfileConnectionState :: A2DP, state : 0
11-04 10:09:33.012 D/BluetoothMap(12768): getConnectedDevices()
11-04 10:09:33.013 D/SurfaceComposerClient( 3703): setCornerRadius ## Task=98#4466 cornerRadius=114.000000
11-04 10:09:33.013 D/ShadeExpansionStateManager( 3703): onPanelExpansionChanged: ShadeExpansionChangeEvent(fraction=0.86889684, expanded=true, tracking=false)
11-04 10:09:33.013 D/PanelSplitOpenAnimator( 3703): onPanelExpansionChanged : 0.86889684 state : 0
11-04 10:09:33.013 D/PanelSplitOpenAnimator( 3703): setPosition : 0.86889684 // true false false 0.0
11-04 10:09:33.014 D/SecQpBlurController( 3703): onPanelExpansionChanged : 0.86889684
11-04 10:09:33.014 D/VolumeControlProfile(12768): Bluetooth service connected
11-04 10:09:33.014 D/BluetoothVolumeControl(12768): getConnectedDevices()
11-04 10:09:33.014 I/NowBarCardViewModel( 3703): setVisibility visible = 4 / nowBarRootVisibility = 4
11-04 10:09:33.014 W/RefactorFlag( 3703): New code path expects SceneContainerFlag to be enabled.
11-04 10:09:33.014 D/LeAudioProfile(12768): Bluetooth service connected
11-04 10:09:33.015 D/LocalBluetoothLeBroadcast(12768): Bluetooth service connected: 26
11-04 10:09:33.015 D/BluetoothLeBroadcast(12768): registerCallback
11-04 10:09:33.015 W/RefactorFlag( 3703): New code path expects SceneContainerFlag to be enabled.
11-04 10:09:33.015 D/LocalBluetoothLeBroadcast(12768): onServiceConnected: register mCachedBroadcastCallbackExecutorMap = {}
11-04 10:09:33.015 D/LocalBluetoothLeBroadcast(12768): Bluetooth service connected: 29
11-04 10:09:33.016 I/BassClientService( 3956): registerCallback
11-04 10:09:33.016 D/LocalBluetoothLeBroadcastAssistant(12768): Bluetooth service connected
11-04 10:09:33.016 I/BassClientService( 3956): registerCallback
11-04 10:09:33.016 D/LocalBluetoothLeBroadcastAssistant(12768): onServiceConnected, register mCachedCallbackExecutorMap = {}
11-04 10:09:33.016 D/SemLeBroadcastAssistant(12768): SemLeBroadcastAssistant Proxy object connected
11-04 10:09:33.016 D/LocalBluetoothLeBroadcastAssistant(12768): LE Broadcast Assistant Profile Service Connected
11-04 10:09:33.016 D/LocalBluetoothLeBroadcastAssistant(12768): LE Audio Profile Service Connected
11-04 10:09:33.016 D/CsipSetCoordinatorProfile(12768): Bluetooth service connected
11-04 10:09:33.017 D/CsipDeviceManager(12768): updateCsipDevices: cachedDevice = XX:XX:XX:XX:96:79, groupId = -1
11-04 10:09:33.017 D/CsipDeviceManager(12768): updateCsipDevices: propose new group id -1 for device XX:XX:XX:XX:96:79
11-04 10:09:33.017 D/MDEServiceBindingManager(12768): onServiceConnected
11-04 10:09:33.017 I/MDEServiceBindingManager(12768): sendMessage : Send message to Service. what = 6
11-04 10:09:33.017 I/MDEServiceBindingManager(12768): sendMessage : Send message to Service. what = 1
11-04 10:09:33.017 D/SemBluetoothCastAdapter(12768): Service Connected
11-04 10:09:33.017 E/BluetoothCastAdapterService( 3956): updateClientDeathRecipient :: token=android.os.BinderProxy@fd68d75, enable=true, packageName=com.android.settings
11-04 10:09:33.017 D/LocalBluetoothCastAdapter(12768): SemBluetoothCastAdapter Connected
11-04 10:09:33.017 D/SemBluetoothAudioCast(12768): SemBluetoothAudioCast Proxy object connected
11-04 10:09:33.017 D/AudioCastProfile(12768): AudioCastProfile Proxy object connected
11-04 10:09:33.018 D/MdnieScenarioControlService( 2661):  packageName : com.android.settings    className : com.android.settings.homepage.SettingsHomepageActivity
11-04 10:09:33.018 V/MdnieScenarioControlService( 2661): setUIMode from UI function(3)
11-04 10:09:33.021 I/SurfaceFlinger( 1801): RequestedLayer [4f05eb7 com.android.settings/com.and[...]mepage.SettingsHomepageActivity#4474] hidden!! flag  from(1) --> to(0)
11-04 10:09:33.021 D/HWUI    (12768): HWUI - treat SMPTE_170M as sRGB
11-04 10:09:33.021 D/SurfaceComposerClient( 3703): setCornerRadius ## Task=98#4466 cornerRadius=114.000000
11-04 10:09:33.021 I/IDS_TAG (12768): Closing IDS observe window
11-04 10:09:33.021 I/IDS_TAG (12768): Getting Shared Preference for com.android.settings.SettingsApplication@d21e2f8 uid = 1000
11-04 10:09:33.021 E/IDS_TAG (12768): System UID: no SharedPreferences here, no IDS
11-04 10:09:33.021 D/ShadeExpansionStateManager( 3703): onPanelExpansionChanged: ShadeExpansionChangeEvent(fraction=0.8320197, expanded=true, tracking=false)
11-04 10:09:33.021 D/PanelSplitOpenAnimator( 3703): onPanelExpansionChanged : 0.8320197 state : 0
11-04 10:09:33.021 D/PanelSplitOpenAnimator( 3703): setPosition : 0.8320197 // true false false 0.0
11-04 10:09:33.021 D/CoreBackPreview( 2661): Window{4f05eb7 u0 com.android.settings/com.android.settings.homepage.SettingsHomepageActivity}: Setting back callback OnBackInvokedCallbackInfo{mCallback=android.window.IOnBackInvokedCallback$Stub$Proxy@a1a44c1, mPriority=-1, mIsAnimationCallback=false, mOverrideBehavior=0}
11-04 10:09:33.022 D/SecQpBlurController( 3703): onPanelExpansionChanged : 0.8320197
11-04 10:09:33.022 D/SecPanelWindowBlurInteractor( 3703): Window Blur:  246  shouldBlockBlur: false isBlurReduced: false  isBackgroundVisible: false
11-04 10:09:33.022 D/SecPanelWindowBlurBinder( 3703): setBlurInfo 246
11-04 10:09:33.022 D/View    ( 3703): semSetBlurInfo, blurInfo : android.view.SemBlurInfo@b428364 {BLUR_MODE_WINDOW, mBlurRadius = 246, mBackgroundBlurColor = 0, mCornerRadiusTL = 0.0, mCornerRadiusTR = 0.0, mCornerRadiusBL = 0.0, mCornerRadiusBR = 0.0, mClipRectLeft = 0, mClipRectTop = 0, mClipRectRight = 2147483647, mClipRectBottom = 2147483647, mColorCurve = android.view.SemBlurInfo$ColorCurve@2b299cd {minX = 14.800589, minY = 33.942684, maxX = 255.0, maxY = 175.76752, curveBias = 9.867059, saturation = 0.24667647}}, com.android.systemui.shade.NotificationShadeWindowView{4f3b5f3 V.E...... .......D 0,0-1080,2640 #7f0a06a4 app:id/legacy_window_root}
11-04 10:09:33.022 D/View    ( 3703): semSetBlurInfo, blurInfo : null, com.android.systemui.blur.SecQSNewBlurView{ded8933 G.E...... ......I. 0,0-0,0 #7f0a0a27 app:id/qs_new_blur}
11-04 10:09:33.022 I/NowBarCardViewModel( 3703): setVisibility visible = 4 / nowBarRootVisibility = 4
11-04 10:09:33.022 I/Settings(12768): getListHorizontalPadding window's width : 360 , window's height : 880
11-04 10:09:33.022 I/Settings(12768): getListHorizontalPadding window's inset left : 0 , window's inset right : 0 , window's inset top : 31 , window's inset bottom : 48
11-04 10:09:33.022 I/Settings(12768): getListHorizontalPadding widthDp : 360 , heightDp : 801 , density : 3.0
11-04 10:09:33.023 W/RefactorFlag( 3703): New code path expects SceneContainerFlag to be enabled.
11-04 10:09:33.023 W/RefactorFlag( 3703): New code path expects SceneContainerFlag to be enabled.
11-04 10:09:33.023 D/SeslAppBarHelper(12768): screenHeight(px)=2402, status=94, navi=144
11-04 10:09:33.024 D/SurfaceComposerClient( 3703): [SEC_SF_EFFECTS] setBlurRegions NotificationShade$_3703#4461 ## {radius=246, cornerRadii=[0.000, 0.000, 0.000, 0.000], alpha=1.000, rect=[0, 0, 1080, 2640], clipRect=[0, 0, 2147483647, 2147483647], colorCurve=[14.800589, 33.942684, 255.000000, 175.767517], curveBias=9.867059, saturation=0.246676, vibrance=[0.000000, (0.000000, 1.000000)], pathData size=0, BlurTint=[(0.000000 0.000000 0.000000) 0.000000, DISABLED]
11-04 10:09:33.025 D/SeslAppBarHelper(12768): screenHeight(px)=2402, status=94, navi=144
11-04 10:09:33.025 I/WindowManager( 2661): Relayout Window{4f05eb7 u0 com.android.settings/com.android.settings.homepage.SettingsHomepageActivity}: viewVisibility=0 req=1080x2640 ty=1 d0
11-04 10:09:33.025 I/SurfaceFlinger( 1801): id=4475 createSurf, flag=44004, com.android.settings/com.android.settings.homepage.SettingsHomepageActivity$_12768#4475
11-04 10:09:33.026 D/WindowManager( 2661): makeSurface duration=0 name=com.android.settings/com.android.settings.homepage.SettingsHomepageActivity$_12768
11-04 10:09:33.026 D/SurfaceComposerClient( 2661): setCornerRadius ## 964c6c7 Splash Screen com.android.settings#4468 cornerRadius=0.000000
11-04 10:09:33.026 D/SurfaceComposerClient( 2661): setCornerRadius ## 4f05eb7 com.android.settings/com.android.settings.homepage.SettingsHomepageActivity#4474 cornerRadius=0.000000
11-04 10:09:33.026 D/SurfaceComposerClient( 2661): setCornerRadius ## 964c6c7 Splash Screen com.android.settings#4468 cornerRadius=0.000000
11-04 10:09:33.026 D/SurfaceComposerClient( 2661): setCornerRadius ## 4f05eb7 com.android.settings/com.android.settings.homepage.SettingsHomepageActivity#4474 cornerRadius=0.000000
11-04 10:09:33.026 D/WindowManager( 2661): Changing focus from null to Window{4f05eb7 u0 com.android.settings/com.android.settings.homepage.SettingsHomepageActivity} displayId=0 Callers=com.android.server.wm.WindowManagerService.relayoutWindow:1359 com.android.server.wm.Session.relayout:27 android.view.IWindowSession$Stub.onTransact:829 com.android.server.wm.Session.onTransact:1 
11-04 10:09:33.026 I/WindowManager( 2661): Cancelling animation restarting=true, leash=Surface(name=Surface(name=a128066 NavigationBar0)/@0xf5097bc - animation-leash of insets_animation)/@0xb381ea8
11-04 10:09:33.026 I/WindowManager( 2661): Reparenting to original parent: Surface(name=WindowToken{f57f0c1 type=2019 android.os.BinderProxy@a4901cb})/@0xaf41345, destroy=false, surface=Surface(name=a128066 NavigationBar0)/@0xf5097bc
11-04 10:09:33.026 I/WindowManager( 2661): Reparenting to leash, surface=Surface(name=a128066 NavigationBar0)/@0xf5097bc, leashParent=Surface(name=WindowToken{f57f0c1 type=2019 android.os.BinderProxy@a4901cb})/@0xaf41345
11-04 10:09:33.026 I/SurfaceFlinger( 1801): id=4476 createSurf, flag=24000, Surface(name=a128066 NavigationBar0)/@0xf5097bc - animation-leash of insets_animation#4476
