11-04 10:09:24.744 D/SecQSCommonTileView( 3703): handleStateChanged state.spec = Wifi, parent = com.android.systemui.qs.tileimpl.NoLabelTileView{785accc VFE...CL. ......I. 0,0-0,0}, iconFrame = @7b8259 V, icon = @23ce1e V, common = @14016ff
11-04 10:09:24.744 D/SemInsManager( 2661): {"bssid": "015c84fd6295","rssi": -58.0,"latency": 0.0,"outage_count": 0,"lq_callback_triggered": true,"outage_log": "Unreliable statistics: -58.0 / 0 / 60 / 3 / 0 || 015c84fd6295: 0.000 / 0.000 / @ || N N / 0 0 / Y 2.0 / Y X 0 / 11273753 0 || Invalid""Magnetic Sensor Events size": "0""Pressure Sensor Events size": "0"}
11-04 10:09:24.745 D/SecQSCommonTileView( 3703): handleStateChanged state.spec = Wifi, parent = LargeTileView{@afb467a, #7f0a0df0, app:id/tile_label V, label = @afb467a, #7f0a0df0, app:id/tile_label V, iconFrame = @8d25e2b V, icon = @a856288 V, common = @c009421}, labelContainer = @88cf6c6, #7f0a0661, app:id/label_group V, label = @afb467a, #7f0a0df0, app:id/tile_label V, iconFrame = @8d25e2b V, icon = @a856288 V, common = @c009421
11-04 10:09:24.746 D/SubRoomQsTileBaseView( 3703): updateSubscreenTileStroke
11-04 10:09:25.134 D/WifiConnectivityMonitor.DnsThread( 2661):  [|209]
11-04 10:09:25.136 D/WifiConnectivityMonitor.NetworkStatsAnalyzer( 2661): DNS resultType : 0, responseTime : 209
11-04 10:09:25.136 D/OpenNetworkQos[4.00]( 2661): updateBssidLatestDnsResultType - result: 0
11-04 10:09:25.136 D/OpenNetworkQos[4.00]( 2661): updateBssidNoInternet: mBssidNoInternet = false
11-04 10:09:25.136 D/OpenNetworkQos[4.00]( 2661): getOpenNetworkQosNoInternetStatus: false
11-04 10:09:25.136 D/OpenNetworkQos[4.00]( 2661): getOpenNetworkQosScores: 30 30 0 
11-04 10:09:25.137 D/KNOX_MDM_SettingsProvider( 2661): isChangeAllowed() : name = wifi_wcm_qos_sharing_score_summary
11-04 10:09:25.138 I/WifiProfileShare( 2661): network QoS data was changed (internet), updateQoSData networkType: true, qosData: false
11-04 10:09:25.138 V/WifiProfileShare.Caster( 2661): update wips network, size: 0
11-04 10:09:25.138 D/WifiProfileShare( 2661): nearby scanning settings run
11-04 10:09:25.139 D/WifiProfileShare( 2661): network score provider settings disabled
11-04 10:09:25.139 V/WifiProfileShare.Caster( 2661): checkAndGetShareData - not exist network rating provider
11-04 10:09:25.139 D/WifiProfileShare.ScanMatcher( 2661): getMcfDataList size:9
11-04 10:09:25.139 I/WifiProfileShare.Caster( 2661): qos data was updated , before:null after:null
11-04 10:09:25.140 I/[MCFSDK_android_1.3.7026]_4_McfCasterImpl( 2661): isNetworkEnabled - type : 1 ret : true
11-04 10:09:25.140 D/WifiProfileShare.McfCast( 2661): -ME--- mIsNetworkEnabled :true
11-04 10:09:25.140 D/WifiProfileShare.MCF( 2661): stop sharing QosData, invalid data
11-04 10:09:25.140 I/[MCFSDK_android_1.3.7026]_4_McfCasterImpl( 2661): isNetworkEnabled - type : 1 ret : true
11-04 10:09:25.140 D/WifiProfileShare.McfCast( 2661): -ME--- mIsNetworkEnabled :true
11-04 10:09:25.140 D/WifiProfileShare.McfCast( 2661): -ME--- updatePasswordDate pwdData size:9
11-04 10:09:25.222 D/io_stats( 1233): !@   8,0 r 390373 18246000 w 267147 8493928 d 28620 6654292 f 16547 27911 iot 144516 0 th 0 0 0 pt 0 inp 0 0 11274.234
11-04 10:09:25.429 I/SemWifiServiceDetector( 2661): Service det. suspended: T / T / 10903
11-04 10:09:25.430 I/SemWifiCtlFeatureMediator( 2661): Trf ratio: 0.0% (0.00 / 98.11) v ( NR) || Query: BW true (false) 1.0 1.0 1.0 / NSS true (true) 1.1 2.0 1.0 
11-04 10:09:25.528 E/HeatmapThread( 1790): ECT Thread time in milliseconds: 1762272565
11-04 10:09:25.534 D/HeatmapThread( 1790): !@ batteryplugType : 2
11-04 10:09:25.535 D/HeatmapThread( 1790): !@ batteryLevel : 100  batteryTemperature : 295 
11-04 10:09:25.535 D/HeatmapThread( 1790): !@ Heatmap currtime: 29371209
11-04 10:09:25.535 D/HeatmapThread( 1790): !@ Heatmap prevtime: 29371201
11-04 10:09:25.536 D/HeatmapThread( 1790): !@ Heatmap plugstarttime: 29371083
11-04 10:09:25.536 D/HeatmapThread( 1790): !@ Heatmap prevv_dsoh_update_time: 29371186
11-04 10:09:25.536 E/HeatmapThread( 1790): !@ CAM New BSOH: 98
11-04 10:09:25.537 E/HeatmapThread( 1790): !@ CAM is Working
11-04 10:09:25.844 I/vendor.qti.bluetooth@1.1-ibs_handler( 1685): ProcessIbsCmd: Received IBS_WAKE_IND: 0xFD
11-04 10:09:25.845 D/vendor.qti.bluetooth@1.1-ibs_handler( 1685): SerialClockVote: vote for UART CLK ON
11-04 10:09:25.845 D/vendor.qti.bluetooth@1.1-wake_lock( 1685): Acquire wakelock is acquired 
11-04 10:09:25.845 I/vendor.qti.bluetooth@1.1-ibs_handler( 1685): ProcessIbsCmd: Writing IBS_WAKE_ACK
11-04 10:09:25.855 I/ScanController( 3956): onScanResult to scannerId: 6- eventType=0x10, addressType=1, address=XX:XX:XX:XX:D9:93, primaryPhy=1, secondaryPhy=0, advertisingSid=0xff, txPower=127, rssi=-77, periodicAdvInt=0x0
11-04 10:09:25.898 I/vendor.qti.bluetooth@1.1-ibs_handler( 1685): ProcessIbsCmd: Received IBS_SLEEP_IND: 0xFE
11-04 10:09:25.898 D/vendor.qti.bluetooth@1.1-ibs_handler( 1685): SerialClockVote: vote for UART CLK OFF
11-04 10:09:26.049 I/sensors-hal( 1695): handle_sns_client_event:197, auto_rotation_debug_2 mode,255, type,1,0 acc,-2.039,0.115,9.586, ar,0, h_ic,0,0, s,2, ver,14, pedo,1,e,1,i,3
11-04 10:09:26.050 D/vendor.qti.bluetooth@1.1-wake_lock( 1685): Release wakelock is released 
11-04 10:09:26.296 D/PerProcessNandswap$NandswapHandler( 2661): nandswap start for activity com.wuliang.xapkinstaller(pid 10906) action:9 adj:850 type:3
11-04 10:09:26.526 E/HeatmapThread( 1790): ECT Thread time in milliseconds: 1762272566
11-04 10:09:26.532 D/HeatmapThread( 1790): !@ batteryplugType : 2
11-04 10:09:26.532 D/HeatmapThread( 1790): !@ batteryLevel : 100  batteryTemperature : 295 
11-04 10:09:26.532 D/HeatmapThread( 1790): !@ Heatmap currtime: 29371209
11-04 10:09:26.532 D/HeatmapThread( 1790): !@ Heatmap prevtime: 29371201
11-04 10:09:26.532 D/HeatmapThread( 1790): !@ Heatmap plugstarttime: 29371083
11-04 10:09:26.533 D/HeatmapThread( 1790): !@ Heatmap prevv_dsoh_update_time: 29371186
11-04 10:09:26.533 E/HeatmapThread( 1790): !@ CAM New BSOH: 98
11-04 10:09:26.534 E/HeatmapThread( 1790): !@ CAM is Working
11-04 10:09:26.771 I/wpa_supplicant( 4642): Heartbeat 1125
11-04 10:09:26.882 D/PerProcessNandswapNative( 2661): enable WriteBooster
11-04 10:09:26.911 D/PerProcessNandswap$NandswapHandler( 2661): nandswap end for activity com.wuliang.xapkinstaller(pid 10906) ret:38865055744 adj:850
11-04 10:09:27.224 D/io_stats( 1233): !@   8,0 r 390373 18246000 w 267343 8544104 d 28620 6654292 f 16547 27911 iot 144528 0 th 0 0 0 pt 0 inp 0 0 11276.237
11-04 10:09:27.225 D/io_stats( 1233): !@ Write_top(KB): kworker/u16:0(10378) 24676 kworker/u16:4(32728) 19968 kworker/u16:2(6768) 5888
11-04 10:09:27.525 E/HeatmapThread( 1790): ECT Thread time in milliseconds: 1762272567
11-04 10:09:27.532 D/HeatmapThread( 1790): !@ batteryplugType : 2
11-04 10:09:27.532 D/HeatmapThread( 1790): !@ batteryLevel : 100  batteryTemperature : 295 
11-04 10:09:27.532 D/HeatmapThread( 1790): !@ Heatmap currtime: 29371209
11-04 10:09:27.532 D/HeatmapThread( 1790): !@ Heatmap prevtime: 29371201
11-04 10:09:27.532 D/HeatmapThread( 1790): !@ Heatmap plugstarttime: 29371083
11-04 10:09:27.532 D/HeatmapThread( 1790): !@ Heatmap prevv_dsoh_update_time: 29371186
11-04 10:09:27.532 E/HeatmapThread( 1790): !@ CAM New BSOH: 98
11-04 10:09:27.532 E/HeatmapThread( 1790): !@ CAM is Working
11-04 10:09:27.554 I/vendor.qti.bluetooth@1.1-ibs_handler( 1685): ProcessIbsCmd: Received IBS_WAKE_IND: 0xFD
11-04 10:09:27.554 D/vendor.qti.bluetooth@1.1-ibs_handler( 1685): SerialClockVote: vote for UART CLK ON
11-04 10:09:27.554 D/vendor.qti.bluetooth@1.1-wake_lock( 1685): Acquire wakelock is acquired 
11-04 10:09:27.555 I/vendor.qti.bluetooth@1.1-ibs_handler( 1685): ProcessIbsCmd: Writing IBS_WAKE_ACK
11-04 10:09:27.563 I/ScanController( 3956): onScanResult to scannerId: 6- eventType=0x10, addressType=1, address=XX:XX:XX:XX:D9:93, primaryPhy=1, secondaryPhy=0, advertisingSid=0xff, txPower=127, rssi=-70, periodicAdvInt=0x0
11-04 10:09:27.602 I/vendor.qti.bluetooth@1.1-ibs_handler( 1685): ProcessIbsCmd: Received IBS_SLEEP_IND: 0xFE
11-04 10:09:27.602 D/vendor.qti.bluetooth@1.1-ibs_handler( 1685): SerialClockVote: vote for UART CLK OFF
11-04 10:09:27.604 I/vendor.qti.bluetooth@1.1-ibs_handler( 1685): ProcessIbsCmd: Received IBS_WAKE_IND: 0xFD
11-04 10:09:27.604 D/vendor.qti.bluetooth@1.1-ibs_handler( 1685): SerialClockVote: vote for UART CLK ON
11-04 10:09:27.605 I/vendor.qti.bluetooth@1.1-ibs_handler( 1685): ProcessIbsCmd: Writing IBS_WAKE_ACK
11-04 10:09:27.613 I/ScanController( 3956): onScanResult to scannerId: 6- eventType=0x10, addressType=1, address=XX:XX:XX:XX:5A:0A, primaryPhy=1, secondaryPhy=0, advertisingSid=0xff, txPower=127, rssi=-36, periodicAdvInt=0x0
11-04 10:09:27.615 I/NearbyConnections( 4679): Found BleAdvertisement [ 0x23 0x47 0x4a 0x4c 0x34 0x11 0x32 0xae 0xfd 0xf4 0x51 0xfb 0xbd 0x64 0x28 0x01 0xd9 0xcc 0x93 0xe0 0x76 0x32 0x24 ] (with EndpointId GJL4 and EndpointInfo [ 0x32 0xae 0xfd 0xf4 0x51 0xfb 0xbd 0x64 0x28 0x01 0xd9 0xcc 0x93 0xe0 0x76 0x32 0x24 ])
11-04 10:09:27.616 I/NearbyConnections( 4679): ClientProxy(132068617 0p:com.google.android.gms.nearby.sharing) reporting onEndpointFound(GJL4)
11-04 10:09:27.617 I/NearbyConnections( 4679): ClientProxy(132068617) reporting onEndpointDistanceChanged(GJL4, UNKNOWN)
11-04 10:09:27.618 I/NearbySharing( 4679): NearbySharing Internal event EndpointDiscovered(endpointId=GJL4)
11-04 10:09:27.650 I/vendor.qti.bluetooth@1.1-ibs_handler( 1685): ProcessIbsCmd: Received IBS_SLEEP_IND: 0xFE
11-04 10:09:27.651 D/vendor.qti.bluetooth@1.1-ibs_handler( 1685): SerialClockVote: vote for UART CLK OFF
11-04 10:09:27.764 D/SemWifiUsabilityStatsMonitor( 2661): onWifiUsabilityStats - seqNum 3710, isSameBssidAndFreq true
11-04 10:09:27.764 D/InsDataManager( 2661): onOutageCountUpdate() - Outage Data: 0, LQ : Y. Outage Triggered: false
11-04 10:09:27.764 D/InsDataManager( 2661): Trying to save initial normal data.
11-04 10:09:27.765 D/SensorCollector( 2661): syncMappedBuffers: 0, 0, 0
11-04 10:09:27.765 D/InsDataManager( 2661): trimBuffers start.
11-04 10:09:27.765 D/InsDataManager( 2661): trimBuffers - nsmBuffer size: 26
11-04 10:09:27.765 D/InsDataManager( 2661): Too short for collecting additional normal data
11-04 10:09:27.766 D/SemInsManager( 2661): {"bssid": "015c84fd6295","rssi": -59.0,"latency": 0.0,"outage_count": 0,"lq_callback_triggered": true,"outage_log": "Unreliable statistics: -59.0 / 3 / 285 / 10 / 0 || 015c84fd6295: 0.000 / 0.000 / @ || N N / 0 0 / Y 2.0 / Y X 0 / 11276776 0 || Invalid""Magnetic Sensor Events size": "0""Pressure Sensor Events size": "0"}
11-04 10:09:27.766 D/Tile.WifiTile( 3703): handleUpdateState isTransient=false transientEnabling =false cb.isTransient=false state.state = 2 mStateBeforeClick.value =false enabled =true
11-04 10:09:27.767 D/SecQSCommonTileView( 3703): handleStateChanged state.spec = Wifi, parent = com.android.systemui.qs.tileimpl.NoLabelTileView{785accc VFE...CL. ......I. 0,0-0,0}, iconFrame = @7b8259 V, icon = @23ce1e V, common = @14016ff
11-04 10:09:27.768 D/SecQSCommonTileView( 3703): handleStateChanged state.spec = Wifi, parent = LargeTileView{@afb467a, #7f0a0df0, app:id/tile_label V, label = @afb467a, #7f0a0df0, app:id/tile_label V, iconFrame = @8d25e2b V, icon = @a856288 V, common = @c009421}, labelContainer = @88cf6c6, #7f0a0661, app:id/label_group V, label = @afb467a, #7f0a0df0, app:id/tile_label V, iconFrame = @8d25e2b V, icon = @a856288 V, common = @c009421
11-04 10:09:27.768 D/SubRoomQsTileBaseView( 3703): updateSubscreenTileStroke
11-04 10:09:27.803 D/vendor.qti.bluetooth@1.1-wake_lock( 1685): Release wakelock is released 
11-04 10:09:28.256 E/SQLiteLog(24991): (10) POSIX Error : 11 SQLite Error : 3850
11-04 10:09:28.256 E/SQLiteLog(24991): (10) LOCK : Getting pending lock for (1) failed due to (11). The current owner is (-1431655766).
11-04 10:09:28.334 I/StatsHandler( 1731): [vp9D_164] Stats: Pending(0) i/p-done(0) Works: Q: 33/Done 26|Work-Rate: Q(0.0/s Avg=0.3/s) Done(0.000/s Avg=0.208/s)| Stream: 30.30fps 2.0Mbps
11-04 10:09:28.334 I/StatsHandler( 1731): [vp9D_164] Mem-usage:  [In-1D: 11 bufs 88.000 MB] [1D-159: 35 bufs 0.547 MB] [2D-160: 24 bufs 29.812 MB] | Total: 118.359 MB
11-04 10:09:28.334 I/StatsHandler( 1731): [vp9D_167] Stats: Pending(0) i/p-done(0) Works: Q: 24/Done 23|Work-Rate: Q(0.0/s Avg=0.2/s) Done(0.000/s Avg=0.221/s)| Stream: 24.39fps 425.2Kbps
11-04 10:09:28.334 I/StatsHandler( 1731): [vp9D_167] Mem-usage:  [In-1D: 5 bufs 40.000 MB] [1D-165: 27 bufs 0.422 MB] [2D-166: 22 bufs 31.281 MB] | Total: 71.703 MB
11-04 10:09:28.334 I/StatsHandler( 1731): [hvcD_168] Stats: Pending(0) i/p-done(0) Works: Q: 1/Done 1|Work-Rate: Q(0.0/s Avg=0.0/s) Done(0.000/s Avg=0.011/s)| Stream: 30.00fps 0.0Kbps
11-04 10:09:28.334 I/StatsHandler( 1731): [hvcD_168] Mem-usage:  [In-1D: 1 bufs 8.000 MB] [1D-167: 1 bufs 0.016 MB] | Total: 8.016 MB
11-04 10:09:28.438 I/SemWifiCtlFeatureMediator( 2661): Trf ratio: 0.0% (0.00 / 98.11) v ( NR) || Query: BW true (false) 1.0 1.0 1.0 / NSS true (true) 1.1 2.0 1.0 
11-04 10:09:28.438 D/wpa_sslib( 4642): value for nss and chains 2 2
11-04 10:09:28.440 I/wpa_sslib( 4642): oem_data_cmd=59
11-04 10:09:28.442 D/SemWifiResourceManager( 2661): setTxMode: Tx Mode = 0, Switch required = false, Granted = true, TxModeReduced = false, avgTxMbps = 0.001, avgRxMbps = 0.003, peakTxMbps = 0.008, peakRxMbps = 0.024, AvgRssi = -57, AvgCu = 9
11-04 10:09:28.526 E/HeatmapThread( 1790): ECT Thread time in milliseconds: 1762272568
11-04 10:09:28.533 D/HeatmapThread( 1790): !@ batteryplugType : 2
11-04 10:09:28.533 D/HeatmapThread( 1790): !@ batteryLevel : 100  batteryTemperature : 295 
11-04 10:09:28.533 D/HeatmapThread( 1790): !@ Heatmap currtime: 29371209
11-04 10:09:28.534 D/HeatmapThread( 1790): !@ Heatmap prevtime: 29371201
11-04 10:09:28.534 D/HeatmapThread( 1790): !@ Heatmap plugstarttime: 29371083
11-04 10:09:28.534 D/HeatmapThread( 1790): !@ Heatmap prevv_dsoh_update_time: 29371186
11-04 10:09:28.534 E/HeatmapThread( 1790): !@ CAM New BSOH: 98
11-04 10:09:28.535 E/HeatmapThread( 1790): !@ CAM is Working
11-04 10:09:28.618 E/BatteryStatsService( 2661): Invalid uid for waking network packet: -1
11-04 10:09:29.179 I/sensors-hal( 1695): handle_sns_client_event:159, auto_rotation_event_2 event,0, duration,105, ts,11278190111166, ts_diff,1175104
11-04 10:09:29.179 I/sensors-hal( 1695): handle_sns_client_event:170, auto_rotation_debug_2 acc,-1.082,8.753,7.250, ar,0, h_ic,0,0, s,2, ver,14, pedo,1,e,1,i,3
11-04 10:09:29.180 D/WindowOrientationListener( 2661): onSensorChanged device orientation: 0
11-04 10:09:29.181 I/WindowManager( 2661): getCoverScreenRotation 0, sensor= 0, isFlat=false, isDual=false
11-04 10:09:29.180 D/AppController( 3703): AppControlSensorListener.onSensorChanged, Rotation: 0
11-04 10:09:29.183 V/WindowManager( 2661): Computed rotation=ROTATION_0 (0) for display id=1 based on lastOrientation=SCREEN_ORIENTATION_NOSENSOR (5) and oldRotation=ROTATION_0 (0), caller=com.android.server.wm.WindowManagerService.updateRotationUnchecked:72 com.android.server.wm.DisplayRotation$OrientationListener.onProposedRotationChanged:335 com.android.server.wm.WindowOrientationListener$OrientationSensorJudge.finalizeRotation:26 com.android.server.wm.WindowOrientationListener$OrientationSensorJudge.onSensorChanged:401 android.hardware.SystemSensorManager$SensorEventQueue.dispatchSensorEvent:1142 android.os.MessageQueue.nativePollOnce:-2 
11-04 10:09:29.183 V/WindowManager( 2661): Computed rotation=ROTATION_0 (0) for display id=0 based on lastOrientation=SCREEN_ORIENTATION_NOSENSOR (5) and oldRotation=ROTATION_0 (0), caller=com.android.server.wm.WindowManagerService.updateRotationUnchecked:72 com.android.server.wm.DisplayRotation$OrientationListener.onProposedRotationChanged:335 com.android.server.wm.WindowOrientationListener$OrientationSensorJudge.finalizeRotation:26 com.android.server.wm.WindowOrientationListener$OrientationSensorJudge.onSensorChanged:401 android.hardware.SystemSensorManager$SensorEventQueue.dispatchSensorEvent:1142 android.os.MessageQueue.nativePollOnce:-2 
11-04 10:09:29.228 D/io_stats( 1233): !@   8,0 r 390449 18265456 w 267368 8544184 d 28620 6654292 f 16552 27917 iot 144588 0 th 0 0 0 pt 0 inp 0 0 11278.240
11-04 10:09:29.525 E/HeatmapThread( 1790): ECT Thread time in milliseconds: 1762272569
11-04 10:09:29.532 D/HeatmapThread( 1790): !@ batteryplugType : 2
11-04 10:09:29.532 D/HeatmapThread( 1790): !@ batteryLevel : 100  batteryTemperature : 295 
11-04 10:09:29.532 D/HeatmapThread( 1790): !@ Heatmap currtime: 29371209
11-04 10:09:29.533 D/HeatmapThread( 1790): !@ Heatmap prevtime: 29371201
11-04 10:09:29.533 D/HeatmapThread( 1790): !@ Heatmap plugstarttime: 29371083
11-04 10:09:29.533 D/HeatmapThread( 1790): !@ Heatmap prevv_dsoh_update_time: 29371186
11-04 10:09:29.533 E/HeatmapThread( 1790): !@ CAM New BSOH: 98
11-04 10:09:29.533 E/HeatmapThread( 1790): !@ CAM is Working
11-04 10:09:29.557 I/vendor.qti.bluetooth@1.1-ibs_handler( 1685): ProcessIbsCmd: Received IBS_WAKE_IND: 0xFD
11-04 10:09:29.557 D/vendor.qti.bluetooth@1.1-ibs_handler( 1685): SerialClockVote: vote for UART CLK ON
11-04 10:09:29.558 D/vendor.qti.bluetooth@1.1-wake_lock( 1685): Acquire wakelock is acquired 
11-04 10:09:29.558 I/vendor.qti.bluetooth@1.1-ibs_handler( 1685): ProcessIbsCmd: Writing IBS_WAKE_ACK
11-04 10:09:29.568 I/ScanController( 3956): onScanResult to scannerId: 6- eventType=0x10, addressType=1, address=XX:XX:XX:XX:D9:93, primaryPhy=1, secondaryPhy=0, advertisingSid=0xff, txPower=127, rssi=-75, periodicAdvInt=0x0
11-04 10:09:29.608 I/vendor.qti.bluetooth@1.1-ibs_handler( 1685): ProcessIbsCmd: Received IBS_SLEEP_IND: 0xFE
11-04 10:09:29.608 D/vendor.qti.bluetooth@1.1-ibs_handler( 1685): SerialClockVote: vote for UART CLK OFF
11-04 10:09:29.759 D/vendor.qti.bluetooth@1.1-wake_lock( 1685): Release wakelock is released 
11-04 10:09:30.213 D/InputReader( 2661): Btn_touch(3): value=1 when=11279.225302
11-04 10:09:30.213 I/InputReader( 2661): Touch event's action is 0x0 (id=9, t=0) [pCnt=1, s=0.700 ] when=11279.225302
11-04 10:09:30.217 I/InputDispatcher( 2661): Delivering touch to (3703): action: 0x4, f=0x0, d=0, 'a128066', t=1 
11-04 10:09:30.217 I/InputDispatcher( 2661): Delivering touch to (4360): action: 0x0, f=0x0, d=0, 'fe3d3fd', t=1 
11-04 10:09:30.218 D/PowerManagerService( 2661): [api] userActivityFromNative : touch displayId=0 eventTime=11279225
11-04 10:09:30.219 D/PowerManagerService( 2661): UserActivityStateListenerState: 1
11-04 10:09:30.219 D/PowerManagerService( 2661): UserActivityState : 4 -> 1 groupId=0
11-04 10:09:30.219 D/PowerManagerService( 2661): displayReady: false groupId=0
11-04 10:09:30.221 I/GestureDetector( 2661): obtain mCurrentDownEvent. id: 188187817 caller: com.android.server.wm.SystemGesturesPointerEventListener.onPointerEvent:17 com.android.server.wm.PointerEventDispatcher.onInputEvent:51 android.view.InputEventReceiver.dispatchInputEvent:392 
11-04 10:09:30.221 I/GestureDetector( 2661): obtain mCurrentDownEvent. id: 188187817 caller: com.android.server.wm.SystemPerformancePointerEventListener.onPointerEvent:13 com.android.server.wm.PointerEventDispatcher.onInputEvent:51 android.view.InputEventReceiver.dispatchInputEvent:392 
11-04 10:09:30.221 I/VRI[LauncherActivity]@8022818( 4360): ViewPostIme pointer 0
11-04 10:09:30.222 I/GestureDetector( 2661): obtain mCurrentMotionEventRaw. action: 2 id: 373063104
11-04 10:09:30.222 I/GestureDetector( 2661): obtain mCurrentMotionEventRaw. action: 2 id: 373063104
11-04 10:09:30.222 I/HoneySpace.AppscreenContainerView( 4360): findActiveTouchController ev = 0
11-04 10:09:30.222 D/DisplayPowerController[0]( 2661): animateScreenStateChange: target=ON, mIsEnabled=true
11-04 10:09:30.222 I/HoneySpace.AppscreenHomeTouchController( 4360): onControllerInterceptTouchEvent ev = 0
11-04 10:09:30.222 I/HoneySpace.AppscreenHomeTouchController( 4360): canIntercept = true
11-04 10:09:30.223 W/DisplayPowerController[0]( 2661): Animating brightness: target=315(1.24), rate=5.000, reason=manual[197] -> scale_factor[315]
11-04 10:09:30.223 I/HoneySpace.ApplistFastRecyclerView( 4360): dispatchTouchEvent() event.action=0
11-04 10:09:30.223 I/HoneySpace.ApplistFastRecyclerView( 4360): processDownMotionEvent, index = 0, id = 0
11-04 10:09:30.223 I/HoneySpace.ApplistFastRecyclerView( 4360): initTouchPoint, index = 0, id = 0
11-04 10:09:30.223 I/HoneySpace.ApplistFastRecyclerView( 4360): processDownMotionEvent, index = 0, id = 0
11-04 10:09:30.224 I/VRI[LauncherActivity]@8022818( 4360): call setFrameRateCategory for touch hint category=high hint, reason=touch, vri=VRI[LauncherActivity]@8022818
11-04 10:09:30.224 I/VSyncReactor( 1801): Current= 120, Period= 120, Distance= 0
11-04 10:09:30.224 D/DisplayManagerService( 2661): handleBrightnessAnimation: started=true
11-04 10:09:30.224 D/RefreshRateModeManager( 2661): set fix=3, brightness=19, lux=181.0, mIsWirelessCharging=false
11-04 10:09:30.225 D/RefreshRateModeManager( 2661): setPassiveMode=true, brightness=19, lux=181.0, PassiveModeToken=true
11-04 10:09:30.225 D/SurfaceControl( 2661): notifyHFRmode, displayToken=android.os.BinderProxy@db48431, hfrMode=REFRESH_RATE_MODE_PASSIVE
11-04 10:09:30.226 I/SurfaceFlinger( 1801): [4630946564756762243] HFR mode : 3
11-04 10:09:30.226 I/RefreshRateModeManager( 2661): Schedule to change HFRmode=REFRESH_RATE_MODE_PASSIVE, mDisplayToken=android.os.BinderProxy@db48431
11-04 10:09:30.226 I/RefreshRateModeManager( 2661):     -1:
11-04 10:09:30.226 I/RefreshRateModeManager( 2661):       PRIORITY_REFRESH_RATE_MODE -> CombinedVote{ mVotes=[PhysicalVote{ RefreshRateVote{  mMinRefreshRate=10.0, mMaxRefreshRate=120.0 } }, DisableRefreshRateSwitchingVote{ mDisableRefreshRateSwitching=false }] }
11-04 10:09:30.226 I/RefreshRateModeManager( 2661):     0:
11-04 10:09:30.226 I/RefreshRateModeManager( 2661):       PRIORITY_USER_SETTING_PEAK_RENDER_FRAME_RATE -> RenderVote{ RefreshRateVote{  mMinRefreshRate=0.0, mMaxRefreshRate=120.0 } }
11-04 10:09:30.226 I/RefreshRateModeManager( 2661):       PRIORITY_USER_SETTING_PEAK_REFRESH_RATE -> CombinedVote{ mVotes=[PhysicalVote{ RefreshRateVote{  mMinRefreshRate=0.0, mMaxRefreshRate=120.0 } }, DisableRefreshRateSwitchingVote{ mDisableRefreshRateSwitching=false }] }
11-04 10:09:30.226 I/RefreshRateModeManager( 2661):       PRIORITY_USER_SETTING_MIN_RENDER_FRAME_RATE -> RenderVote{ RefreshRateVote{  mMinRefreshRate=0.0, mMaxRefreshRate=Infinity } }
11-04 10:09:30.226 I/RefreshRateModeManager( 2661):     1:
11-04 10:09:30.226 I/RefreshRateModeManager( 2661):       PRIORITY_USER_SETTING_PEAK_RENDER_FRAME_RATE -> RenderVote{ RefreshRateVote{  mMinRefreshRate=0.0, mMaxRefreshRate=120.0 } }
11-04 10:09:30.226 I/RefreshRateModeManager( 2661):       PRIORITY_USER_SETTING_PEAK_REFRESH_RATE -> CombinedVote{ mVotes=[PhysicalVote{ RefreshRateVote{  mMinRefreshRate=0.0, mMaxRefreshRate=120.0 } }, DisableRefreshRateSwitchingVote{ mDisableRefreshRateSwitching=false }] }
11-04 10:09:30.226 I/RefreshRateModeManager( 2661):       PRIORITY_USER_SETTING_MIN_RENDER_FRAME_RATE -> RenderVote{ RefreshRateVote{  mMinRefreshRate=0.0, mMaxRefreshRate=Infinity } }
11-04 10:09:30.226 I/RefreshRateModeManager( 2661): 
11-04 10:09:30.226 I/RefreshRateModeManager( 2661):  mModeSwitchingType: SWITCHING_TYPE_WITHIN_GROUPS mAlwaysRespectAppRequest: false
11-04 10:09:30.226 I/RefreshRateModeManager( 2661):  Current Mode mReportedRefreshRateMode(toSurfaceFlinger)=REFRESH_RATE_MODE_PASSIVE, mRefreshRateMode(fromSettings)=REFRESH_RATE_MODE_SEAMLESS
11-04 10:09:30.226 I/RefreshRateModeManager( 2661):  BrightnessState mPassive=true, PassiveModeToken=true, mLfd=3, mBrightness=19, mAmbientLux=181.0, mIsWirelessCharing=false
11-04 10:09:30.226 I/RefreshRateTokenController( 2661): Adding refreshRateToken={ RefreshRateToken[->PassiveModeToken:BrightnessAnim, acquire at 11279237 (1 ms ago)}, caller=com.android.server.display.mode.RefreshRateController.createPassiveModeToken:33 com.android.server.display.DisplayManagerService$$ExternalSyntheticLambda1.accept:365 com.android.server.display.DisplayPowerController.animateScreenBrightness:263 com.android.server.display.DisplayPowerController.updatePowerStateInternal:2573 com.android.server.display.DisplayPowerController.updatePowerState:9 
11-04 10:09:30.227 I/SurfaceFlinger( 1801): SFWD update time=11279239524082
11-04 10:09:30.227 I/SurfaceFlinger( 1801): [com.sec.android.app.launcher/com.sec.android.app.launcher.activities.LauncherActivity$_4360#4402] setFrameRateCategory: HighHint
11-04 10:09:30.227 I/HoneySpace.AppscreenContainerView( 4360): findActiveTouchController ev = 2
11-04 10:09:30.227 I/HoneySpace.AppscreenHomeTouchController( 4360): onControllerInterceptTouchEvent ev = 2
11-04 10:09:30.227 I/HoneySpace.ApplistFastRecyclerView( 4360): updateIsBeingDraggedOnTouchDown touchSlop:24, diff:0, moved:false, useLongTouchSlop:false
11-04 10:09:30.229 I/MdnieScenarioControlService( 2661): action  :  com.samsung.server.PowerManagerService.action.USER_ACTIVITY
11-04 10:09:30.229 D/PowerManagerService( 2661): [api] setScreenDimDurationOverrideFromSqdInternal: mScreenDimDurationOverrideFromSQD: -1
11-04 10:09:30.228 I/SemDvfsHyPerManager( 6400): acquire hyper - TATouchBoost/6400@30, type = -999
11-04 10:09:30.230 I/SemDvfsHyPerManager( 6400): acquire hyper - TA_TOUCH_SHARE/6400@31, type = -999
11-04 10:09:30.230 I/HYPER-HAL( 1703): [RequestManager.cpp]acquire(): Acquired ID : 20675695  [6400 / 30]    HINT :      list : [TABoost / 1] [TIMEOUT / 1500] 
11-04 10:09:30.231 I/HYPER-HAL( 1703): [RequestManager.cpp]acquire(): Acquired ID : 20682127  [6400 / 31]    HINT : TA_TOUCH_SHARE    list : [TIMEOUT / 1500] 
11-04 10:09:30.232 I/VSyncReactor( 1801): Current= 120, Period= 120, Distance= 120
11-04 10:09:30.235 I/HoneySpace.AppscreenContainerView( 4360): findActiveTouchController ev = 2
11-04 10:09:30.235 I/HoneySpace.AppscreenHomeTouchController( 4360): onControllerInterceptTouchEvent ev = 2
11-04 10:09:30.236 I/HoneySpace.ApplistFastRecyclerView( 4360): updateIsBeingDraggedOnTouchDown touchSlop:24, diff:0, moved:false, useLongTouchSlop:false
11-04 10:09:30.247 D/DisplayPowerController[0]( 2661): saveBrightnessInfo: brt:0.772549 adjBrt:1.2360784 min:0.0 max:1.0 hbm:0 tp:1.0 throttler:0 isAnimating:true
11-04 10:09:30.247 V/DisplayPowerController[0]( 2661): Brightness [1.2360784] reason changing to: 'manual', previous reason: 'manual [ dim ]'.
11-04 10:09:30.247 I/DisplayPowerController[0]( 2661): BrightnessEvent: brt=1.2360784 (100.0%), nits= 618.0392, lux=-1.0, reason=manual, strat=FallbackBrightnessStrategy, state=ON, stateReason=KEY, policy=BRIGHT, flags=, initBrt=0.07529412, rcmdBrt=NaN, preBrt=NaN, preLux=0.0, wasShortTermModelActive=false, autoBrightness=false (default), unclampedBrt=0.772549, hbmMax=1.0, hbmMode=off, thrmMax=1.0, rbcStrength=-1, powerFactor=1.0, physDisp=Built-in Screen(local:4630946564756762243), logicalId=0, slowChange=false, rampSpeed=5.0
11-04 10:09:30.247 D/DisplayPowerController[1]( 2661): animateScreenStateChange: target=OFF, mIsEnabled=false
11-04 10:09:30.248 I/DisplayPowerController[1]( 2661): BrightnessEvent: brt=0.0 (0.0%), nits= 1.0, lux=-1.0, reason=screen_off, strat=ScreenOffBrightnessStrategy, state=OFF, stateReason=KEY, policy=BRIGHT, flags=, initBrt=0.0, rcmdBrt=NaN, preBrt=NaN, preLux=0.0, wasShortTermModelActive=false, autoBrightness=true (default), unclampedBrt=0.0, hbmMax=1.0, hbmMode=off, thrmMax=1.0, rbcStrength=-1, powerFactor=1.0, physDisp=Built-in Screen(local:4630946638498144900), logicalId=1, slowChange=false, rampSpeed=0.0
11-04 10:09:30.248 D/PowerManagerService( 2661): displayReady: true groupId=0
11-04 10:09:30.249 I/HoneySpace.AppscreenContainerView( 4360): findActiveTouchController ev = 2
11-04 10:09:30.249 I/HoneySpace.AppscreenHomeTouchController( 4360): onControllerInterceptTouchEvent ev = 2
11-04 10:09:30.249 I/HoneySpace.ApplistFastRecyclerView( 4360): updateIsBeingDraggedOnTouchDown touchSlop:24, diff:0, moved:false, useLongTouchSlop:false
11-04 10:09:30.249 D/HdrSolution_HdrDisplayNitMapper( 2661): updataTargetNit--------------mLightSensorData: -1.0, scaleRatio: 3.75, target: 53.333->200
11-04 10:09:30.250 D/LocalDisplayAdapter( 2661): surface lcd : 45(0.036), 45(0.036), main +
11-04 10:09:30.251 I/SurfaceFlinger( 1801): setDisplayBrightness(4630946564756762243): displayBrightness: 0.035543, displayBrightnessNits: 53.812870, sdrWhitePointNits: 53.808731 , dimmingRatio: 0.999923
11-04 10:09:30.251 D/LocalDisplayAdapter( 2661): surface lcd : 45(0.036), 45(0.036), main -
11-04 10:09:30.253 D/HdrSolution_HdrDisplayNitMapper( 2661): updataTargetNit--------------mLightSensorData: -1.0, scaleRatio: 3.12, target: 64.154->200
11-04 10:09:30.253 D/LocalDisplayAdapter( 2661): surface lcd : 52(0.041), 52(0.041), main +
11-04 10:09:30.254 I/SurfaceFlinger( 1801): setDisplayBrightness(4630946564756762243): displayBrightness: 0.040990, displayBrightnessNits: 64.569397, sdrWhitePointNits: 64.565086 , dimmingRatio: 0.999933
11-04 10:09:30.254 D/LocalDisplayAdapter( 2661): surface lcd : 52(0.041), 52(0.041), main -
11-04 10:09:30.256 I/HWComposer( 1801): [4630946564756762243] ActiveConfigToHWC, ID : 0
11-04 10:09:30.258 I/HoneySpace.AppscreenContainerView( 4360): findActiveTouchController ev = 2
11-04 10:09:30.258 I/HoneySpace.AppscreenHomeTouchController( 4360): onControllerInterceptTouchEvent ev = 2
11-04 10:09:30.258 D/SurfaceFlinger( 1801): GPIS:: requestGPISForClientComposition
11-04 10:09:30.258 I/HoneySpace.ApplistFastRecyclerView( 4360): updateIsBeingDraggedOnTouchDown touchSlop:24, diff:4, moved:false, useLongTouchSlop:false
11-04 10:09:30.258 D/RefreshRateModeManager( 2661): onBrightnessChanged: brt=52, lux=181.0
11-04 10:09:30.258 D/HdrSolution_HdrDisplayNitMapper( 2661): updataTargetNit--------------mLightSensorData: -1.0, scaleRatio: 2.44, target: 82.048->200
11-04 10:09:30.259 D/BrightnessSynchronizer( 2661): onDisplayChanged() : displayId=0
11-04 10:09:30.259 I/SDM     ( 1721): DisplayBuiltIn::SetPanelBrightness: Setting brightness to level 522 (4.099045 percent) primary(1) display(68)
11-04 10:09:30.259 D/LocalDisplayAdapter( 2661): surface lcd : 63(0.049), 63(0.049), main +
11-04 10:09:30.259 I/SDM     ( 1721): HWDeviceDRM::SetDisplaySwitchMode: [DispConfigs] check hs_mode 3
11-04 10:09:30.259 D/BrightnessSynchronizer( 2661): updateScreenBrightness: displayId=0 type=2 mPreferredSettingValue=0.772549(197) currentBrightnessInt=197 currentBrightnessIntFromFloat=197(0.772549)
11-04 10:09:30.259 W/SDM     ( 1721): HWDeviceDRM::GetSupportedBitClkRate: Requested rate not supported: 954000000
11-04 10:09:30.259 I/SDM     ( 1721): HWDeviceDRM::SetDisplaySwitchMode: [DispConfigs] Mode 0 1080x2640x120xcmdHS already set
11-04 10:09:30.259 I/SDM     ( 1721): HWDeviceDRM::UpdateMixerAttributes: Mixer WxH 1080x2640-1 for Peripheral
11-04 10:09:30.259 I/SDM     ( 1721): HWCDisplay::SubmitDisplayConfig: Active configuration changed from config 0 to 0
11-04 10:09:30.262 D/SubscreenBrightnessController( 3703): info is null 
11-04 10:09:30.263 D/SecBrightnessController( 3703): updateSlider() - BrightnessDialog resetTimer()
11-04 10:09:30.263 I/SemDvfsHyPerManager( 2661): acquire hyper - WM_SCROLL_DETECTED/2661@2, type = -999
11-04 10:09:30.264 I/HYPER-HAL( 1703): [RequestManager.cpp]acquire(): Acquired ID : 3547118  [2661 / 2]    HINT :      list : [CoreNumBigMin / 3] 
11-04 10:09:30.264 D/SecBrightnessController( 3703): updateSlider() - BrightnessDialog resetTimer()
11-04 10:09:30.265 I/SurfaceFlinger( 1801): setDisplayBrightness(4630946564756762243): displayBrightness: 0.049324, displayBrightnessNits: 81.860413, sdrWhitePointNits: 81.855858 , dimmingRatio: 0.999944
11-04 10:09:30.265 D/NativeSemDvfsManager( 1801): acquire:: timeout = 2000 mIsAcquired = 1  mTagName : SurfaceFlinger 
11-04 10:09:30.266 I/HoneySpace.AppscreenContainerView( 4360): findActiveTouchController ev = 2
11-04 10:09:30.266 I/HoneySpace.AppscreenHomeTouchController( 4360): onControllerInterceptTouchEvent ev = 2
11-04 10:09:30.266 I/HoneySpace.TouchDirectionDetector( 4360): displacementComponent = -38.38867
11-04 10:09:30.266 D/LocalDisplayAdapter( 2661): surface lcd : 63(0.049), 63(0.049), main -
11-04 10:09:30.266 I/HoneySpace.TouchDirectionDetector( 4360): canScrollNegative direction = true
11-04 10:09:30.266 I/HoneySpace.TouchDirectionDetector( 4360): direction.isNegative(displacement) = false
11-04 10:09:30.266 I/HoneySpace.TouchDirectionDetector( 4360): canScrollPositive direction = true
11-04 10:09:30.266 I/HoneySpace.TouchDirectionDetector( 4360): direction.isPositive(displacement) = true
11-04 10:09:30.266 E/NativeCustomFrequencyManager( 1801): [NativeCFMS] BpCustomFrequencyManager::acquire()
11-04 10:09:30.267 I/SDM     ( 1721): DisplayBuiltIn::SetPanelBrightness: Setting brightness to level 628 (4.932378 percent) primary(1) display(68)
11-04 10:09:30.267 I/HoneySpace.BackgroundManagerImpl( 4360): updateProperties[ch=268012670], com.honeyspace.sdk.HomeScreen$Normal@9f12971, true
11-04 10:09:30.267 I/HoneySpace.BackgroundManagerImpl( 4360): updateDimColor[ch=268012670]
11-04 10:09:30.267 I/HoneySpace.BackgroundManagerImpl( 4360): updateLastDimAndBlur[ch=268012670]dim[0.0 -> 0.0] ,wBlur[0.0 -> 2.0
11-04 10:09:30.267 I/HoneySpace.BackgroundManagerImpl( 4360): updateLastState[268012670]: com.honeyspace.sdk.AppScreen$Normal@f80c338 -> com.honeyspace.sdk.HomeScreen$Normal@9f12971
11-04 10:09:30.267 I/HoneySpace.BlurBackgroundControllerImpl( 4360): updateLastState com.honeyspace.sdk.HomeScreen$Normal@9f12971 2
11-04 10:09:30.267 D/HdrSolution_HdrDisplayNitMapper( 2661): updataTargetNit--------------mLightSensorData: -1.0, scaleRatio: 1.98, target: 100.908->200
11-04 10:09:30.267 I/HoneySpace.BlurBackgroundControllerImpl( 4360): updateLastState com.honeyspace.sdk.HomeScreen$Normal@9f12971 3
11-04 10:09:30.267 I/HoneySpace.AppscreenPot( 4360): onPlayStarted com.honeyspace.sdk.HomeScreen$Normal@9f12971
11-04 10:09:30.267 I/HoneySpace.HoneyScreenManagerImpl( 4360): stopAppClosing
11-04 10:09:30.267 I/HoneySpace.HoneyScreenManagerImpl( 4360): start state transition: p4.Y@5a5288a
11-04 10:09:30.267 I/HoneySpace.HomescreenPot( 4360): show state: com.honeyspace.sdk.HomeScreen$Normal@9f12971  screenShow: false
11-04 10:09:30.268 I/HYPER-HAL( 1703): [RequestManager.cpp]acquire(): Acquired ID : 3925201  [1801 / 1000]    HINT : SF_GPU_MINLOCK    list : [TIMEOUT / 2000] 
11-04 10:09:30.268 I/HoneySpace.HomescreenPot( 4360): update SystemUI, changedState = com.honeyspace.sdk.HomeScreen$Normal@9f12971
11-04 10:09:30.268 I/HoneySpace.SystemUIControlUtils( 4360): updateSystemUI, show: true, type: statusBars navigationBars, forLauncher: true
11-04 10:09:30.269 I/HoneySpace.WhiteBgColorUpdater( 4360): changeWhiteBgSystemUIColor, com.android.internal.policy.DecorView{47843e2 V.E...... R....... 0,0-1080,2640 aid=0}[LauncherActivity], type = 2, supportWhiteBg = true, forced = false, fromHoneyType = homescreen, darkStatusBar = 0, darkNavigationBar = false
11-04 10:09:30.269 I/HoneySpace.WhiteBgColorChanger( 4360): changeStatusBarColor, view = com.android.internal.policy.DecorView{47843e2 V.E...... R....... 0,0-1080,2640 aid=0}[LauncherActivity], isDarkColor = false
11-04 10:09:30.269 I/HoneySpace.WhiteBgColorUpdater( 4360): changeWhiteBgSystemUIColor, com.android.internal.policy.DecorView{47843e2 V.E...... R....... 0,0-1080,2640 aid=0}[LauncherActivity], type = 3, supportWhiteBg = true, forced = false, fromHoneyType = homescreen, darkStatusBar = 0, darkNavigationBar = false
11-04 10:09:30.269 I/HoneySpace.WhiteBgColorChanger( 4360): changeNavigationBarColor, view = com.android.internal.policy.DecorView{47843e2 V.E...... R....... 0,0-1080,2640 aid=0}[LauncherActivity], isDarkColor = false
11-04 10:09:30.269 D/LocalDisplayAdapter( 2661): surface lcd : 74(0.058), 74(0.058), main +
11-04 10:09:30.269 I/HoneySpace.WallpaperBlurView( 4360): apply(): progress = 1.9040283, radius = 250, preset = PresetConfigure(blurRadius=250, id=135, alphaScaleFactor=765.0)
11-04 10:09:30.270 I/HoneySpace.AppscreenContainerView( 4360): founded touch controller : AppscreenHomeTouchController e3.b@578b4d7
11-04 10:09:30.270 I/HoneySpace.ApplistFastRecyclerView( 4360): dispatchTouchEvent() screenManager.isOnStateTransition=true, suppressLayout=false
11-04 10:09:30.270 I/HoneySpace.ApplistFastRecyclerView( 4360): onTouchEvent() return by isOnStateTransition
11-04 10:09:30.270 I/SDM     ( 1721): HWPeripheralDRM::SetPanelBrightnessWork: Setting brightness to level 522 through sysfs node. primary(1), type_id(1)
11-04 10:09:30.271 I/SSC_DAEMON( 1785): handleSensorTestReqMsg:85, Sensor type :4, Msg type:11
11-04 10:09:30.272 I/SSC_DAEMON( 1785): physicalSensorTestReqMsg:130, s:4, m:11
11-04 10:09:30.273 I/SDM     ( 1721): HWPeripheralDRM::SetPanelBrightnessWork: Setting brightness to level 628 through sysfs node. primary(1), type_id(1)
11-04 10:09:30.273 I/SSC_DAEMON( 1785): light_event_log:172, light_msg(4/11): br 52 (lux 11217,idx 0) - -1,-1,13
11-04 10:09:30.274 I/SSC_DAEMON( 1785): handleSensorTestReqMsg:85, Sensor type :4, Msg type:11
11-04 10:09:30.274 I/SSC_DAEMON( 1785): physicalSensorTestReqMsg:130, s:4, m:11
11-04 10:09:30.275 I/SurfaceFlinger( 1801): setDisplayBrightness(4630946564756762243): displayBrightness: 0.057657, displayBrightnessNits: 100.053528, sdrWhitePointNits: 100.048752 , dimmingRatio: 0.999952
11-04 10:09:30.275 I/HoneySpace.AppscreenContainerView( 4360): onTouch event = 2
11-04 10:09:30.275 D/LocalDisplayAdapter( 2661): surface lcd : 74(0.058), 74(0.058), main -
11-04 10:09:30.275 I/HoneySpace.HomescreenPot( 4360): show state: com.honeyspace.sdk.HomeScreen$Normal@9f12971  screenShow: true
11-04 10:09:30.276 I/SSC_DAEMON( 1785): light_event_log:172, light_msg(4/11): br 62 (lux 11217,idx 0) - -1,-1,13
11-04 10:09:30.276 I/HoneySpace.WallpaperBlurView( 4360): apply(): progress = 1.833208, radius = 250, preset = PresetConfigure(blurRadius=250, id=135, alphaScaleFactor=765.0)
11-04 10:09:30.276 D/HdrSolution_HdrDisplayNitMapper( 2661): updataTargetNit--------------mLightSensorData: -1.0, scaleRatio: 1.68, target: 118.804->200
11-04 10:09:30.276 I/SDM     ( 1721): DisplayBuiltIn::SetPanelBrightness: Setting brightness to level 735 (5.765711 percent) primary(1) display(68)
11-04 10:09:30.276 D/LocalDisplayAdapter( 2661): surface lcd : 84(0.066), 84(0.066), main +
11-04 10:09:30.279 I/SurfaceFlinger( 1801): setDisplayBrightness(4630946564756762243): displayBrightness: 0.065969, displayBrightnessNits: 119.006058, sdrWhitePointNits: 119.001068 , dimmingRatio: 0.999958
11-04 10:09:30.279 D/LocalDisplayAdapter( 2661): surface lcd : 84(0.066), 84(0.066), main -
11-04 10:09:30.280 I/SSC_DAEMON( 1785): handleSensorTestReqMsg:85, Sensor type :4, Msg type:11
11-04 10:09:30.280 I/SSC_DAEMON( 1785): physicalSensorTestReqMsg:130, s:4, m:11
11-04 10:09:30.280 I/SDM     ( 1721): HWPeripheralDRM::SetPanelBrightnessWork: Setting brightness to level 735 through sysfs node. primary(1), type_id(1)
11-04 10:09:30.282 I/SSC_DAEMON( 1785): light_event_log:172, light_msg(4/11): br 73 (lux 11217,idx 0) - -1,-1,13
11-04 10:09:30.283 I/SDM     ( 1721): DisplayBuiltIn::SetPanelBrightness: Setting brightness to level 841 (6.596924 percent) primary(1) display(68)
11-04 10:09:30.283 D/HdrSolution_HdrDisplayNitMapper( 2661): updataTargetNit--------------mLightSensorData: -1.0, scaleRatio: 1.44, target: 139.242->200
11-04 10:09:30.284 D/LocalDisplayAdapter( 2661): surface lcd : 95(0.074), 95(0.074), main +
11-04 10:09:30.286 I/SurfaceFlinger( 1801): setDisplayBrightness(4630946564756762243): displayBrightness: 0.074300, displayBrightnessNits: 138.735870, sdrWhitePointNits: 138.730682 , dimmingRatio: 0.999963
11-04 10:09:30.286 D/LocalDisplayAdapter( 2661): surface lcd : 95(0.074), 95(0.074), main -
11-04 10:09:30.287 I/HoneySpace.AppscreenContainerView( 4360): onTouch event = 2
11-04 10:09:30.287 I/HoneySpace.HomescreenPot( 4360): show state: com.honeyspace.sdk.HomeScreen$Normal@9f12971  screenShow: true
11-04 10:09:30.287 I/HoneySpace.WallpaperBlurView( 4360): apply(): progress = 1.748623, radius = 250, preset = PresetConfigure(blurRadius=250, id=135, alphaScaleFactor=765.0)
11-04 10:09:30.288 I/SSC_DAEMON( 1785): handleSensorTestReqMsg:85, Sensor type :4, Msg type:11
11-04 10:09:30.289 I/SDM     ( 1721): HWPeripheralDRM::SetPanelBrightnessWork: Setting brightness to level 841 through sysfs node. primary(1), type_id(1)
11-04 10:09:30.289 I/SSC_DAEMON( 1785): physicalSensorTestReqMsg:130, s:4, m:11
11-04 10:09:30.291 I/HoneySpace.AppscreenContainerView( 4360): onTouch event = 2
11-04 10:09:30.291 I/HoneySpace.HomescreenPot( 4360): show state: com.honeyspace.sdk.HomeScreen$Normal@9f12971  screenShow: true
11-04 10:09:30.291 I/HoneySpace.WallpaperBlurView( 4360): apply(): progress = 1.6515137, radius = 250, preset = PresetConfigure(blurRadius=250, id=135, alphaScaleFactor=765.0)
11-04 10:09:30.292 I/SSC_DAEMON( 1785): light_event_log:172, light_msg(4/11): br 84 (lux 11217,idx 0) - -1,-1,13
11-04 10:09:30.292 D/HdrSolution_HdrDisplayNitMapper( 2661): updataTargetNit--------------mLightSensorData: -1.0, scaleRatio: 1.26, target: 158.451->200
11-04 10:09:30.292 I/SDM     ( 1721): DisplayBuiltIn::SetPanelBrightness: Setting brightness to level 947 (7.429987 percent) primary(1) display(68)
11-04 10:09:30.292 D/LocalDisplayAdapter( 2661): surface lcd : 105(0.083), 105(0.083), main +
11-04 10:09:30.295 I/SurfaceFlinger( 1801): setDisplayBrightness(4630946564756762243): displayBrightness: 0.082636, displayBrightnessNits: 159.154022, sdrWhitePointNits: 159.148727 , dimmingRatio: 0.999967
11-04 10:09:30.295 D/LocalDisplayAdapter( 2661): surface lcd : 105(0.083), 105(0.083), main -
11-04 10:09:30.297 I/SSC_DAEMON( 1785): handleSensorTestReqMsg:85, Sensor type :4, Msg type:11
11-04 10:09:30.297 I/SSC_DAEMON( 1785): physicalSensorTestReqMsg:130, s:4, m:11
11-04 10:09:30.297 I/SDM     ( 1721): HWPeripheralDRM::SetPanelBrightnessWork: Setting brightness to level 947 through sysfs node. primary(1), type_id(1)
11-04 10:09:30.298 I/SSC_DAEMON( 1785): light_event_log:172, light_msg(4/11): br 94 (lux 11217,idx 0) - -1,-1,13
11-04 10:09:30.299 I/HoneySpace.AppscreenContainerView( 4360): onTouch event = 2
11-04 10:09:30.299 I/HoneySpace.HomescreenPot( 4360): show state: com.honeyspace.sdk.HomeScreen$Normal@9f12971  screenShow: true
11-04 10:09:30.299 I/HoneySpace.WallpaperBlurView( 4360): apply(): progress = 1.5536425, radius = 250, preset = PresetConfigure(blurRadius=250, id=135, alphaScaleFactor=765.0)
11-04 10:09:30.300 D/HdrSolution_HdrDisplayNitMapper( 2661): updataTargetNit--------------mLightSensorData: -1.0, scaleRatio: 1.11, target: 180.223->200
11-04 10:09:30.300 I/SDM     ( 1721): DisplayBuiltIn::SetPanelBrightness: Setting brightness to level 1053 (8.263565 percent) primary(1) display(68)
11-04 10:09:30.300 D/LocalDisplayAdapter( 2661): surface lcd : 116(0.091), 116(0.091), main +
11-04 10:09:30.303 I/SurfaceFlinger( 1801): setDisplayBrightness(4630946564756762243): displayBrightness: 0.090956, displayBrightnessNits: 180.160019, sdrWhitePointNits: 180.154587 , dimmingRatio: 0.999970
11-04 10:09:30.303 D/LocalDisplayAdapter( 2661): surface lcd : 116(0.091), 116(0.091), main -
11-04 10:09:30.305 I/SSC_DAEMON( 1785): handleSensorTestReqMsg:85, Sensor type :4, Msg type:11
11-04 10:09:30.305 I/SSC_DAEMON( 1785): physicalSensorTestReqMsg:130, s:4, m:11
11-04 10:09:30.305 I/SDM     ( 1721): HWPeripheralDRM::SetPanelBrightnessWork: Setting brightness to level 1053 through sysfs node. primary(1), type_id(1)
11-04 10:09:30.306 I/SSC_DAEMON( 1785): light_event_log:172, light_msg(4/11): br 105 (lux 11217,idx 0) - -1,-1,13
11-04 10:09:30.307 I/HoneySpace.AppscreenContainerView( 4360): onTouch event = 2
11-04 10:09:30.308 I/HoneySpace.HomescreenPot( 4360): show state: com.honeyspace.sdk.HomeScreen$Normal@9f12971  screenShow: true
11-04 10:09:30.308 I/HoneySpace.WallpaperBlurView( 4360): apply(): progress = 1.4409254, radius = 250, preset = PresetConfigure(blurRadius=250, id=135, alphaScaleFactor=765.0)
11-04 10:09:30.308 D/HdrSolution_HdrDisplayNitMapper( 2661): updataTargetNit--------------mLightSensorData: -1.0, scaleRatio: 0.99, target: 202.624->201
11-04 10:09:30.308 I/SDM     ( 1721): DisplayBuiltIn::SetPanelBrightness: Setting brightness to level 1159 (9.095580 percent) primary(1) display(68)
11-04 10:09:30.308 D/LocalDisplayAdapter( 2661): surface lcd : 127(0.099), 127(0.099), main +
11-04 10:09:30.311 I/SurfaceFlinger( 1801): setDisplayBrightness(4630946564756762243): displayBrightness: 0.099285, displayBrightnessNits: 201.775391, sdrWhitePointNits: 201.769775 , dimmingRatio: 0.999972
11-04 10:09:30.311 D/LocalDisplayAdapter( 2661): surface lcd : 127(0.099), 127(0.099), main -
11-04 10:09:30.313 I/SSC_DAEMON( 1785): handleSensorTestReqMsg:85, Sensor type :4, Msg type:11
11-04 10:09:30.314 I/SDM     ( 1721): HWPeripheralDRM::SetPanelBrightnessWork: Setting brightness to level 1159 through sysfs node. primary(1), type_id(1)
11-04 10:09:30.314 I/SSC_DAEMON( 1785): physicalSensorTestReqMsg:130, s:4, m:11
11-04 10:09:30.316 I/HoneySpace.AppscreenContainerView( 4360): onTouch event = 2
11-04 10:09:30.316 I/HoneySpace.HomescreenPot( 4360): show state: com.honeyspace.sdk.HomeScreen$Normal@9f12971  screenShow: true
11-04 10:09:30.316 I/SSC_DAEMON( 1785): light_event_log:172, light_msg(4/11): br 115 (lux 11217,idx 0) - -1,-1,13
11-04 10:09:30.316 I/HoneySpace.WallpaperBlurView( 4360): apply(): progress = 1.2513891, radius = 250, preset = PresetConfigure(blurRadius=250, id=135, alphaScaleFactor=765.0)
11-04 10:09:30.317 I/SDM     ( 1721): DisplayBuiltIn::SetPanelBrightness: Setting brightness to level 1265 (9.928514 percent) primary(1) display(68)
11-04 10:09:30.317 D/HdrSolution_HdrDisplayNitMapper( 2661): updataTargetNit--------------mLightSensorData: -1.0, scaleRatio: 0.9, target: 223.503->202
11-04 10:09:30.317 D/LocalDisplayAdapter( 2661): surface lcd : 137(0.108), 137(0.108), main +
11-04 10:09:30.319 I/SurfaceFlinger( 1801): setDisplayBrightness(4630946564756762243): displayBrightness: 0.107607, displayBrightnessNits: 223.923828, sdrWhitePointNits: 223.918091 , dimmingRatio: 0.999974
11-04 10:09:30.320 D/LocalDisplayAdapter( 2661): surface lcd : 137(0.108), 137(0.108), main -
11-04 10:09:30.320 D/InputReader( 2661): Btn_touch(3): value=0 when=11279.332608
11-04 10:09:30.320 I/InputReader( 2661): Touch event's action is 0x1 (id=9, t=0) [pCnt=1, s=] when=11279.332608
11-04 10:09:30.320 I/InputDispatcher( 2661): Delivering touch to (4360): action: 0x1, f=0x0, d=0, 'fe3d3fd', t=1 
11-04 10:09:30.320 I/HoneySpace.AppscreenContainerView( 4360): onTouch event = 2
11-04 10:09:30.321 I/HoneySpace.HomescreenPot( 4360): show state: com.honeyspace.sdk.HomeScreen$Normal@9f12971  screenShow: true
11-04 10:09:30.321 I/HoneySpace.WallpaperBlurView( 4360): apply(): progress = 1.2281739, radius = 250, preset = PresetConfigure(blurRadius=250, id=135, alphaScaleFactor=765.0)
11-04 10:09:30.321 I/VRI[LauncherActivity]@8022818( 4360): ViewPostIme pointer 1
11-04 10:09:30.321 I/HoneySpace.AppscreenContainerView( 4360): onTouch event = 1
11-04 10:09:30.321 I/HoneySpace.AppscreenHomeTouchController( 4360): Swipe Pos(AppscreenHomeTouchController) : (0.047986, 0)-(0.083396, 8)-(0.125688, 8)-(0.174243, 8)-(0.223179, 9)-(0.279537, 8)-(0.374305, 8)-(0.385913, 6)-End
11-04 10:09:30.321 I/HoneySpace.HomescreenPot( 4360): show state: com.honeyspace.sdk.HomeScreen$Normal@9f12971  screenShow: true
11-04 10:09:30.321 I/HoneySpace.HoneyScreenManagerImpl( 4360): show HOME
11-04 10:09:30.322 I/HoneySpace.WallpaperBlurView( 4360): apply(): progress = 1.2281739, radius = 250, preset = PresetConfigure(blurRadius=250, id=135, alphaScaleFactor=765.0)
11-04 10:09:30.322 I/SSC_DAEMON( 1785): handleSensorTestReqMsg:85, Sensor type :4, Msg type:11
11-04 10:09:30.322 I/HoneySpace.SALoggingUtils( 4360): SA Logging screenID: 201 eventId: 2006 detail: {det=3, Method=1} value: -1
11-04 10:09:30.323 I/SSC_DAEMON( 1785): physicalSensorTestReqMsg:130, s:4, m:11
11-04 10:09:30.323 I/SDM     ( 1721): HWPeripheralDRM::SetPanelBrightnessWork: Setting brightness to level 1265 through sysfs node. primary(1), type_id(1)
11-04 10:09:30.323 I/SemDvfsHyPerManager( 2661): acquire hyper - GESTURE_DETECTED_HRR/2661@25, type = -999
11-04 10:09:30.323 I/SemDvfsHyPerManager( 2661): acquire hyper - GESTURE_DETECTED_HRR/2661@25, type = -999
11-04 10:09:30.323 I/SemDvfsHyPerManager( 2661): acquire hyper - SMOOTH_SCROLL/2661@22, type = -999
11-04 10:09:30.323 I/HYPER-HAL( 1703): [RequestManager.cpp]releaseLocked(): Released ID : 3547118
11-04 10:09:30.324 I/HoneySpace.WallpaperBlurView( 4360): apply(): progress = 1.2281739, radius = 250, preset = PresetConfigure(blurRadius=250, id=135, alphaScaleFactor=765.0)
11-04 10:09:30.325 I/SSC_DAEMON( 1785): light_event_log:172, light_msg(4/11): br 126 (lux 11217,idx 0) - -1,-1,13
11-04 10:09:30.325 I/HYPER-HAL( 1703): [RequestManager.cpp]acquire(): Acquired ID : 3608666  [2661 / 25]    HINT : GESTURE_DETECTED_HRR    list : [TIMEOUT / 1898] 
11-04 10:09:30.325 D/HdrSolution_HdrDisplayNitMapper( 2661): updataTargetNit--------------mLightSensorData: -1.0, scaleRatio: 0.82, target: 247.002->203
11-04 10:09:30.325 I/SDM     ( 1721): DisplayBuiltIn::SetPanelBrightness: Setting brightness to level 1371 (10.760731 percent) primary(1) display(68)
11-04 10:09:30.326 I/SemDvfsHyPerManager( 6400): acquire hyper - TATouchBoost/6400@30, type = -999
11-04 10:09:30.326 D/LocalDisplayAdapter( 2661): surface lcd : 148(0.116), 148(0.116), main +
11-04 10:09:30.326 I/SemDvfsHyPerManager( 6400): acquire hyper - TA_TOUCH_SHARE/6400@31, type = -999
11-04 10:09:30.326 I/HYPER-HAL( 1703): [RequestManager.cpp]acquire(): Acquired ID : 3608666  [2661 / 25]    HINT : GESTURE_DETECTED_HRR    list : [TIMEOUT / 1898] 
11-04 10:09:30.326 I/HYPER-HAL( 1703): [RequestManager.cpp]acquire(): Acquired ID : 20675695  [6400 / 30]    HINT :      list : [TABoost / 1] [TIMEOUT / 1500] 
