11-04 10:09:30.326 I/HYPER-HAL( 1703): [RequestManager.cpp]acquire(): Acquired ID : 20682127  [6400 / 31]    HINT : TA_TOUCH_SHARE    list : [TIMEOUT / 1500] 
11-04 10:09:30.328 I/SurfaceFlinger( 1801): setDisplayBrightness(4630946564756762243): displayBrightness: 0.115935, displayBrightnessNits: 246.608200, sdrWhitePointNits: 246.602341 , dimmingRatio: 0.999976
11-04 10:09:30.328 D/LocalDisplayAdapter( 2661): surface lcd : 148(0.116), 148(0.116), main -
11-04 10:09:30.330 I/SSC_DAEMON( 1785): handleSensorTestReqMsg:85, Sensor type :4, Msg type:11
11-04 10:09:30.330 I/SSC_DAEMON( 1785): physicalSensorTestReqMsg:130, s:4, m:11
11-04 10:09:30.330 I/SDM     ( 1721): HWPeripheralDRM::SetPanelBrightnessWork: Setting brightness to level 1371 through sysfs node. primary(1), type_id(1)
11-04 10:09:30.332 I/SSC_DAEMON( 1785): light_event_log:172, light_msg(4/11): br 137 (lux 10573,idx 0) - -1,-1,13
11-04 10:09:30.332 I/HoneySpace.WallpaperBlurView( 4360): apply(): progress = 1.08096, radius = 250, preset = PresetConfigure(blurRadius=250, id=135, alphaScaleFactor=765.0)
11-04 10:09:30.333 D/HdrSolution_HdrDisplayNitMapper( 2661): updataTargetNit--------------mLightSensorData: -1.0, scaleRatio: 0.76, target: 268.826->204
11-04 10:09:30.333 D/LocalDisplayAdapter( 2661): surface lcd : 158(0.124), 158(0.124), main +
11-04 10:09:30.333 I/SDM     ( 1721): DisplayBuiltIn::SetPanelBrightness: Setting brightness to level 1478 (11.593548 percent) primary(1) display(68)
11-04 10:09:30.335 I/SurfaceFlinger( 1801): setDisplayBrightness(4630946564756762243): displayBrightness: 0.124254, displayBrightnessNits: 269.760193, sdrWhitePointNits: 269.754150 , dimmingRatio: 0.999978
11-04 10:09:30.335 D/LocalDisplayAdapter( 2661): surface lcd : 158(0.124), 158(0.124), main -
11-04 10:09:30.338 I/SSC_DAEMON( 1785): handleSensorTestReqMsg:85, Sensor type :4, Msg type:11
11-04 10:09:30.338 I/SSC_DAEMON( 1785): physicalSensorTestReqMsg:130, s:4, m:11
11-04 10:09:30.338 I/SDM     ( 1721): HWPeripheralDRM::SetPanelBrightnessWork: Setting brightness to level 1478 through sysfs node. primary(1), type_id(1)
11-04 10:09:30.340 I/SSC_DAEMON( 1785): light_event_log:172, light_msg(4/11): br 147 (lux 10573,idx 0) - -1,-1,13
11-04 10:09:30.341 I/HoneySpace.WallpaperBlurView( 4360): apply(): progress = 0.94600666, radius = 236, preset = PresetConfigure(blurRadius=250, id=135, alphaScaleFactor=765.0)
11-04 10:09:30.341 D/HdrSolution_HdrDisplayNitMapper( 2661): updataTargetNit--------------mLightSensorData: -1.0, scaleRatio: 0.7, target: 293.315->205
11-04 10:09:30.341 I/SDM     ( 1721): DisplayBuiltIn::SetPanelBrightness: Setting brightness to level 1584 (12.425385 percent) primary(1) display(68)
11-04 10:09:30.341 D/LocalDisplayAdapter( 2661): surface lcd : 169(0.133), 169(0.133), main +
11-04 10:09:30.343 I/SurfaceFlinger( 1801): setDisplayBrightness(4630946564756762243): displayBrightness: 0.132580, displayBrightnessNits: 293.404053, sdrWhitePointNits: 293.397888 , dimmingRatio: 0.999979
11-04 10:09:30.343 D/LocalDisplayAdapter( 2661): surface lcd : 169(0.133), 169(0.133), main -
11-04 10:09:30.346 I/SSC_DAEMON( 1785): handleSensorTestReqMsg:85, Sensor type :4, Msg type:11
11-04 10:09:30.347 I/SSC_DAEMON( 1785): physicalSensorTestReqMsg:130, s:4, m:11
11-04 10:09:30.347 I/SDM     ( 1721): HWPeripheralDRM::SetPanelBrightnessWork: Setting brightness to level 1584 through sysfs node. primary(1), type_id(1)
11-04 10:09:30.348 I/SSC_DAEMON( 1785): light_event_log:172, light_msg(4/11): br 158 (lux 10573,idx 0) - -1,-1,13
11-04 10:09:30.349 I/HoneySpace.WallpaperBlurView( 4360): apply(): progress = 0.8081753, radius = 202, preset = PresetConfigure(blurRadius=250, id=135, alphaScaleFactor=765.0)
11-04 10:09:30.350 D/HdrSolution_HdrDisplayNitMapper( 2661): updataTargetNit--------------mLightSensorData: -1.0, scaleRatio: 0.65, target: 318.287->206
11-04 10:09:30.350 I/SDM     ( 1721): DisplayBuiltIn::SetPanelBrightness: Setting brightness to level 1690 (13.258007 percent) primary(1) display(68)
11-04 10:09:30.350 D/LocalDisplayAdapter( 2661): surface lcd : 180(0.141), 180(0.141), main +
11-04 10:09:30.353 I/SurfaceFlinger( 1801): setDisplayBrightness(4630946564756762243): displayBrightness: 0.140901, displayBrightnessNits: 317.482941, sdrWhitePointNits: 317.476715 , dimmingRatio: 0.999980
11-04 10:09:30.353 D/LocalDisplayAdapter( 2661): surface lcd : 180(0.141), 180(0.141), main -
11-04 10:09:30.355 I/SSC_DAEMON( 1785): handleSensorTestReqMsg:85, Sensor type :4, Msg type:11
11-04 10:09:30.355 I/SSC_DAEMON( 1785): physicalSensorTestReqMsg:130, s:4, m:11
11-04 10:09:30.355 I/SDM     ( 1721): HWPeripheralDRM::SetPanelBrightnessWork: Setting brightness to level 1690 through sysfs node. primary(1), type_id(1)
11-04 10:09:30.357 I/SSC_DAEMON( 1785): light_event_log:172, light_msg(4/11): br 169 (lux 10573,idx 0) - -1,-1,13
11-04 10:09:30.358 I/HoneySpace.WallpaperBlurView( 4360): apply(): progress = 0.69750535, radius = 174, preset = PresetConfigure(blurRadius=250, id=135, alphaScaleFactor=765.0)
11-04 10:09:30.358 D/HdrSolution_HdrDisplayNitMapper( 2661): updataTargetNit--------------mLightSensorData: -1.0, scaleRatio: 0.61, target: 341.391->207
11-04 10:09:30.358 I/SDM     ( 1721): DisplayBuiltIn::SetPanelBrightness: Setting brightness to level 1796 (14.090114 percent) primary(1) display(68)
11-04 10:09:30.359 D/LocalDisplayAdapter( 2661): surface lcd : 190(0.149), 190(0.149), main +
11-04 10:09:30.361 I/SurfaceFlinger( 1801): setDisplayBrightness(4630946564756762243): displayBrightness: 0.149218, displayBrightnessNits: 341.980896, sdrWhitePointNits: 341.974548 , dimmingRatio: 0.999981
11-04 10:09:30.362 D/LocalDisplayAdapter( 2661): surface lcd : 190(0.149), 190(0.149), main -
11-04 10:09:30.363 I/SSC_DAEMON( 1785): handleSensorTestReqMsg:85, Sensor type :4, Msg type:11
11-04 10:09:30.363 I/SSC_DAEMON( 1785): physicalSensorTestReqMsg:130, s:4, m:11
11-04 10:09:30.364 I/SDM     ( 1721): HWPeripheralDRM::SetPanelBrightnessWork: Setting brightness to level 1796 through sysfs node. primary(1), type_id(1)
11-04 10:09:30.366 I/HoneySpace.WallpaperBlurView( 4360): apply(): progress = 0.5974299, radius = 149, preset = PresetConfigure(blurRadius=250, id=135, alphaScaleFactor=765.0)
11-04 10:09:30.366 D/HdrSolution_HdrDisplayNitMapper( 2661): updataTargetNit--------------mLightSensorData: -1.0, scaleRatio: 0.57, target: 367.229->208
11-04 10:09:30.367 I/SDM     ( 1721): DisplayBuiltIn::SetPanelBrightness: Setting brightness to level 1902 (14.921822 percent) primary(1) display(68)
11-04 10:09:30.367 D/LocalDisplayAdapter( 2661): surface lcd : 201(0.158), 201(0.158), main +
11-04 10:09:30.370 I/SurfaceFlinger( 1801): setDisplayBrightness(4630946564756762243): displayBrightness: 0.157539, displayBrightnessNits: 366.901428, sdrWhitePointNits: 366.894958 , dimmingRatio: 0.999982
11-04 10:09:30.370 D/LocalDisplayAdapter( 2661): surface lcd : 201(0.158), 201(0.158), main -
11-04 10:09:30.373 I/SDM     ( 1721): HWPeripheralDRM::SetPanelBrightnessWork: Setting brightness to level 1902 through sysfs node. primary(1), type_id(1)
11-04 10:09:30.374 I/HoneySpace.WallpaperBlurView( 4360): apply(): progress = 0.49684536, radius = 124, preset = PresetConfigure(blurRadius=250, id=135, alphaScaleFactor=765.0)
11-04 10:09:30.375 D/HdrSolution_HdrDisplayNitMapper( 2661): updataTargetNit--------------mLightSensorData: -1.0, scaleRatio: 0.53, target: 391.091->209
11-04 10:09:30.375 I/SDM     ( 1721): DisplayBuiltIn::SetPanelBrightness: Setting brightness to level 2008 (15.753857 percent) primary(1) display(68)
11-04 10:09:30.377 D/LocalDisplayAdapter( 2661): surface lcd : 211(0.166), 211(0.166), main +
11-04 10:09:30.377 I/SSC_DAEMON( 1785): light_event_log:172, light_msg(4/11): br 179 (lux 10573,idx 0) - -1,-1,13
11-04 10:09:30.378 I/SSC_DAEMON( 1785): handleSensorTestReqMsg:85, Sensor type :4, Msg type:11
11-04 10:09:30.378 I/SurfaceFlinger( 1801): setDisplayBrightness(4630946564756762243): displayBrightness: 0.165859, displayBrightnessNits: 392.221802, sdrWhitePointNits: 392.215210 , dimmingRatio: 0.999983
11-04 10:09:30.378 I/SSC_DAEMON( 1785): physicalSensorTestReqMsg:130, s:4, m:11
11-04 10:09:30.378 D/LocalDisplayAdapter( 2661): surface lcd : 211(0.166), 211(0.166), main -
11-04 10:09:30.379 I/SSC_DAEMON( 1785): light_event_log:172, light_msg(4/11): br 190 (lux 10573,idx 0) - -1,-1,13
11-04 10:09:30.380 I/SSC_DAEMON( 1785): handleSensorTestReqMsg:85, Sensor type :4, Msg type:11
11-04 10:09:30.380 I/SSC_DAEMON( 1785): physicalSensorTestReqMsg:130, s:4, m:11
11-04 10:09:30.381 I/SDM     ( 1721): HWPeripheralDRM::SetPanelBrightnessWork: Setting brightness to level 2008 through sysfs node. primary(1), type_id(1)
11-04 10:09:30.381 I/SSC_DAEMON( 1785): light_event_log:172, light_msg(4/11): br 200 (lux 10573,idx 0) - -1,-1,13
11-04 10:09:30.383 I/HoneySpace.WallpaperBlurView( 4360): apply(): progress = 0.41751337, radius = 104, preset = PresetConfigure(blurRadius=250, id=135, alphaScaleFactor=765.0)
11-04 10:09:30.383 I/SDM     ( 1721): DisplayBuiltIn::SetPanelBrightness: Setting brightness to level 2114 (16.585907 percent) primary(1) display(68)
11-04 10:09:30.384 D/HdrSolution_HdrDisplayNitMapper( 2661): updataTargetNit--------------mLightSensorData: -1.0, scaleRatio: 0.5, target: 417.732->210
11-04 10:09:30.385 D/LocalDisplayAdapter( 2661): surface lcd : 222(0.174), 222(0.174), main +
11-04 10:09:30.386 I/SurfaceFlinger( 1801): setDisplayBrightness(4630946564756762243): displayBrightness: 0.174184, displayBrightnessNits: 417.938477, sdrWhitePointNits: 417.931885 , dimmingRatio: 0.999984
11-04 10:09:30.386 D/LocalDisplayAdapter( 2661): surface lcd : 222(0.174), 222(0.174), main -
11-04 10:09:30.388 I/SSC_DAEMON( 1785): handleSensorTestReqMsg:85, Sensor type :4, Msg type:11
11-04 10:09:30.388 I/SSC_DAEMON( 1785): physicalSensorTestReqMsg:130, s:4, m:11
11-04 10:09:30.389 I/SDM     ( 1721): HWPeripheralDRM::SetPanelBrightnessWork: Setting brightness to level 2114 through sysfs node. primary(1), type_id(1)
11-04 10:09:30.390 I/SSC_DAEMON( 1785): light_event_log:172, light_msg(4/11): br 211 (lux 10573,idx 0) - -1,-1,13
11-04 10:09:30.391 I/HoneySpace.WallpaperBlurView( 4360): apply(): progress = 0.3471105, radius = 86, preset = PresetConfigure(blurRadius=250, id=135, alphaScaleFactor=765.0)
11-04 10:09:30.391 D/HdrSolution_HdrDisplayNitMapper( 2661): updataTargetNit--------------mLightSensorData: -1.0, scaleRatio: 0.47, target: 444.773->211
11-04 10:09:30.391 I/SDM     ( 1721): DisplayBuiltIn::SetPanelBrightness: Setting brightness to level 2220 (17.418402 percent) primary(1) display(68)
11-04 10:09:30.392 D/LocalDisplayAdapter( 2661): surface lcd : 233(0.182), 233(0.182), main +
11-04 10:09:30.394 I/SurfaceFlinger( 1801): setDisplayBrightness(4630946564756762243): displayBrightness: 0.182500, displayBrightnessNits: 443.999390, sdrWhitePointNits: 443.992584 , dimmingRatio: 0.999985
11-04 10:09:30.394 D/LocalDisplayAdapter( 2661): surface lcd : 233(0.182), 233(0.182), main -
11-04 10:09:30.396 I/SSC_DAEMON( 1785): handleSensorTestReqMsg:85, Sensor type :4, Msg type:11
11-04 10:09:30.397 I/SSC_DAEMON( 1785): physicalSensorTestReqMsg:130, s:4, m:11
11-04 10:09:30.397 I/SDM     ( 1721): HWPeripheralDRM::SetPanelBrightnessWork: Setting brightness to level 2220 through sysfs node. primary(1), type_id(1)
11-04 10:09:30.398 I/SSC_DAEMON( 1785): light_event_log:172, light_msg(4/11): br 222 (lux 10573,idx 0) - -1,-1,13
11-04 10:09:30.399 I/HoneySpace.WallpaperBlurView( 4360): apply(): progress = 0.2779162, radius = 69, preset = PresetConfigure(blurRadius=250, id=135, alphaScaleFactor=765.0)
11-04 10:09:30.400 I/SDM     ( 1721): DisplayBuiltIn::SetPanelBrightness: Setting brightness to level 2326 (18.249998 percent) primary(1) display(68)
11-04 10:09:30.400 D/HdrSolution_HdrDisplayNitMapper( 2661): updataTargetNit--------------mLightSensorData: -1.0, scaleRatio: 0.45, target: 469.691->212
11-04 10:09:30.401 D/LocalDisplayAdapter( 2661): surface lcd : 243(0.191), 243(0.191), main +
11-04 10:09:30.403 I/SurfaceFlinger( 1801): setDisplayBrightness(4630946564756762243): displayBrightness: 0.190818, displayBrightnessNits: 470.425079, sdrWhitePointNits: 470.418213 , dimmingRatio: 0.999985
11-04 10:09:30.403 D/LocalDisplayAdapter( 2661): surface lcd : 243(0.191), 243(0.191), main -
11-04 10:09:30.405 I/SSC_DAEMON( 1785): handleSensorTestReqMsg:85, Sensor type :4, Msg type:11
11-04 10:09:30.405 I/SSC_DAEMON( 1785): physicalSensorTestReqMsg:130, s:4, m:11
11-04 10:09:30.408 I/HoneySpace.WallpaperBlurView( 4360): apply(): progress = 0.2247169, radius = 56, preset = PresetConfigure(blurRadius=250, id=135, alphaScaleFactor=765.0)
11-04 10:09:30.408 D/HdrSolution_HdrDisplayNitMapper( 2661): updataTargetNit--------------mLightSensorData: -1.0, scaleRatio: 0.43, target: 497.458->213
11-04 10:09:30.408 I/SDM     ( 1721): DisplayBuiltIn::SetPanelBrightness: Setting brightness to level 2432 (19.081779 percent) primary(1) display(68)
11-04 10:09:30.409 D/LocalDisplayAdapter( 2661): surface lcd : 254(0.199), 254(0.199), main +
11-04 10:09:30.409 I/SDM     ( 1721): HWPeripheralDRM::SetPanelBrightnessWork: Setting brightness to level 2326 through sysfs node. primary(1), type_id(1)
11-04 10:09:30.409 I/SSC_DAEMON( 1785): light_event_log:172, light_msg(4/11): br 232 (lux 10480,idx 0) - -1,-1,13
11-04 10:09:30.411 I/SurfaceFlinger( 1801): setDisplayBrightness(4630946564756762243): displayBrightness: 0.199133, displayBrightnessNits: 497.191284, sdrWhitePointNits: 497.184387 , dimmingRatio: 0.999986
11-04 10:09:30.412 D/LocalDisplayAdapter( 2661): surface lcd : 254(0.199), 254(0.199), main -
11-04 10:09:30.413 I/SSC_DAEMON( 1785): handleSensorTestReqMsg:85, Sensor type :4, Msg type:11
11-04 10:09:30.414 I/SSC_DAEMON( 1785): physicalSensorTestReqMsg:130, s:4, m:11
11-04 10:09:30.414 I/SDM     ( 1721): HWPeripheralDRM::SetPanelBrightnessWork: Setting brightness to level 2432 through sysfs node. primary(1), type_id(1)
11-04 10:09:30.415 I/SSC_DAEMON( 1785): light_event_log:172, light_msg(4/11): br 243 (lux 10480,idx 0) - -1,-1,13
11-04 10:09:30.416 I/HoneySpace.WallpaperBlurView( 4360): apply(): progress = 0.17878044, radius = 44, preset = PresetConfigure(blurRadius=250, id=135, alphaScaleFactor=765.0)
11-04 10:09:30.416 D/HdrSolution_HdrDisplayNitMapper( 2661): updataTargetNit--------------mLightSensorData: -1.0, scaleRatio: 0.41, target: 517.647->214
11-04 10:09:30.417 I/SDM     ( 1721): DisplayBuiltIn::SetPanelBrightness: Setting brightness to level 2538 (19.913336 percent) primary(1) display(68)
11-04 10:09:30.417 D/LocalDisplayAdapter( 2661): surface lcd : 264(0.207), 264(0.207), main +
11-04 10:09:30.420 I/SurfaceFlinger( 1801): setDisplayBrightness(4630946564756762243): displayBrightness: 0.207449, displayBrightnessNits: 518.621460, sdrWhitePointNits: 518.616150 , dimmingRatio: 0.999990
11-04 10:09:30.420 D/LocalDisplayAdapter( 2661): surface lcd : 264(0.207), 264(0.207), main -
11-04 10:09:30.422 I/SDM     ( 1721): HWPeripheralDRM::SetPanelBrightnessWork: Setting brightness to level 2538 through sysfs node. primary(1), type_id(1)
11-04 10:09:30.422 I/SSC_DAEMON( 1785): handleSensorTestReqMsg:85, Sensor type :4, Msg type:11
11-04 10:09:30.422 I/SSC_DAEMON( 1785): physicalSensorTestReqMsg:130, s:4, m:11
11-04 10:09:30.424 I/SSC_DAEMON( 1785): light_event_log:172, light_msg(4/11): br 253 (lux 10480,idx 0) - -1,-1,13
11-04 10:09:30.424 I/HoneySpace.WallpaperBlurView( 4360): apply(): progress = 0.13512003, radius = 33, preset = PresetConfigure(blurRadius=250, id=135, alphaScaleFactor=765.0)
11-04 10:09:30.425 I/SDM     ( 1721): DisplayBuiltIn::SetPanelBrightness: Setting brightness to level 2644 (20.744858 percent) primary(1) display(68)
11-04 10:09:30.425 D/HdrSolution_HdrDisplayNitMapper( 2661): updataTargetNit--------------mLightSensorData: -1.0, scaleRatio: 0.4, target: 539.216->215
11-04 10:09:30.427 D/LocalDisplayAdapter( 2661): surface lcd : 275(0.216), 275(0.216), main +
11-04 10:09:30.427 I/SurfaceFlinger( 1801): setDisplayBrightness(4630946564756762243): displayBrightness: 0.215763, displayBrightnessNits: 539.408936, sdrWhitePointNits: 539.403564 , dimmingRatio: 0.999990
11-04 10:09:30.428 D/LocalDisplayAdapter( 2661): surface lcd : 275(0.216), 275(0.216), main -
11-04 10:09:30.430 I/SDM     ( 1721): HWPeripheralDRM::SetPanelBrightnessWork: Setting brightness to level 2644 through sysfs node. primary(1), type_id(1)
11-04 10:09:30.432 I/SSC_DAEMON( 1785): handleSensorTestReqMsg:85, Sensor type :4, Msg type:11
11-04 10:09:30.432 I/SSC_DAEMON( 1785): physicalSensorTestReqMsg:130, s:4, m:11
11-04 10:09:30.432 I/HoneySpace.WallpaperBlurView( 4360): apply(): progress = 0.102847576, radius = 25, preset = PresetConfigure(blurRadius=250, id=135, alphaScaleFactor=765.0)
11-04 10:09:30.433 D/HdrSolution_HdrDisplayNitMapper( 2661): updataTargetNit--------------mLightSensorData: -1.0, scaleRatio: 0.39, target: 560.784->216
11-04 10:09:30.433 I/SDM     ( 1721): DisplayBuiltIn::SetPanelBrightness: Setting brightness to level 2750 (21.576347 percent) primary(1) display(68)
11-04 10:09:30.433 D/LocalDisplayAdapter( 2661): surface lcd : 286(0.224), 286(0.224), main +
11-04 10:09:30.435 I/SSC_DAEMON( 1785): light_event_log:172, light_msg(4/11): br 264 (lux 10480,idx 0) - -1,-1,13
11-04 10:09:30.435 I/SurfaceFlinger( 1801): setDisplayBrightness(4630946564756762243): displayBrightness: 0.224078, displayBrightnessNits: 560.195129, sdrWhitePointNits: 560.189819 , dimmingRatio: 0.999991
11-04 10:09:30.436 D/LocalDisplayAdapter( 2661): surface lcd : 286(0.224), 286(0.224), main -
11-04 10:09:30.438 I/SSC_DAEMON( 1785): handleSensorTestReqMsg:85, Sensor type :4, Msg type:11
11-04 10:09:30.438 I/SSC_DAEMON( 1785): physicalSensorTestReqMsg:130, s:4, m:11
11-04 10:09:30.438 I/SDM     ( 1721): HWPeripheralDRM::SetPanelBrightnessWork: Setting brightness to level 2750 through sysfs node. primary(1), type_id(1)
11-04 10:09:30.439 I/SSC_DAEMON( 1785): light_event_log:172, light_msg(4/11): br 275 (lux 10480,idx 0) - -1,-1,13
11-04 10:09:30.441 I/HoneySpace.WallpaperBlurView( 4360): apply(): progress = 0.07617235, radius = 19, preset = PresetConfigure(blurRadius=250, id=135, alphaScaleFactor=765.0)
11-04 10:09:30.441 D/HdrSolution_HdrDisplayNitMapper( 2661): updataTargetNit--------------mLightSensorData: -1.0, scaleRatio: 0.37, target: 580.392->217
11-04 10:09:30.441 I/SDM     ( 1721): DisplayBuiltIn::SetPanelBrightness: Setting brightness to level 2856 (22.407810 percent) primary(1) display(68)
11-04 10:09:30.442 D/LocalDisplayAdapter( 2661): surface lcd : 296(0.232), 296(0.232), main +
11-04 10:09:30.445 I/SurfaceFlinger( 1801): setDisplayBrightness(4630946564756762243): displayBrightness: 0.232393, displayBrightnessNits: 580.981689, sdrWhitePointNits: 580.976379 , dimmingRatio: 0.999991
11-04 10:09:30.445 D/LocalDisplayAdapter( 2661): surface lcd : 296(0.232), 296(0.232), main -
11-04 10:09:30.446 I/SSC_DAEMON( 1785): handleSensorTestReqMsg:85, Sensor type :4, Msg type:11
11-04 10:09:30.447 I/SSC_DAEMON( 1785): physicalSensorTestReqMsg:130, s:4, m:11
11-04 10:09:30.447 I/SDM     ( 1721): HWPeripheralDRM::SetPanelBrightnessWork: Setting brightness to level 2856 through sysfs node. primary(1), type_id(1)
11-04 10:09:30.449 I/HoneySpace.WallpaperBlurView( 4360): apply(): progress = 0.05218923, radius = 13, preset = PresetConfigure(blurRadius=250, id=135, alphaScaleFactor=765.0)
11-04 10:09:30.450 D/HdrSolution_HdrDisplayNitMapper( 2661): updataTargetNit--------------mLightSensorData: -1.0, scaleRatio: 0.36, target: 601.961->218
11-04 10:09:30.450 I/SDM     ( 1721): DisplayBuiltIn::SetPanelBrightness: Setting brightness to level 2963 (23.239267 percent) primary(1) display(68)
11-04 10:09:30.450 D/LocalDisplayAdapter( 2661): surface lcd : 307(0.241), 307(0.241), main +
11-04 10:09:30.452 I/SurfaceFlinger( 1801): setDisplayBrightness(4630946564756762243): displayBrightness: 0.240708, displayBrightnessNits: 601.769409, sdrWhitePointNits: 601.764038 , dimmingRatio: 0.999991
11-04 10:09:30.452 D/LocalDisplayAdapter( 2661): surface lcd : 307(0.241), 307(0.241), main -
11-04 10:09:30.455 I/SDM     ( 1721): HWPeripheralDRM::SetPanelBrightnessWork: Setting brightness to level 2963 through sysfs node. primary(1), type_id(1)
11-04 10:09:30.457 I/SSC_DAEMON( 1785): handleSensorTestReqMsg:85, Sensor type :4, Msg type:11
11-04 10:09:30.457 I/SSC_DAEMON( 1785): physicalSensorTestReqMsg:130, s:4, m:11
11-04 10:09:30.457 I/SSC_DAEMON( 1785): light_event_log:172, light_msg(4/11): br 285 (lux 10480,idx 0) - -1,-1,13
11-04 10:09:30.457 I/HoneySpace.WallpaperBlurView( 4360): apply(): progress = 0.035637856, radius = 8, preset = PresetConfigure(blurRadius=250, id=135, alphaScaleFactor=765.0)
11-04 10:09:30.458 D/DisplayPowerController[0]( 2661): animateScreenStateChange: target=ON, mIsEnabled=true
11-04 10:09:30.458 I/SSC_DAEMON( 1785): light_event_log:172, light_msg(4/11): br 296 (lux 10480,idx 0) - -1,-1,13
11-04 10:09:30.458 I/SDM     ( 1721): DisplayBuiltIn::SetPanelBrightness: Setting brightness to level 3069 (24.070768 percent) primary(1) display(68)
11-04 10:09:30.458 D/HdrSolution_HdrDisplayNitMapper( 2661): updataTargetNit--------------mLightSensorData: -1.0, scaleRatio: 0.35, target: 617.647->219
11-04 10:09:30.459 D/DisplayPowerController[0]( 2661): saveBrightnessInfo: brt:0.772549 adjBrt:1.2360784 min:0.0 max:1.0 hbm:0 tp:1.0 throttler:0 isAnimating:false
11-04 10:09:30.459 D/LocalDisplayAdapter( 2661): surface lcd : 315(0.247), 315(0.247), main +
11-04 10:09:30.460 D/BrightnessSynchronizer( 2661): onDisplayChanged() : displayId=0
11-04 10:09:30.460 D/BrightnessSynchronizer( 2661): updateScreenBrightness: displayId=0 type=2 mPreferredSettingValue=0.772549(197) currentBrightnessInt=197 currentBrightnessIntFromFloat=197(0.772549)
11-04 10:09:30.460 I/SurfaceFlinger( 1801): setDisplayBrightness(4630946564756762243): displayBrightness: 0.247216, displayBrightnessNits: 618.039124, sdrWhitePointNits: 618.039124 , dimmingRatio: 1.000000
11-04 10:09:30.461 D/LocalDisplayAdapter( 2661): surface lcd : 315(0.247), 315(0.247), main -
11-04 10:09:30.461 D/SubscreenBrightnessController( 3703): info is null 
11-04 10:09:30.462 D/SecBrightnessController( 3703): updateSlider() - BrightnessDialog resetTimer()
11-04 10:09:30.462 D/SecBrightnessController( 3703): updateSlider() - BrightnessDialog resetTimer()
11-04 10:09:30.463 I/SSC_DAEMON( 1785): handleSensorTestReqMsg:85, Sensor type :4, Msg type:11
11-04 10:09:30.463 I/SSC_DAEMON( 1785): physicalSensorTestReqMsg:130, s:4, m:11
11-04 10:09:30.464 I/SDM     ( 1721): HWPeripheralDRM::SetPanelBrightnessWork: Setting brightness to level 3069 through sysfs node. primary(1), type_id(1)
11-04 10:09:30.465 I/SSC_DAEMON( 1785): light_event_log:172, light_msg(4/11): br 306 (lux 10480,idx 0) - -1,-1,13
11-04 10:09:30.466 I/HoneySpace.WallpaperBlurView( 4360): apply(): progress = 0.023018003, radius = 5, preset = PresetConfigure(blurRadius=250, id=135, alphaScaleFactor=765.0)
11-04 10:09:30.466 I/SDM     ( 1721): DisplayBuiltIn::SetPanelBrightness: Setting brightness to level 3152 (24.721569 percent) primary(1) display(68)
11-04 10:09:30.471 I/SSC_DAEMON( 1785): handleSensorTestReqMsg:85, Sensor type :4, Msg type:11
11-04 10:09:30.472 I/SSC_DAEMON( 1785): physicalSensorTestReqMsg:130, s:4, m:11
11-04 10:09:30.473 I/SSC_DAEMON( 1785): light_event_log:172, light_msg(4/11): br 315 (lux 10480,idx 0) - -1,-1,13
11-04 10:09:30.473 I/SDM     ( 1721): HWPeripheralDRM::SetPanelBrightnessWork: Setting brightness to level 3152 through sysfs node. primary(1), type_id(1)
11-04 10:09:30.474 I/HoneySpace.WallpaperBlurView( 4360): apply(): progress = 0.012855887, radius = 3, preset = PresetConfigure(blurRadius=250, id=135, alphaScaleFactor=765.0)
11-04 10:09:30.482 I/HoneySpace.WallpaperBlurView( 4360): apply(): progress = 0.0068200827, radius = 1, preset = PresetConfigure(blurRadius=250, id=135, alphaScaleFactor=765.0)
11-04 10:09:30.491 I/HoneySpace.WallpaperBlurView( 4360): apply(): progress = 0.0030498505, radius = 0, preset = PresetConfigure(blurRadius=250, id=135, alphaScaleFactor=765.0)
11-04 10:09:30.499 I/HoneySpace.WallpaperBlurView( 4360): apply(): progress = 0.0010119677, radius = 0, preset = PresetConfigure(blurRadius=250, id=135, alphaScaleFactor=765.0)
11-04 10:09:30.507 I/HoneySpace.WallpaperBlurView( 4360): apply(): progress = 1.2648106E-4, radius = 0, preset = PresetConfigure(blurRadius=250, id=135, alphaScaleFactor=765.0)
11-04 10:09:30.516 I/HoneySpace.WallpaperBlurView( 4360): apply(): progress = 1.1920929E-7, radius = 0, preset = PresetConfigure(blurRadius=250, id=135, alphaScaleFactor=765.0)
11-04 10:09:30.524 I/HoneySpace.BackgroundManagerImpl( 4360): setProgress: com.honeyspace.sdk.HomeScreen$Normal@9f12971, p=1.0, ch=268012670, open=true
11-04 10:09:30.524 I/HoneySpace.BackgroundManagerImpl( 4360): setProgressToScrimView[ch=268012670]: progress = 1.0, dim = 0.0, currentDimAlpha={153622939=0.0, 268012670=0.0, 55402661=0.0}
11-04 10:09:30.524 I/HoneySpace.WallpaperBlurView( 4360): clear blur 0.0 false
11-04 10:09:30.524 I/HoneySpace.WallpaperBlurView( 4360): clear view
11-04 10:09:30.524 I/HoneySpace.BackgroundManagerImpl( 4360): setProgressToBlurView[ch=268012670, st =  com.honeyspace.sdk.HomeScreen$Normal@9f12971, progress = 1.0, wb= 0.0]
11-04 10:09:30.524 I/HoneySpace.HoneyScreenManagerImpl( 4360): gotoScreenWithAnimation shouldOpen doOnEnd: HOME
11-04 10:09:30.524 I/HoneySpace.HoneyScreenManagerImpl( 4360): setPreviousState: com.honeyspace.sdk.HomeScreen$Normal@9f12971
11-04 10:09:30.524 I/HoneySpace.HoneyScreenManagerImpl( 4360): Hide APPS
11-04 10:09:30.524 I/HoneySpace.ContentsAnimator( 4360): end call
11-04 10:09:30.524 I/HoneySpace.AppscreenPot( 4360): hide
11-04 10:09:30.524 I/HoneySpace.AppscreenPot( 4360): changeState currentHoneyState: com.honeyspace.sdk.AppScreen$Normal@f80c338 changedState: com.honeyspace.sdk.AppScreen$Normal@f80c338
11-04 10:09:30.524 I/HoneySpace.ApplistFastRecyclerView( 4360): setCurrentPage() currentPage: 1, getNextPage: 1
11-04 10:09:30.525 I/HoneySpace.PageIndicatorViewModel( 4360): updateTargetPage 1
11-04 10:09:30.525 I/HoneySpace.HomescreenPot( 4360): onShown, showHoneyState = com.honeyspace.sdk.HomeScreen$Normal@9f12971
11-04 10:09:30.525 I/HoneySpace.HomescreenViewModel( 4360): resetProgress
11-04 10:09:30.525 I/HoneySpace.BackgroundManagerImpl( 4360): checkAndUpdateBackgroundEffect: com.honeyspace.sdk.HomeScreen$Normal@9f12971, ch=268012670, forceApply=false
11-04 10:09:30.525 I/HoneySpace.WorkspacePot( 4360): notifyOnShown, com.honeyspace.sdk.HomeScreen$Normal@9f12971
11-04 10:09:30.525 I/HoneySpace.WhiteBgColorUpdater( 4360): changeWhiteBgSystemUIColor, com.android.internal.policy.DecorView{47843e2 V.E...... R.....ID 0,0-1080,2640 aid=0}[LauncherActivity], type = 2, supportWhiteBg = true, forced = false, fromHoneyType = workspace, darkStatusBar = 0, darkNavigationBar = false
11-04 10:09:30.525 I/HoneySpace.WhiteBgColorChanger( 4360): changeStatusBarColor, view = com.android.internal.policy.DecorView{47843e2 V.E...... R.....ID 0,0-1080,2640 aid=0}[LauncherActivity], isDarkColor = false
11-04 10:09:30.525 I/HoneySpace.WhiteBgColorUpdater( 4360): changeWhiteBgSystemUIColor, com.android.internal.policy.DecorView{47843e2 V.E...... R.....ID 0,0-1080,2640 aid=0}[LauncherActivity], type = 3, supportWhiteBg = true, forced = false, fromHoneyType = workspace, darkStatusBar = 0, darkNavigationBar = false
11-04 10:09:30.525 I/HoneySpace.WhiteBgColorChanger( 4360): changeNavigationBarColor, view = com.android.internal.policy.DecorView{47843e2 V.E...... R.....ID 0,0-1080,2640 aid=0}[LauncherActivity], isDarkColor = false
11-04 10:09:30.526 E/HeatmapThread( 1790): ECT Thread time in milliseconds: 1762272570
11-04 10:09:30.529 I/HoneySpace.SPayHandler( 4360): updateSpayHandler, show = true, defaultPage = true
11-04 10:09:30.530 I/SAMSUNGWALLET(10715): [Hint_IntroHintService] onReceive() action=com.sec.android.app.launcher.intent.action.UPDATE_SPAY_HANDLER
11-04 10:09:30.530 I/SAMSUNGWALLET(10715): [Hint_IntroHintService] home change, s home : true , default : true , gesture : false , s result : true , prev : false
11-04 10:09:30.533 I/SAMSUNGWALLET(10715): [Hint_SimpleHintProcessMonitor] isHomePackageRunning topPkgName = com.sec.android.app.launcher, topClsName = com.sec.android.app.launcher.Launcher, return true , se : true
11-04 10:09:30.533 I/SAMSUNGWALLET(10715): [Hint_IntroHintService] Hint Status - SHOW, y : 0.0
11-04 10:09:30.534 I/SAMSUNGWALLET(10715): [Hint_IntroHintService] getWindowLayoutParams
11-04 10:09:30.534 I/SAMSUNGWALLET(10715): [Hint_IntroHintService] S fit
11-04 10:09:30.537 D/HeatmapThread( 1790): !@ batteryplugType : 2
11-04 10:09:30.537 D/HeatmapThread( 1790): !@ batteryLevel : 100  batteryTemperature : 295 
11-04 10:09:30.538 D/HeatmapThread( 1790): !@ Heatmap currtime: 29371209
11-04 10:09:30.538 D/HeatmapThread( 1790): !@ Heatmap prevtime: 29371201
11-04 10:09:30.538 D/HeatmapThread( 1790): !@ Heatmap plugstarttime: 29371083
11-04 10:09:30.538 D/HeatmapThread( 1790): !@ Heatmap prevv_dsoh_update_time: 29371186
11-04 10:09:30.538 E/HeatmapThread( 1790): !@ CAM New BSOH: 98
11-04 10:09:30.538 E/HeatmapThread( 1790): !@ CAM is Working
11-04 10:09:30.539 I/HYPER-HAL( 1703): [RequestManager.cpp]acquire(): Acquired ID : 6097071  [1706 / 1785]    HINT :      list : [TID_LOW_LATENCY / 1] [TID / 11164] [TID / 11165] [TID / 10715] [TID / 11166] 
11-04 10:09:30.540 I/WindowManager( 2661): Relayout Window{7bd341a u0 com.samsung.android.spay.pay.HintService}: viewVisibility=0 req=522x72 ty=2024 d0
11-04 10:09:30.540 I/HYPER-HAL( 1703): [RequestManager.cpp]acquire(): Acquired ID : 6097071  [1706 / 1785]    HINT :      list : [TID_LOW_LATENCY / 0] [TID / 11164] [TID / 11165] [TID / 10715] [TID / 11166] 
11-04 10:09:30.541 I/SurfaceFlinger( 1801): id=4460 createSurf, flag=44004, com.samsung.android.spay.pay.HintService$_10715#4460
11-04 10:09:30.541 D/WindowManager( 2661): makeSurface duration=0 name=com.samsung.android.spay.pay.HintService$_10715
11-04 10:09:30.541 D/SurfaceComposerClient( 2661): setCornerRadius ## fe3d3fd com.sec.android.app.launcher/com.sec.android.app.launcher.activities.LauncherActivity#156 cornerRadius=0.000000
11-04 10:09:30.542 D/SurfaceComposerClient( 2661): setCornerRadius ## fe3d3fd com.sec.android.app.launcher/com.sec.android.app.launcher.activities.LauncherActivity#156 cornerRadius=0.000000
11-04 10:09:30.542 I/WindowManager( 2661): Relayout hash=7bd341a, pid=10715, syncId=-1: mAttrs={(0,0)(522x72) gr=BOTTOM CENTER sim={adjust=pan} layoutInDisplayCutoutMode=shortEdges ty=NAVIGATION_BAR_PANEL fmt=TRANSLUCENT
11-04 10:09:30.542 I/WindowManager( 2661):   fl=1800308
11-04 10:09:30.542 I/WindowManager( 2661):   pfl=10000040
11-04 10:09:30.542 I/WindowManager( 2661):   bhv=1
11-04 10:09:30.542 I/WindowManager( 2661):   fitTypes=2
11-04 10:09:30.542 I/WindowManager( 2661):   fitSides=5
11-04 10:09:30.542 I/WindowManager( 2661):   frameRateBoostOnTouch=true
11-04 10:09:30.542 I/WindowManager( 2661):   dvrrWindowFrameRateHint=true naviIconColor=0}
11-04 10:09:30.544 I/BufferQueueProducer(10715): [](id:29db00000029,api:0,p:-1,c:10715) setDequeueTimeout:2077252342
11-04 10:09:30.544 I/BLASTBufferQueue_Java(10715): new BLASTBufferQueue, mName= VRI[HintService]@ada3ee2 mNativeObject= 0xb40000726f39d970 caller= android.view.ViewRootImpl.updateBlastSurfaceIfNeeded:3585 android.view.ViewRootImpl.relayoutWindow:11685 android.view.ViewRootImpl.performTraversals:4804 android.view.ViewRootImpl.doTraversal:3924 android.view.ViewRootImpl$TraversalRunnable.run:12903 android.view.Choreographer$CallbackRecord.run:1901 android.view.Choreographer$CallbackRecord.run:1910 android.view.Choreographer.doCallbacks:1367 android.view.Choreographer.doFrame:1292 android.view.Choreographer$FrameDisplayEventReceiver.run:1870 
11-04 10:09:30.544 I/BLASTBufferQueue_Java(10715): update, w= 522 h= 72 mName = VRI[HintService]@ada3ee2 mNativeObject= 0xb40000726f39d970 sc.mNativeObject= 0xb40000723f217250 format= -3 caller= android.view.ViewRootImpl.updateBlastSurfaceIfNeeded:3590 android.view.ViewRootImpl.relayoutWindow:11685 android.view.ViewRootImpl.performTraversals:4804 android.view.ViewRootImpl.doTraversal:3924 android.view.ViewRootImpl$TraversalRunnable.run:12903 android.view.Choreographer$CallbackRecord.run:1901 
11-04 10:09:30.545 I/VRI[HintService]@ada3ee2(10715): Relayout returned: old=(279,2568,801,2640) new=(279,2568,801,2640) relayoutAsync=false req=(522,72)0 dur=4 res=0x3 s={true 0xb40000718f21ff60} ch=true seqId=0
11-04 10:09:30.546 I/VRI[HintService]@ada3ee2(10715): Creating new active sync group VRI[HintService]@ada3ee2#85
11-04 10:09:30.548 I/SurfaceFlinger( 1801): [com.samsung.android.spay.pay.HintService$_10715#4460] attach to parent LayerHierarchy{RequestedLayerState{7bd341a com.samsung.android.spay.pay.HintService#172 parentId=171} 1 children}
11-04 10:09:30.551 I/VRI[HintService]@ada3ee2(10715): mWNT: t=0xb4000070bf21e590 mBlastBufferQueue=0xb40000726f39d970 fn= 1 HdrRenderState mRenderHdrSdrRatio=1.0 caller= android.view.ViewRootImpl$12.onFrameDraw:15441 android.view.ThreadedRenderer$1.onFrameDraw:718 <bottom of call stack> 
11-04 10:09:30.551 I/VRI[HintService]@ada3ee2(10715): Setting up sync and frameCommitCallback
11-04 10:09:30.552 W/qdgralloc(10715): getInterlacedFlag: getMetaData returned 3, defaulting to interlaced_flag = 0
11-04 10:09:30.554 I/BLASTBufferQueue(10715): [VRI[HintService]@ada3ee2#41](f:0,a:0,s:0) onFrameAvailable the first frame is available
11-04 10:09:30.554 I/SurfaceComposerClient(10715): apply transaction with the first frame. layerId: 4460, bufferData(ID: 46020574576804, frameNumber: 1)
11-04 10:09:30.554 I/VRI[HintService]@ada3ee2(10715): Received frameCommittedCallback lastAttemptedDrawFrameNum=1 didProduceBuffer=true
11-04 10:09:30.555 I/SurfaceFlinger( 1801): [com.samsung.android.spay.pay.HintService$_10715#4460] setTransactionState with the first frame. bufferData(ID: 46020574576804, frameNumber: 1)
11-04 10:09:30.555 D/WindowManager( 2661): finishDrawingWindow: Window{7bd341a u0 com.samsung.android.spay.pay.HintService} mDrawState=DRAW_PENDING seqId=0
11-04 10:09:30.556 D/SurfaceComposerClient( 2661): setCornerRadius ## fe3d3fd com.sec.android.app.launcher/com.sec.android.app.launcher.activities.LauncherActivity#156 cornerRadius=0.000000
11-04 10:09:30.556 V/WindowManager( 2661): performShowLocked: mDrawState=HAS_DRAWN in Window{7bd341a u0 com.samsung.android.spay.pay.HintService}
11-04 10:09:30.556 D/SurfaceComposerClient( 2661): setCornerRadius ## fe3d3fd com.sec.android.app.launcher/com.sec.android.app.launcher.activities.LauncherActivity#156 cornerRadius=0.000000
11-04 10:09:30.565 I/SurfaceFlinger( 1801): RequestedLayer [com.samsung.android.spay.pay.HintService$_10715#4460] hidden!! flag  from(1) --> to(0)
11-04 10:09:30.568 D/SurfaceFlinger( 1801): Display 4630946564756762243 HWC layers:
11-04 10:09:30.568 D/SurfaceFlinger( 1801):        DEVICE |           16432544878185 | 00000100 | 0x7fa30c09   |    0.0    0.0 1080.0 2640.0 |    0    0 1080 2640 | Wallpaper BBQ wrapper 7_systemlock#97 (4045)
11-04 10:09:30.568 D/SurfaceFlinger( 1801):        DEVICE |           18726057411188 | 00002100 | RGBA_8888    |    0.0    0.0 1080.0 2640.0 |    0    0 1080 2640 | com.sec.android.app.launcher/com.sec[...]tivities.LauncherActivity$_4360#4402 (261)
11-04 10:09:30.568 D/SurfaceFlinger( 1801):        DEVICE |           15904263898194 | 00002100 | RGBA_8888    |    0.0    0.0 1080.0   94.0 |    0    0 1080   94 | StatusBar$_3703#126 (3920)
11-04 10:09:30.568 D/SurfaceFlinger( 1801):        DEVICE |           18726057411180 | 00002100 | RGBA_8888    |    0.0    0.0   67.0  342.0 | 1013  519 1080  861 | com.sec.android.app.launcher/com.sam[...]el.app.CocktailBarService$_4360#4348 (1)
11-04 10:09:30.568 D/SurfaceFlinger( 1801):        DEVICE |           15904263898192 | 00002100 | RGBA_8888    |    0.0    0.0 1080.0  144.0 |    0 2496 1080 2640 | NavigationBar0$_3703#122 (3755)
11-04 10:09:30.568 D/SurfaceFlinger( 1801):        DEVICE |           46020574576804 | 00002100 | RGBA_8888    |    0.0    0.0  522.0   72.0 |  279 2568
11-04 10:09:30.568 D/SurfaceFlinger( 1801):   801 2640 | com.samsung.android.spay.pay.HintService$_10715#4460 (1)
11-04 10:09:30.568 D/SurfaceFlinger( 1801): 
11-04 10:09:30.630 I/NSLocationMonitor( 2661): getGPSUsingApps() called
11-04 10:09:30.631 I/NSLocationManager_FLP( 4927): getGPSUsingApps, No change
11-04 10:09:30.638 D/FreecessHandler( 2661): freeze com.wuliang.xapkinstaller(10194) result : 2
11-04 10:09:30.659 D/DisplayManagerService( 2661): handleBrightnessAnimation: started=false
11-04 10:09:30.659 D/RefreshRateModeManager( 2661): set fix=0, brightness=315, lux=181.0, mIsWirelessCharging=false
11-04 10:09:30.659 D/RefreshRateModeManager( 2661): setPassiveMode=false, brightness=315, lux=181.0, PassiveModeToken=false
11-04 10:09:30.660 I/RefreshRateModeManager( 2661): Schedule to change HFRmode=REFRESH_RATE_MODE_SEAMLESS, mDisplayToken=android.os.BinderProxy@db48431
11-04 10:09:30.660 I/RefreshRateModeManager( 2661):     -1:
11-04 10:09:30.660 I/RefreshRateModeManager( 2661):       PRIORITY_REFRESH_RATE_MODE -> CombinedVote{ mVotes=[PhysicalVote{ RefreshRateVote{  mMinRefreshRate=10.0, mMaxRefreshRate=120.0 } }, DisableRefreshRateSwitchingVote{ mDisableRefreshRateSwitching=false }] }
11-04 10:09:30.660 I/RefreshRateModeManager( 2661):     0:
11-04 10:09:30.660 I/RefreshRateModeManager( 2661):       PRIORITY_USER_SETTING_PEAK_RENDER_FRAME_RATE -> RenderVote{ RefreshRateVote{  mMinRefreshRate=0.0, mMaxRefreshRate=120.0 } }
11-04 10:09:30.660 I/RefreshRateModeManager( 2661):       PRIORITY_USER_SETTING_PEAK_REFRESH_RATE -> CombinedVote{ mVotes=[PhysicalVote{ RefreshRateVote{  mMinRefreshRate=0.0, mMaxRefreshRate=120.0 } }, DisableRefreshRateSwitchingVote{ mDisableRefreshRateSwitching=false }] }
11-04 10:09:30.660 I/RefreshRateModeManager( 2661):       PRIORITY_USER_SETTING_MIN_RENDER_FRAME_RATE -> RenderVote{ RefreshRateVote{  mMinRefreshRate=0.0, mMaxRefreshRate=Infinity } }
11-04 10:09:30.660 I/RefreshRateModeManager( 2661):     1:
11-04 10:09:30.660 I/RefreshRateModeManager( 2661):       PRIORITY_USER_SETTING_PEAK_RENDER_FRAME_RATE -> RenderVote{ RefreshRateVote{  mMinRefreshRate=0.0, mMaxRefreshRate=120.0 } }
11-04 10:09:30.660 I/RefreshRateModeManager( 2661):       PRIORITY_USER_SETTING_PEAK_REFRESH_RATE -> CombinedVote{ mVotes=[PhysicalVote{ RefreshRateVote{  mMinRefreshRate=0.0, mMaxRefreshRate=120.0 } }, DisableRefreshRateSwitchingVote{ mDisableRefreshRateSwitching=false }] }
11-04 10:09:30.660 I/RefreshRateModeManager( 2661):       PRIORITY_USER_SETTING_MIN_RENDER_FRAME_RATE -> RenderVote{ RefreshRateVote{  mMinRefreshRate=0.0, mMaxRefreshRate=Infinity } }
11-04 10:09:30.660 I/RefreshRateModeManager( 2661): 
11-04 10:09:30.660 I/RefreshRateModeManager( 2661):  mModeSwitchingType: SWITCHING_TYPE_WITHIN_GROUPS mAlwaysRespectAppRequest: false
11-04 10:09:30.660 I/RefreshRateModeManager( 2661):  Current Mode mReportedRefreshRateMode(toSurfaceFlinger)=REFRESH_RATE_MODE_SEAMLESS, mRefreshRateMode(fromSettings)=REFRESH_RATE_MODE_SEAMLESS
11-04 10:09:30.660 I/RefreshRateModeManager( 2661):  BrightnessState mPassive=false, PassiveModeToken=false, mLfd=0, mBrightness=315, mAmbientLux=181.0, mIsWirelessCharing=false
11-04 10:09:30.660 D/SurfaceControl( 2661): notifyHFRmode, displayToken=android.os.BinderProxy@db48431, hfrMode=REFRESH_RATE_MODE_SEAMLESS
11-04 10:09:30.660 I/RefreshRateTokenController( 2661): Removing refreshRateToken={ RefreshRateToken[->PassiveModeToken:BrightnessAnim, acquire at 11279237 (435 ms ago)}, caller=com.android.server.display.mode.RefreshRateToken.release:5 com.android.server.display.DisplayManagerService$$ExternalSyntheticLambda1.accept:405 com.android.server.display.DisplayPowerController$3.run:24 android.os.Handler.handleCallback:995 android.os.Handler.dispatchMessage:103 
11-04 10:09:30.660 I/SurfaceFlinger( 1801): [4630946564756762243] HFR mode : 1
11-04 10:09:30.680 I/HWComposer( 1801): [4630946564756762243] ActiveConfigToHWC, ID : 0
11-04 10:09:30.682 I/SDM     ( 1721): HWDeviceDRM::SetDisplaySwitchMode: [DispConfigs] check hs_mode 1
11-04 10:09:30.682 W/SDM     ( 1721): HWDeviceDRM::GetSupportedBitClkRate: Requested rate not supported: 954000000
11-04 10:09:30.682 I/SDM     ( 1721): HWDeviceDRM::SetDisplaySwitchMode: [DispConfigs] Mode 0 1080x2640x120xcmdHS already set
11-04 10:09:30.682 I/SDM     ( 1721): HWDeviceDRM::UpdateMixerAttributes: Mixer WxH 1080x2640-1 for Peripheral
11-04 10:09:30.682 I/SDM     ( 1721): HWCDisplay::SubmitDisplayConfig: Active configuration changed from config 0 to 0
11-04 10:09:30.782 D/SemWifiUsabilityStatsMonitor( 2661): onWifiUsabilityStats - seqNum 3711, isSameBssidAndFreq true
11-04 10:09:30.783 D/InsDataManager( 2661): onOutageCountUpdate() - Outage Data: 0, LQ : Y. Outage Triggered: false
11-04 10:09:30.783 D/InsDataManager( 2661): Trying to save initial normal data.
11-04 10:09:30.784 D/SensorCollector( 2661): syncMappedBuffers: 0, 0, 0
11-04 10:09:30.784 D/InsDataManager( 2661): trimBuffers start.
11-04 10:09:30.784 D/InsDataManager( 2661): trimBuffers - nsmBuffer size: 26
11-04 10:09:30.785 D/InsDataManager( 2661): Too short for collecting additional normal data
11-04 10:09:30.785 D/SemInsManager( 2661): {"bssid": "015c84fd6295","rssi": -57.0,"latency": 0.0,"outage_count": 0,"lq_callback_triggered": true,"outage_log": "Unreliable statistics: -57.0 / 1 / 147 / 6 / 0 || 015c84fd6295: 0.000 / 0.000 / @ || N N / 0 0 / Y 2.0 / Y X 0 / 11279795 0 || Invalid""Magnetic Sensor Events size": "0""Pressure Sensor Events size": "0"}
11-04 10:09:31.229 D/io_stats( 1233): !@   8,0 r 390453 18266480 w 267471 8545564 d 28628 6658628 f 16555 27927 iot 144636 0 th 0 0 0 pt 0 inp 0 0 11280.241
11-04 10:09:31.230 D/io_stats( 1233): !@ Read_top(KB): kworker/u16:2(6768) 13056 kworker/u16:0(10378) 6656 kworker/u16:4(32728) 768
11-04 10:09:31.230 D/io_stats( 1233): !@ Write_top(KB): kworker/u16:1(6270) 792 f2fs_ckpt-254:6(1371) 160 appmanager:auth(24991) 32
11-04 10:09:31.371 I/vendor.qti.bluetooth@1.1-ibs_handler( 1685): ProcessIbsCmd: Received IBS_WAKE_IND: 0xFD
11-04 10:09:31.372 D/vendor.qti.bluetooth@1.1-ibs_handler( 1685): SerialClockVote: vote for UART CLK ON
11-04 10:09:31.372 D/vendor.qti.bluetooth@1.1-wake_lock( 1685): Acquire wakelock is acquired 
11-04 10:09:31.372 I/vendor.qti.bluetooth@1.1-ibs_handler( 1685): ProcessIbsCmd: Writing IBS_WAKE_ACK
11-04 10:09:31.381 I/ScanController( 3956): onScanResult to scannerId: 6- eventType=0x0, addressType=1, address=XX:XX:XX:XX:0A:76, primaryPhy=1, secondaryPhy=1, advertisingSid=0x1, txPower=127, rssi=-72, periodicAdvInt=0x0
11-04 10:09:31.420 I/vendor.qti.bluetooth@1.1-ibs_handler( 1685): ProcessIbsCmd: Received IBS_SLEEP_IND: 0xFE
11-04 10:09:31.420 D/vendor.qti.bluetooth@1.1-ibs_handler( 1685): SerialClockVote: vote for UART CLK OFF
11-04 10:09:31.444 I/SemWifiCtlFeatureMediator( 2661): Trf ratio: 0.0% (0.00 / 98.11) v ( NR) || Query: BW false (false) 0.7 0.5 1.0 / NSS true (false) 1.0 1.0 1.0 
11-04 10:09:31.525 E/HeatmapThread( 1790): ECT Thread time in milliseconds: 1762272571
11-04 10:09:31.531 D/HeatmapThread( 1790): !@ batteryplugType : 2
11-04 10:09:31.531 D/HeatmapThread( 1790): !@ batteryLevel : 100  batteryTemperature : 295 
11-04 10:09:31.531 D/HeatmapThread( 1790): !@ Heatmap currtime: 29371209
11-04 10:09:31.531 D/HeatmapThread( 1790): !@ Heatmap prevtime: 29371201
11-04 10:09:31.531 D/HeatmapThread( 1790): !@ Heatmap plugstarttime: 29371083
11-04 10:09:31.531 D/HeatmapThread( 1790): !@ Heatmap prevv_dsoh_update_time: 29371186
11-04 10:09:31.532 E/HeatmapThread( 1790): !@ CAM New BSOH: 98
11-04 10:09:31.532 E/HeatmapThread( 1790): !@ CAM is Working
11-04 10:09:31.571 D/vendor.qti.bluetooth@1.1-wake_lock( 1685): Release wakelock is released 
11-04 10:09:31.786 D/InputReader( 2661): Btn_touch(3): value=1 when=11280.798617
11-04 10:09:31.786 I/InputReader( 2661): Touch event's action is 0x0 (id=9, t=0) [pCnt=1, s=0.701 ] when=11280.798617
11-04 10:09:31.788 I/InputDispatcher( 2661): Delivering touch to (3703): action: 0x4, f=0x0, d=0, 'a128066', t=1 
11-04 10:09:31.788 I/InputDispatcher( 2661): Delivering touch to (3703): action: 0x0, f=0x0, d=0, 'd4be988', t=1 
11-04 10:09:31.788 D/PowerManagerService( 2661): [api] userActivityFromNative : touch displayId=0 eventTime=11280798
11-04 10:09:31.790 I/SemDvfsHyPerManager( 6400): acquire hyper - TATouchBoost/6400@30, type = -999
11-04 10:09:31.790 I/VRI[StatusBar]@fe89481( 3703): ViewPostIme pointer 0
11-04 10:09:31.791 I/SemDvfsHyPerManager( 6400): acquire hyper - TA_TOUCH_SHARE/6400@31, type = -999
11-04 10:09:31.791 D/QuickPanelLog( 3703): SBWV | dispatchTouchEvent | MotionEvent { action=ACTION_DOWN, actionButton=0, id[0]=0, x[0]=855.61523, y[0]=6.4453125, toolType[0]=TOOL_TYPE_FINGER, buttonState=0, classification=NONE, metaState=0, flags=0x0, edgeFlags=0x0, pointerCount=1, historySize=0, eventTime=11280798, downTime=11280798, deviceId=9, source=0x1002, displayId=0, eventId=959548029 } |  | SHADE
11-04 10:09:31.791 I/GestureDetector( 2661): obtain mCurrentDownEvent. id: 959548029 caller: com.android.server.wm.SystemGesturesPointerEventListener.onPointerEvent:17 com.android.server.wm.PointerEventDispatcher.onInputEvent:51 android.view.InputEventReceiver.dispatchInputEvent:392 
11-04 10:09:31.791 D/QuickPanelLog( 3703): PSBV | onInterceptTouchEvent | ACTION_DOWN | x:855.61523, y:6.4453125 |  | SHADE
11-04 10:09:31.791 D/QuickPanelLog( 3703): PSBVC | onInterceptTouchEvent | ACTION_DOWN | x:855.61523, y:6.4453125 |  | SHADE
11-04 10:09:31.791 I/GestureDetector( 2661): obtain mCurrentDownEvent. id: 959548029 caller: com.android.server.wm.SystemPerformancePointerEventListener.onPointerEvent:13 com.android.server.wm.PointerEventDispatcher.onInputEvent:51 android.view.InputEventReceiver.dispatchInputEvent:392 
11-04 10:09:31.791 I/HYPER-HAL( 1703): [RequestManager.cpp]acquire(): Acquired ID : 20675695  [6400 / 30]    HINT :      list : [TABoost / 1] [TIMEOUT / 1500] 
11-04 10:09:31.792 I/HYPER-HAL( 1703): [RequestManager.cpp]acquire(): Acquired ID : 20682127  [6400 / 31]    HINT : TA_TOUCH_SHARE    list : [TIMEOUT / 1500] 
11-04 10:09:31.792 D/QuickPanelLog( 3703): PSBV | onTouchEvent | ACTION_DOWN |  | SHADE
11-04 10:09:31.792 D/QuickPanelLog( 3703): PSBVC | onTouchEvent | ACTION_DOWN |  | SHADE
11-04 10:09:31.792 D/QuickPanelLog( 3703): NPVC | onTouchEvent | ACTION_DOWN |  | SHADE
11-04 10:09:31.792 D/QuickPanelLog( 3703): QSCI | handleTouch | ACTION_DOWN | isFullyCollapsed: true, isShadeOrQsHeightAnimationRunning: false | SHADE
11-04 10:09:31.793 D/QuickPanelLog( 3703): QSCI | setTracking: false -> false
11-04 10:09:31.793 D/QuickPanelLog( 3703):  - com.android.systemui.shade.QuickSettingsControllerImpl.setTracking:47
11-04 10:09:31.793 D/QuickPanelLog( 3703):  - com.android.systemui.shade.QuickSettingsControllerImpl.handleTouch:263
11-04 10:09:31.793 D/QuickPanelLog( 3703):  - com.android.systemui.shade.NotificationPanelViewController$TouchHandler.onTouchEvent:2053
11-04 10:09:31.793 D/QuickPanelLog( 3703):  - com.android.systemui.shade.NotificationPanelViewController.handleExternalTouch:7
11-04 10:09:31.793 D/QuickPanelLog( 3703):  - com.android.systemui.statusbar.phone.PhoneStatusBarView.onTouchEvent:178
11-04 10:09:31.793 D/QuickPanelLog( 3703):  - android.view.View.performOnTouchCallback:17234
11-04 10:09:31.793 D/QuickPanelLog( 3703):  - android.view.View.dispatchTouchEvent:17187
11-04 10:09:31.793 D/QuickPanelLog( 3703):  - android.view.ViewGroup.dispatchTransformedTouchEvent:3365
11-04 10:09:31.793 D/QuickPanelLog( 3703):  - android.view.ViewGroup.dispatchTouchEvent:3032
11-04 10:09:31.793 D/QuickPanelLog( 3703):  - android.view.ViewGroup.dispatchTransformedTouchEvent:3371
11-04 10:09:31.793 D/SecPanelSplitHelper( 3703): shouldQSDown statusBarState = 0, state = 1 displayWidthOfDivider = 756 x = 855.61523 y = 6.4453125 statusBarHeight = 94
11-04 10:09:31.793 D/SecPanelSplitHelper( 3703): slide ( QS_STATE )
11-04 10:09:31.793 D/SecPanelSplitHelper( 3703):  - com.android.systemui.shade.SecPanelSplitHelper.shouldQSDown:221
11-04 10:09:31.793 D/SecPanelSplitHelper( 3703):  - com.android.systemui.shade.QuickSettingsControllerImpl.isOpenQsEvent:88
11-04 10:09:31.793 D/SecPanelSplitHelper( 3703):  - com.android.systemui.shade.QuickSettingsControllerImpl.handleTouch:722
11-04 10:09:31.793 D/SecPanelSplitHelper( 3703):  - com.android.systemui.shade.NotificationPanelViewController$TouchHandler.onTouchEvent:2053
11-04 10:09:31.793 D/SecPanelSplitHelper( 3703):  - com.android.systemui.shade.NotificationPanelViewController.handleExternalTouch:7
11-04 10:09:31.793 D/SecPanelSplitHelper( 3703):  - com.android.systemui.statusbar.phone.PhoneStatusBarView.onTouchEvent:178
11-04 10:09:31.793 D/SecPanelSplitHelper( 3703):  - android.view.View.performOnTouchCallback:17234
11-04 10:09:31.793 D/SecPanelSplitHelper( 3703):  - android.view.View.dispatchTouchEvent:17187
11-04 10:09:31.793 D/SecPanelSplitHelper( 3703):  - android.view.ViewGroup.dispatchTransformedTouchEvent:3365
11-04 10:09:31.793 D/SecPanelSplitHelper( 3703):  - android.view.ViewGroup.dispatchTouchEvent:3032
11-04 10:09:31.793 D/SecPanelSplitHelper( 3703): updateState QS_STATE
11-04 10:09:31.794 I/GestureDetector( 2661): obtain mCurrentMotionEventRaw. action: 2 id: 284650546
11-04 10:09:31.794 I/GestureDetector( 2661): obtain mCurrentMotionEventRaw. action: 2 id: 284650546
11-04 10:09:31.798 I/VSyncReactor( 1801): Current= 120, Period= 120, Distance= 1
11-04 10:09:31.799 D/SecQSExpansionStateRepository( 3703): pte: true | pts: 0 | lsse: 0.0 | qe: 0.0
11-04 10:09:31.799 D/SecPanelSplitHelper( 3703): updatePanelVisibility QS_STATE
11-04 10:09:31.800 D/QuickPanelLog( 3703): NISV | setVisibility: 0, caller: com.android.systemui.shade.SecPanelSplitHelper.updatePanelVisibility:79 
