11-04 10:09:31.800 D/QuickPanelLog( 3703):  - com.android.systemui.qs.NonInterceptingScrollView.setVisibility:29
11-04 10:09:31.800 D/QuickPanelLog( 3703):  - com.android.systemui.shade.SecPanelSplitHelper.updatePanelVisibility:79
11-04 10:09:31.800 D/QuickPanelLog( 3703):  - com.android.systemui.shade.SecPanelSplitHelper.updateState:134
11-04 10:09:31.800 D/QuickPanelLog( 3703):  - com.android.systemui.shade.SecPanelSplitHelper.slide$1:23
11-04 10:09:31.800 D/QuickPanelLog( 3703):  - com.android.systemui.shade.SecPanelSplitHelper.shouldQSDown:221
11-04 10:09:31.800 D/QuickPanelLog( 3703):  - com.android.systemui.shade.QuickSettingsControllerImpl.isOpenQsEvent:88
11-04 10:09:31.800 D/QuickPanelLog( 3703):  - com.android.systemui.shade.QuickSettingsControllerImpl.handleTouch:722
11-04 10:09:31.800 D/QuickPanelLog( 3703):  - com.android.systemui.shade.NotificationPanelViewController$TouchHandler.onTouchEvent:2053
11-04 10:09:31.800 D/QuickPanelLog( 3703):  - com.android.systemui.shade.NotificationPanelViewController.handleExternalTouch:7
11-04 10:09:31.800 D/QuickPanelLog( 3703):  - com.android.systemui.statusbar.phone.PhoneStatusBarView.onTouchEvent:178
11-04 10:09:31.800 D/SecPanelSAStatusLogInteractor( 3703): QPBSE1004 => SS: 19 : SK: 0
11-04 10:09:31.800 D/SecPanelSAStatusLogInteractor( 3703): QPBSE1004 => WDS: 0 : WDK: 0
11-04 10:09:31.800 D/SecPanelSAStatusLogInteractor( 3703): QPBSE1004 => HSS: 1 : HSK: 0
11-04 10:09:31.800 D/PanelTransitionAnimator( 3703): fraction = 1.0 direction = DOWN stateToChange = QS_STATE StatusBar = SHADE panelTransitionState = QS_STATE
11-04 10:09:31.800 D/PanelTransitionAnimator( 3703): QS_STATE
11-04 10:09:31.800 D/PanelTransitionAnimator( 3703): clearAnimationState QS_STATE
11-04 10:09:31.801 D/SecPanelSplitHelper( 3703): shouldQSDown x, isReversed? false, QS_STATE return true
11-04 10:09:31.801 D/QuickPanelLog( 3703): QSCI | setExpandImmediate: true
11-04 10:09:31.801 D/QuickPanelLog( 3703):  - com.android.systemui.shade.QuickSettingsControllerImpl.setExpandImmediate:58
11-04 10:09:31.801 D/QuickPanelLog( 3703):  - com.android.systemui.shade.QuickSettingsControllerImpl.handleTouch:742
11-04 10:09:31.801 D/QuickPanelLog( 3703):  - com.android.systemui.shade.NotificationPanelViewController$TouchHandler.onTouchEvent:2053
11-04 10:09:31.801 D/QuickPanelLog( 3703):  - com.android.systemui.shade.NotificationPanelViewController.handleExternalTouch:7
11-04 10:09:31.801 D/QuickPanelLog( 3703):  - com.android.systemui.statusbar.phone.PhoneStatusBarView.onTouchEvent:178
11-04 10:09:31.801 D/QuickPanelLog( 3703):  - android.view.View.performOnTouchCallback:17234
11-04 10:09:31.801 D/QuickPanelLog( 3703):  - android.view.View.dispatchTouchEvent:17187
11-04 10:09:31.801 D/QuickPanelLog( 3703):  - android.view.ViewGroup.dispatchTransformedTouchEvent:3365
11-04 10:09:31.801 D/QuickPanelLog( 3703):  - android.view.ViewGroup.dispatchTouchEvent:3032
11-04 10:09:31.801 D/QuickPanelLog( 3703):  - android.view.ViewGroup.dispatchTransformedTouchEvent:3371
11-04 10:09:31.801 W/KeyguardTouchAnimator( 3703): NPVC touch is canceled on not KEYGUARD STATE = 0
11-04 10:09:31.802 I/SemDvfsHyPerManager( 2661): acquire hyper - WM_SCROLL_DETECTED/2661@2, type = -999
11-04 10:09:31.803 I/HYPER-HAL( 1703): [RequestManager.cpp]acquire(): Acquired ID : 3547118  [2661 / 2]    HINT :      list : [CoreNumBigMin / 3] 
11-04 10:09:31.804 D/SecPanelSplitHelper( 3703): initiateSlide (855.61523, 6.4453125) displayWidthOfDivider = 756
11-04 10:09:31.804 D/SecPanelSplitHelper( 3703): onIntercept: ACTION_DOWN: FINAL: return false
11-04 10:09:31.804 D/QuickPanelLog( 3703): NPVC | handleTouch | ACTION_DOWN |  | SHADE
11-04 10:09:31.805 D/PanelSplitOpenAnimator( 3703): onPanelExpansionChanged : 0.0 state : 0
11-04 10:09:31.805 D/PanelSplitOpenAnimator( 3703): setPosition : 0.0 // true false false 0.0
11-04 10:09:31.806 I/VSyncReactor( 1801): Current= 120, Period= 120, Distance= 120
11-04 10:09:31.807 D/ImmersiveScrollAnimator( 3703): clearAnimators
11-04 10:09:31.807 I/NowBarCardViewModel( 3703): setVisibility visible = 4 / nowBarRootVisibility = 4
11-04 10:09:31.808 D/QuickPanelLog( 3703): NPVC | handleTouch | ACTION_DOWN | FINAL: !mGestureWaitForTouchSlop: false || isTracking(): false | SHADE
11-04 10:09:31.808 D/QuickPanelLog( 3703): NPVC | onTouchEvent | ACTION_DOWN | FINAL: !mDozing: true || handled: true | SHADE
11-04 10:09:31.808 I/VRI[StatusBar]@fe89481( 3703): call setFrameRateCategory for touch hint category=high hint, reason=touch, vri=VRI[StatusBar]@fe89481
11-04 10:09:31.808 D/QuickPanelLog( 3703): SBWV | dispatchTouchEvent | MotionEvent { action=ACTION_MOVE, actionButton=0, id[0]=0, x[0]=824.92285, y[0]=39.50879, toolType[0]=TOOL_TYPE_FINGER, buttonState=0, classification=NONE, metaState=0, flags=0x0, edgeFlags=0x0, pointerCount=1, historySize=2, eventTime=11280814, downTime=11280798, deviceId=9, source=0x1002, displayId=0, eventId=461389353 } |  | SHADE
11-04 10:09:31.808 D/QuickPanelLog( 3703): PSBV | onTouchEvent | ACTION_MOVE |  | SHADE
11-04 10:09:31.808 D/QuickPanelLog( 3703): PSBVC | onTouchEvent | ACTION_MOVE |  | SHADE
11-04 10:09:31.808 D/QuickPanelLog( 3703): NPVC | onTouchEvent | ACTION_MOVE |  | SHADE
11-04 10:09:31.808 D/QuickPanelLog( 3703): QSCI | handleTouch | ACTION_MOVE | isFullyCollapsed: true, isShadeOrQsHeightAnimationRunning: false | SHADE
11-04 10:09:31.809 D/QuickPanelLog( 3703): QSCI | setTracking: false -> false
11-04 10:09:31.809 D/QuickPanelLog( 3703):  - com.android.systemui.shade.QuickSettingsControllerImpl.setTracking:47
11-04 10:09:31.809 D/QuickPanelLog( 3703):  - com.android.systemui.shade.QuickSettingsControllerImpl.handleTouch:263
11-04 10:09:31.809 D/QuickPanelLog( 3703):  - com.android.systemui.shade.NotificationPanelViewController$TouchHandler.onTouchEvent:2053
11-04 10:09:31.809 D/QuickPanelLog( 3703):  - com.android.systemui.shade.NotificationPanelViewController.handleExternalTouch:7
11-04 10:09:31.809 D/QuickPanelLog( 3703):  - com.android.systemui.statusbar.phone.PhoneStatusBarView.onTouchEvent:178
11-04 10:09:31.809 D/QuickPanelLog( 3703):  - android.view.View.performOnTouchCallback:17234
11-04 10:09:31.809 D/QuickPanelLog( 3703):  - android.view.View.dispatchTouchEvent:17187
11-04 10:09:31.809 D/QuickPanelLog( 3703):  - android.view.ViewGroup.dispatchTransformedTouchEvent:3365
11-04 10:09:31.809 D/QuickPanelLog( 3703):  - android.view.ViewGroup.dispatchTouchEvent:3032
11-04 10:09:31.809 D/QuickPanelLog( 3703):  - android.view.ViewGroup.dispatchTransformedTouchEvent:3371
11-04 10:09:31.809 W/KeyguardTouchAnimator( 3703): NPVC touch is canceled on not KEYGUARD STATE = 0
11-04 10:09:31.809 D/QuickPanelLog( 3703): NPVC | handleTouch | ACTION_MOVE |  | SHADE
11-04 10:09:31.809 D/QuickPanelLog( 3703): NPVC | onTrackingStarted: isTracking(): false -> true
11-04 10:09:31.809 D/QuickPanelLog( 3703):  - com.android.systemui.shade.NotificationPanelViewController.onTrackingStarted:31
11-04 10:09:31.809 D/QuickPanelLog( 3703):  - com.android.systemui.shade.NotificationPanelViewController$TouchHandler.handleTouch$1:592
11-04 10:09:31.809 D/QuickPanelLog( 3703):  - com.android.systemui.shade.NotificationPanelViewController$TouchHandler.onTouchEvent:2659
11-04 10:09:31.809 D/QuickPanelLog( 3703):  - com.android.systemui.shade.NotificationPanelViewController.handleExternalTouch:7
11-04 10:09:31.809 D/QuickPanelLog( 3703):  - com.android.systemui.statusbar.phone.PhoneStatusBarView.onTouchEvent:178
11-04 10:09:31.809 D/QuickPanelLog( 3703):  - android.view.View.performOnTouchCallback:17234
11-04 10:09:31.809 D/QuickPanelLog( 3703):  - android.view.View.dispatchTouchEvent:17187
11-04 10:09:31.809 D/QuickPanelLog( 3703):  - android.view.ViewGroup.dispatchTransformedTouchEvent:3365
11-04 10:09:31.809 D/QuickPanelLog( 3703):  - android.view.ViewGroup.dispatchTouchEvent:3032
11-04 10:09:31.809 D/QuickPanelLog( 3703):  - android.view.ViewGroup.dispatchTransformedTouchEvent:3371
11-04 10:09:31.809 D/ShadeExpansionStateManager( 3703): updateStateInternal: CLOSED -> OPENING
11-04 10:09:31.810 D/QuickPanelLog( 3703): SC | makeExpandedVisible: force: false
11-04 10:09:31.810 D/QuickPanelLog( 3703):  - com.android.systemui.shade.ShadeControllerImpl.makeExpandedVisible:80
11-04 10:09:31.810 D/QuickPanelLog( 3703):  - com.android.systemui.shade.NotificationPanelViewController$$ExternalSyntheticLambda6.onPanelStateChanged$2:121
11-04 10:09:31.810 D/QuickPanelLog( 3703):  - com.android.systemui.shade.ShadeExpansionStateManager.updateStateInternal:51
11-04 10:09:31.810 D/QuickPanelLog( 3703):  - com.android.systemui.shade.NotificationPanelViewController.updateExpansionAndVisibility:40
11-04 10:09:31.810 D/QuickPanelLog( 3703):  - com.android.systemui.shade.NotificationPanelViewController.onTrackingStarted:61
11-04 10:09:31.810 D/QuickPanelLog( 3703):  - com.android.systemui.shade.NotificationPanelViewController$TouchHandler.handleTouch$1:592
11-04 10:09:31.810 D/QuickPanelLog( 3703):  - com.android.systemui.shade.NotificationPanelViewController$TouchHandler.onTouchEvent:2659
11-04 10:09:31.810 D/QuickPanelLog( 3703):  - com.android.systemui.shade.NotificationPanelViewController.handleExternalTouch:7
11-04 10:09:31.810 D/QuickPanelLog( 3703):  - com.android.systemui.statusbar.phone.PhoneStatusBarView.onTouchEvent:178
11-04 10:09:31.810 D/QuickPanelLog( 3703):  - android.view.View.performOnTouchCallback:17234
11-04 10:09:31.810 D/KeyguardVisible( 3703): isExpanded=true
11-04 10:09:31.810 D/KeyguardVisible( 3703): !forceCollapsed=1, keyguard=0, panel=1, fadingAway=0, bouncer=0, headsUp=0, scrim=0, blur=0, launchingActivity=0, dozing=0, forceInvisible=0, forceVisibleForUnlockAnimation=0, coverClosed=0, coverApp=0, coverType=0
11-04 10:09:31.810 D/KeyguardSurface( 3703): internalRestoreKeyguardSurfaceIfVisible true
11-04 10:09:31.811 D/BackActionInteractor( 3703): registerBackCallback
11-04 10:09:31.811 D/KeyguardVisible( 3703): go panelState: CLOSED -> OPENING tracking=false, expanded=false, fraction=0.0
11-04 10:09:31.811 D/ShadeExpansionStateManager( 3703): onPanelExpansionChanged: CLOSED -> OPENING
11-04 10:09:31.812 D/KeyguardVisible( 3703): go panelState: OPENING -> OPENING tracking=true, expanded=true, fraction=0.0
11-04 10:09:31.812 D/PanelSplitOpenAnimator( 3703): onPanelExpansionChanged : 0.0 state : 0
11-04 10:09:31.812 D/PanelSplitOpenAnimator( 3703): setPosition : 0.0 // true false false 0.0
11-04 10:09:31.812 D/WindowManager( 2661): requestTransientBars: swipeTarget=Window{d4be988 u0 StatusBar}, controlTarget=Window{fe3d3fd u0 com.sec.android.app.launcher/com.sec.android.app.launcher.activities.LauncherActivity}, canShowTransient=true, restorePositionTypes=0x3, from=com.android.server.wm.DisplayPolicy$1.onSwipeFromTop:51 com.android.server.wm.SystemGesturesPointerEventListener.onPointerEvent:537 
11-04 10:09:31.812 D/CoreBackPreview( 2661): Window{4b583a4 u0 NotificationShade}: Setting back callback OnBackInvokedCallbackInfo{mCallback=android.window.IOnBackInvokedCallback$Stub$Proxy@19983a5, mPriority=0, mIsAnimationCallback=false, mOverrideBehavior=0}
11-04 10:09:31.813 D/ImmersiveScrollAnimator( 3703): clearAnimators
11-04 10:09:31.814 D/KeyguardVisible( 3703): shouldPanelBeVisible true / headUpVisible=false, why=-1
11-04 10:09:31.814 I/NowBarCardViewModel( 3703): setVisibility visible = 4 / nowBarRootVisibility = 4
11-04 10:09:31.814 D/QuickPanelLog( 3703): NPVC | updateExpansionAndVisibility: mExpandedFraction: 0.0, mInstantExpanding: false, isPanelVisibleBecauseOfHeadsUp: false, isTracking(): true, mIsSpringBackAnimation: false, isExpanded: true, isFullyExpanded: false, isFullyCollapsed: true, mHeightAnimator is null: true
11-04 10:09:31.814 D/QuickPanelLog( 3703):  - com.android.systemui.shade.NotificationPanelViewController.updateExpansionAndVisibility:350
11-04 10:09:31.814 D/QuickPanelLog( 3703):  - com.android.systemui.shade.NotificationPanelViewController.onTrackingStarted:61
11-04 10:09:31.814 D/QuickPanelLog( 3703):  - com.android.systemui.shade.NotificationPanelViewController$TouchHandler.handleTouch$1:592
11-04 10:09:31.814 D/QuickPanelLog( 3703):  - com.android.systemui.shade.NotificationPanelViewController$TouchHandler.onTouchEvent:2659
11-04 10:09:31.814 D/QuickPanelLog( 3703):  - com.android.systemui.shade.NotificationPanelViewController.handleExternalTouch:7
11-04 10:09:31.814 D/QuickPanelLog( 3703):  - com.android.systemui.statusbar.phone.PhoneStatusBarView.onTouchEvent:178
11-04 10:09:31.814 D/QuickPanelLog( 3703):  - android.view.View.performOnTouchCallback:17234
11-04 10:09:31.814 D/QuickPanelLog( 3703):  - android.view.View.dispatchTouchEvent:17187
11-04 10:09:31.814 D/QuickPanelLog( 3703):  - android.view.ViewGroup.dispatchTransformedTouchEvent:3365
11-04 10:09:31.814 D/QuickPanelLog( 3703):  - android.view.ViewGroup.dispatchTouchEvent:3032
11-04 10:09:31.814 D/KeyguardVisible( 3703): cancelPendingPanelCollapse false
11-04 10:09:31.814 I/SurfaceFlinger( 1801): [StatusBar$_3703#126] setFrameRateCategory: HighHint
11-04 10:09:31.814 D/QSScrimViewSwitch( 3703): 0 => 8: sb: SHADE | cks: GONE | ts: FINISHED | sps: SCREEN_ON | lsse: 0.0 | lse: 0.025220044 | qe: 0.0 | sba: 0.0
11-04 10:09:31.814 D/QSScrimViewSwitch( 3703): set visibility[0 => 8] vis: 8 | pbs: false
11-04 10:09:31.815 D/ScrimController( 3703): updateScrimColor main=0xff121318 front=0x0|0.000000|0 noti=0xff121318|0.000000|8 behind=0xff000000|0.000000|8 vis=0
11-04 10:09:31.815 D/ScrimController( 3703): updateScrimColor main=0xff121318 front=0x0|0.000000|8 noti=0xff121318|0.000000|8 behind=0xff000000|0.000000|8 vis=0
11-04 10:09:31.814 I/CameraService( 2227): onUidStateChanged: uid=10047, procState is changed. (0 -> 1)
11-04 10:09:31.816 D/Tile.CustomTile( 3703): handleSetListening  true  initialized=true  isTileReady=true  getTileSpec() = custom(com.samsung.android.lool/com.samsung.android.sm.battery.ui.mode.BatteryModeTile)
11-04 10:09:31.816 D/MultiSIMPreferredSlotBar( 3703): setExpanded : true mShowing : false
11-04 10:09:31.816 D/SecSTQuickControlRequestReceiver( 3703): updateRemoteView newRemoteView = null, currentRemoteView = null, this = @d912188
11-04 10:09:31.816 D/QuickPanelLog( 3703): QSCI | setExpanded: expanded: true, getMinExpansionHeight(): 340, getMaxExpansionHeight(): 2496, mStackScrollerOverscrolling: false, mAnimatorExpand: false, mAnimating: false
11-04 10:09:31.816 D/QuickPanelLog( 3703):  - com.android.systemui.shade.QuickSettingsControllerImpl.setExpanded:188
11-04 10:09:31.816 D/QuickPanelLog( 3703):  - com.android.systemui.shade.QuickSettingsControllerImpl.setExpansionHeight:177
11-04 10:09:31.816 D/QuickPanelLog( 3703):  - com.android.systemui.shade.NotificationPanelViewController$$ExternalSyntheticLambda48.run:466
11-04 10:09:31.816 D/QuickPanelLog( 3703):  - com.android.systemui.shade.NotificationShadeWindowControllerImpl.batchApplyWindowLayoutParams:7
11-04 10:09:31.816 D/QuickPanelLog( 3703):  - com.android.systemui.shade.NotificationPanelViewController.setExpandedHeightInternal:23
11-04 10:09:31.816 D/QuickPanelLog( 3703):  - com.android.systemui.shade.NotificationPanelViewController$TouchHandler.handleTouch$1:705
11-04 10:09:31.816 D/QuickPanelLog( 3703):  - com.android.systemui.shade.NotificationPanelViewController$TouchHandler.onTouchEvent:2659
11-04 10:09:31.816 D/QuickPanelLog( 3703):  - com.android.systemui.shade.NotificationPanelViewController.handleExternalTouch:7
11-04 10:09:31.816 D/QuickPanelLog( 3703):  - com.android.systemui.statusbar.phone.PhoneStatusBarView.onTouchEvent:178
11-04 10:09:31.816 D/QuickPanelLog( 3703):  - android.view.View.performOnTouchCallback:17234
11-04 10:09:31.816 D/ScrimController( 3703): setQsExpandedOnNightMode(false -> true)
11-04 10:09:31.817 D/ScrimController( 3703): setScrimAlphaForKeyguard isWhiteWallpaper() = false bouncerScrimAlpha = 0.75 mScrimBouncerColor = #ff000000 callers = com.android.systemui.statusbar.phone.SecLsScrimControlHelper.setQsExpandedOnNightMode:50 
11-04 10:09:31.817 D/Tile.CustomTile( 3703): handleSetListening  true  initialized=true  isTileReady=true  getTileSpec() = custom(com.samsung.android.mdx/.windowslink.tileservice.SeYourPhoneTileService)
11-04 10:09:31.817 I/StackScroller( 3703): requestLayout media frame ENR
11-04 10:09:31.817 I/{ChipAnimationController}( 3703): animateChipHide() view:ongoing_call_chip state:8 animate:false visibility:8
11-04 10:09:31.817 D/{ChipAnimationController}( 3703): cancelAnimation() v:ongoing_call_chip
11-04 10:09:31.817 D/{ChipAnimationController}( 3703): hideView() id:ongoing_call_chip state:8
11-04 10:09:31.817 I/{ChipAnimationController}( 3703): animateChipHide() view:ongoing_activity_capsule state:8 animate:false visibility:8
11-04 10:09:31.817 D/{ChipAnimationController}( 3703): cancelAnimation() v:ongoing_activity_capsule
11-04 10:09:31.817 D/{ChipAnimationController}( 3703): hideView() id:ongoing_activity_capsule state:8
11-04 10:09:31.817 D/CollapsedStatusBarFragmentExt( 3703): prv:StatusBarVisibilityModel(showClock=true, showNotificationIcons=true, showOngoingCallChip=false, showPrimaryOngoingActivityChip=false, showSecondaryOngoingActivityChip=false, showSystemInfo=true)
11-04 10:09:31.817 D/CollapsedStatusBarFragmentExt( 3703): new:StatusBarVisibilityModel(showClock=false, showNotificationIcons=false, showOngoingCallChip=false, showPrimaryOngoingActivityChip=false, showSecondaryOngoingActivityChip=false, showSystemInfo=false)
11-04 10:09:31.817 D/CollapsedStatusBarFragmentExt( 3703): com.android.systemui.statusbar.phone.fragment.CollapsedStatusBarFragment.disable:71 com.android.systemui.statusbar.CommandQueue$H.handleMessage:2997 com.android.systemui.statusbar.CommandQueue.disable:12 com.android.systemui.statusbar.CommandQueue.recomputeDisableFlags:77 com.android.systemui.shade.NotificationPanelViewController.updateExpandedHeight:194 com.android.systemui.shade.NotificationPanelViewController$$ExternalSyntheticLambda48.run:536 
11-04 10:09:31.817 D/Tile.CustomTile( 3703): handleSetListening  true  initialized=true  isTileReady=true  getTileSpec() = custom(com.samsung.android.app.smartcapture/com.samsung.android.app.screenrecorder.view.RecordScreenTile)
11-04 10:09:31.817 I/ComplicationWidgetPluginController( 3703): onShadeExpandedChanged true false
11-04 10:09:31.817 D/KeyguardUpdateMonitor( 3703): isUserUnlocked userId:0, unlocked:true
11-04 10:09:31.817 I/ComplicationWidgetPluginController( 3703): requestAppWidgetListening false , true false true
11-04 10:09:31.817 I/SharedAppWidgetFacade( 3703):  startAppWidgetListening
11-04 10:09:31.817 I/LockWidgetHostManagerImpl( 3703): startListening aod.p90@6320fd1  , host aod.FH0@c89a36
11-04 10:09:31.817 I/EasyMuteController( 2661): UnRegister failed. no registered
11-04 10:09:31.817 D/VibratorManagerService( 2661): Canceling vibration
11-04 10:09:31.818 I/AppWidgetServiceImpl( 2661): startListening() 
11-04 10:09:31.818 D/RingtonePlayer( 3703): stopAsync()
11-04 10:09:31.818 D/RingtonePlayer( 3703): stop
11-04 10:09:31.818 I/AppWidgetServiceImpl( 2661): lookupOrAddHostLocked = HostId{user:0, app:10047, hostId:2304, pkg:com.android.systemui}
11-04 10:09:31.818 I/AppWidgetServiceImpl( 2661): startListening callbacks : com.android.internal.appwidget.IAppWidgetHost$Stub$Proxy@e0a5d46 intervalEnsure:11280830 intervalHostLock:11280830 LhostId:HostId{user:0, app:10047, hostId:2304, pkg:com.android.systemui}
11-04 10:09:31.818 I/AppWidgetServiceImpl( 2661): startListening() finish
11-04 10:09:31.818 D/Tile.CustomTile( 3703): handleSetListening  true  initialized=true  isTileReady=true  getTileSpec() = custom(com.samsung.android.app.sharelive/.presentation.quickpanel.DeviceVisibilityTileService)
11-04 10:09:31.818 D/{OngoingActivityController}( 3703): onExpandedChanged : shade is open
11-04 10:09:31.819 D/ShadeExpansionStateManager( 3703): onPanelExpansionChanged: ShadeExpansionChangeEvent(fraction=0.025220044, expanded=true, tracking=true)
11-04 10:09:31.819 D/PanelSplitOpenAnimator( 3703): onPanelExpansionChanged : 0.025220044 state : 0
11-04 10:09:31.819 D/PanelSplitOpenAnimator( 3703): setPosition : 0.025220044 // true false false 0.0
11-04 10:09:31.819 I/HoneySpace.SystemUiRepository( 4360): systemUiFlags: awake|notif_visible
11-04 10:09:31.819 D/Tile.CustomTile( 3703): handleSetListening  true  initialized=true  isTileReady=true  getTileSpec() = custom(com.sec.android.app.camera/.service.QrTileService)
11-04 10:09:31.820 D/SecPanelExpansionStateRepository( 3703): NOTIFY !!! CLOSED -> OPENING
11-04 10:09:31.820 D/QSMumButton( 3703): onPanelExpansionStateChanged isPanelExpanding = false > true
11-04 10:09:31.820 D/QSMumButton( 3703): isMumDeactivated: !result[false] isLduBranding[false] isShopDemo[false]
11-04 10:09:31.820 D/QSMumButton( 3703): needToBeVisible() result: false [MumSetting: false = (TwoPhoneSetting: false || (somethingInDetail(1): true && Pref: false && Settings: false)), !DEX-(DeviceState: true, !DesktopManager: true, !mIsDexEnablingOrEnabled: true) Panel-mExpanded: false, !isEmergencyMode: true, isUserEnabled: true, !isKioskModeEnabled: true, !isDisallowUserSwitch = true
11-04 10:09:31.820 D/SecQSDetailController( 3703): onPanelExpansionStateChanged isPanelExpanding = true
11-04 10:09:31.821 D/SecQpBlurController( 3703): onPanelExpansionChanged : 0.025220044
11-04 10:09:31.821 I/HoneySpace.TaskbarEventTracker( 4360): invokeEvent() called with: event = SystemUiStateChanged(stateFlags=1342177280)
11-04 10:09:31.821 D/SecPanelWindowBlurInteractor( 3703): Window Blur:  3  shouldBlockBlur: false isBlurReduced: false  isBackgroundVisible: false
11-04 10:09:31.821 D/Tile.CustomTile( 3703): handleSetListening  true  initialized=true  isTileReady=true  getTileSpec() = custom(com.samsung.android.app.interpreter/.interpretation.view.InterpreterQuickTileService)
11-04 10:09:31.821 D/SecPanelWindowBlurBinder( 3703): setBlurInfo 3
11-04 10:09:31.821 D/View    ( 3703): semSetBlurInfo, blurInfo : android.view.SemBlurInfo@4463bf5 {BLUR_MODE_WINDOW, mBlurRadius = 3, mBackgroundBlurColor = 0, mCornerRadiusTL = 0.0, mCornerRadiusTR = 0.0, mCornerRadiusBL = 0.0, mCornerRadiusBR = 0.0, mClipRectLeft = 0, mClipRectTop = 0, mClipRectRight = 2147483647, mClipRectBottom = 2147483647, mColorCurve = android.view.SemBlurInfo$ColorCurve@caa5d8a {minX = 0.22423999, minY = 0.5142571, maxX = 255.0, maxY = 253.79958, curveBias = 0.14949334, saturation = 0.0037373332}}, com.android.systemui.shade.NotificationShadeWindowView{4f3b5f3 V.E...... ......ID 0,0-1080,2640 #7f0a06a4 app:id/legacy_window_root}
11-04 10:09:31.821 D/View    ( 3703): semSetBlurInfo, blurInfo : null, com.android.systemui.blur.SecQSNewBlurView{ded8933 G.E...... ......I. 0,0-0,0 #7f0a0a27 app:id/qs_new_blur}
11-04 10:09:31.821 I/NowBarCardViewModel( 3703): setVisibility visible = 4 / nowBarRootVisibility = 4
11-04 10:09:31.821 D/Tile.CustomTile( 3703): handleSetListening  true  initialized=true  isTileReady=true  getTileSpec() = custom(com.samsung.android.inputshare/.settings.MCTileService)
11-04 10:09:31.822 D/KeyguardVisible( 3703): visibilityChanged 4 -> 0
11-04 10:09:31.822 D/Tile.CustomTile( 3703): handleSetListening  true  initialized=true  isTileReady=true  getTileSpec() = custom(com.samsung.knox.securefolder/.switcher.SecureFolderTile)
11-04 10:09:31.823 D/MULTISIM-BIND( 3703): Bind [SIMINFO1, SIMINFO2]
11-04 10:09:31.824 D/Tile.SecDeviceControlsTile( 3703): handleUpdateState appName = SmartThings
11-04 10:09:31.825 I/WindowManager( 2661): Relayout Window{4b583a4 u0 NotificationShade}: viewVisibility=0 req=1080x2640 ty=2040 d0
11-04 10:09:31.825 I/SurfaceFlinger( 1801): id=4461 createSurf, flag=44004, NotificationShade$_3703#4461
11-04 10:09:31.825 D/WindowManager( 2661): makeSurface duration=1 name=NotificationShade$_3703
11-04 10:09:31.826 D/Tile.MobileDataTile( 3703): handleUpdateState : state false
11-04 10:09:31.826 I/HotspotTile( 3703): handleUpdateState
11-04 10:09:31.826 D/SurfaceComposerClient( 2661): setCornerRadius ## fe3d3fd com.sec.android.app.launcher/com.sec.android.app.launcher.activities.LauncherActivity#156 cornerRadius=0.000000
11-04 10:09:31.826 I/HoneySpace.EdgePanel.EdgeVisibilityObserver( 4360): TrayVisibilityReceiver action : com.samsung.systemui.statusbar.ANIMATING
11-04 10:09:31.826 D/SurfaceComposerClient( 2661): setCornerRadius ## fe3d3fd com.sec.android.app.launcher/com.sec.android.app.launcher.activities.LauncherActivity#156 cornerRadius=0.000000
11-04 10:09:31.826 I/HoneySpace.EdgePanel.EdgeVisibilityRepository( 4360): updateStateAction: 0x200 true true
11-04 10:09:31.826 I/WindowManager( 2661): Relayout hash=4b583a4, pid=3703, syncId=-1: mAttrs={(0,0)(fillxfill) gr=TOP CENTER_VERTICAL sim={adjust=pan} layoutInDisplayCutoutMode=always ty=NOTIFICATION_SHADE fmt=TRANSLUCENT
11-04 10:09:31.826 I/WindowManager( 2661):   fl=81040048
11-04 10:09:31.826 I/WindowManager( 2661):   pfl=10000200
11-04 10:09:31.826 I/WindowManager( 2661):   bhv=2
11-04 10:09:31.826 I/WindowManager( 2661):   frameRateBoostOnTouch=true
11-04 10:09:31.826 I/WindowManager( 2661):   dvrrWindowFrameRateHint=true naviIconColor=0
11-04 10:09:31.826 I/WindowManager( 2661):   sfl=40000}
11-04 10:09:31.826 I/HoneySpace.EdgePanel.EdgeVisibilityRepository( 4360): updateState: 0x201
11-04 10:09:31.827 I/BufferQueueProducer( 3703): [](id:e770000006b,api:0,p:1596367664,c:3703) setDequeueTimeout:2077252342
11-04 10:09:31.827 I/BLASTBufferQueue_Java( 3703): new BLASTBufferQueue, mName= VRI[NotificationShade]@65a8549 mNativeObject= 0xb40000726f6ded50 caller= android.view.ViewRootImpl.updateBlastSurfaceIfNeeded:3585 android.view.ViewRootImpl.relayoutWindow:11685 android.view.ViewRootImpl.performTraversals:4804 android.view.ViewRootImpl.doTraversal:3924 android.view.ViewRootImpl$TraversalRunnable.run:12903 android.view.Choreographer$CallbackRecord.run:1901 android.view.Choreographer$CallbackRecord.run:1910 android.view.Choreographer.doCallbacks:1367 android.view.Choreographer.doFrame:1292 android.view.Choreographer$FrameDisplayEventReceiver.run:1870 
11-04 10:09:31.827 I/BLASTBufferQueue_Java( 3703): update, w= 1080 h= 2640 mName = VRI[NotificationShade]@65a8549 mNativeObject= 0xb40000726f6ded50 sc.mNativeObject= 0xb40000723f228b90 format= -3 caller= android.view.ViewRootImpl.updateBlastSurfaceIfNeeded:3590 android.view.ViewRootImpl.relayoutWindow:11685 android.view.ViewRootImpl.performTraversals:4804 android.view.ViewRootImpl.doTraversal:3924 android.view.ViewRootImpl$TraversalRunnable.run:12903 android.view.Choreographer$CallbackRecord.run:1901 
11-04 10:09:31.827 I/VRI[NotificationShade]@65a8549( 3703): Relayout returned: old=(0,0,1080,2640) new=(0,0,1080,2640) relayoutAsync=false req=(1080,2640)0 dur=2 res=0x3 s={true 0xb40000718f3ae480} ch=true seqId=0
11-04 10:09:31.828 D/VRI[NotificationShade]@65a8549( 3703): mThreadedRenderer.initialize() mSurface={isValid=true 0xb40000718f3ae480} hwInitialized=true
11-04 10:09:31.830 W/View    ( 3703): requestLayout() improperly called by com.android.systemui.qs.SecQSGradationDrawableView{42c172e V.E...... ......ID 0,0-1080,354 #7f0a0a16 app:id/qs_gradation_view} during layout: running second layout pass
11-04 10:09:31.830 W/View    ( 3703): requestLayout() improperly called by android.widget.FrameLayout{16a12cf V.E...... ......I. 0,0-1080,2640 #2} during layout: running second layout pass
11-04 10:09:31.830 W/View    ( 3703): requestLayout() improperly called by android.widget.FrameLayout{6ff445c V.E...... ......ID 0,166-1080,2496 #7f0a0a14 app:id/qs_frame} during layout: running second layout pass
11-04 10:09:31.831 D/VRI[NotificationShade]@65a8549( 3703): reportNextDraw android.view.ViewRootImpl.performTraversals:5443 android.view.ViewRootImpl.doTraversal:3924 android.view.ViewRootImpl$TraversalRunnable.run:12903 android.view.Choreographer$CallbackRecord.run:1901 android.view.Choreographer$CallbackRecord.run:1910 
11-04 10:09:31.831 W/RefactorFlag( 3703): New code path expects SceneContainerFlag to be enabled.
11-04 10:09:31.831 D/SurfaceComposerClient( 2661): setCornerRadius ## fe3d3fd com.sec.android.app.launcher/com.sec.android.app.launcher.activities.LauncherActivity#156 cornerRadius=0.000000
11-04 10:09:31.831 W/RefactorFlag( 3703): New code path expects SceneContainerFlag to be enabled.
11-04 10:09:31.831 D/SurfaceComposerClient( 2661): setCornerRadius ## fe3d3fd com.sec.android.app.launcher/com.sec.android.app.launcher.activities.LauncherActivity#156 cornerRadius=0.000000
11-04 10:09:31.831 I/SurfaceFlinger( 1801): [NotificationShade$_3703#4461] attach to parent LayerHierarchy{RequestedLayerState{4b583a4 NotificationShade#113 parentId=112} 1 children}
11-04 10:09:31.831 D/VRI[NotificationShade]@65a8549( 3703): Setup new sync=wmsSync-VRI[NotificationShade]@65a8549#76
11-04 10:09:31.831 I/VRI[NotificationShade]@65a8549( 3703): Creating new active sync group VRI[NotificationShade]@65a8549#77
11-04 10:09:31.831 D/VRI[NotificationShade]@65a8549( 3703): Start draw after previous draw not visible
11-04 10:09:31.831 D/VRI[NotificationShade]@65a8549( 3703): registerCallbacksForSync syncBuffer=false
11-04 10:09:31.833 D/Tile.DndTile( 3703): handleUpdateState zen 0  state = QSTile$BooleanState[spec=Dnd,icon=ResourceIcon[resId=0x7f080f7d],nextIcon=null,iconSupplier=null,label=Do not disturb,secondaryLabel=null,contentDescription=null,stateDescription=null,dualLabelContentDescription=null,expandedAccessibilityClassName=null,disabledByPolicy=false,dualTarget=true,isTransient=false,handlesSecondaryClick=false,state=1,sideViewCustomDrawable=null,tileClassName=null,value=false,forceExpandIcon=false]
11-04 10:09:31.837 D/SurfaceComposerClient( 3703): [SEC_SF_EFFECTS] setBlurRegions NotificationShade$_3703#4461 ## {radius=3, cornerRadii=[0.000, 0.000, 0.000, 0.000], alpha=1.000, rect=[0, 0, 1080, 2640], clipRect=[0, 0, 2147483647, 2147483647], colorCurve=[0.224240, 0.514257, 255.000000, 253.799576], curveBias=0.149493, saturation=0.003737, vibrance=[0.000000, (0.000000, 1.000000)], pathData size=0, BlurTint=[(0.000000 0.000000 0.000000) 0.000000, DISABLED]
11-04 10:09:31.837 D/VRI[NotificationShade]@65a8549( 3703): Received frameDrawingCallback syncResult=0 frameNum=1.
11-04 10:09:31.837 I/VRI[NotificationShade]@65a8549( 3703): mWNT: t=0xb4000070bf4f7fd0 mBlastBufferQueue=0xb40000726f6ded50 fn= 1 HdrRenderState mRenderHdrSdrRatio=1.0 caller= android.view.ViewRootImpl$12.onFrameDraw:15441 android.view.ThreadedRenderer$1.onFrameDraw:718 <bottom of call stack> 
11-04 10:09:31.837 I/VRI[NotificationShade]@65a8549( 3703): Setting up sync and frameCommitCallback
11-04 10:09:31.837 W/qdgralloc( 3703): getInterlacedFlag: getMetaData returned 3, defaulting to interlaced_flag = 0
11-04 10:09:31.860 I/BLASTBufferQueue( 3703): [VRI[NotificationShade]@65a8549#107](f:0,a:0,s:0) onFrameAvailable the first frame is available
11-04 10:09:31.860 I/SurfaceComposerClient( 3703): apply transaction with the first frame. layerId: 4461, bufferData(ID: 15904263898234, frameNumber: 1)
11-04 10:09:31.860 I/VRI[NotificationShade]@65a8549( 3703): Received frameCommittedCallback lastAttemptedDrawFrameNum=1 didProduceBuffer=true
11-04 10:09:31.860 I/SurfaceFlinger( 1801): [NotificationShade$_3703#4461] setTransactionState with the first frame. bufferData(ID: 15904263898234, frameNumber: 1)
11-04 10:09:31.861 D/VRI[NotificationShade]@65a8549( 3703): reportDrawFinished seqId=0
11-04 10:09:31.861 D/WindowManager( 2661): finishDrawingWindow: Window{4b583a4 u0 NotificationShade} mDrawState=DRAW_PENDING seqId=0
11-04 10:09:31.862 D/QuickPanelLog( 3703): QSCI | setTracking: false -> false
11-04 10:09:31.862 D/QuickPanelLog( 3703):  - com.android.systemui.shade.QuickSettingsControllerImpl.setTracking:47
11-04 10:09:31.862 D/QuickPanelLog( 3703):  - com.android.systemui.shade.QuickSettingsControllerImpl.handleTouch:263
11-04 10:09:31.862 D/QuickPanelLog( 3703):  - com.android.systemui.shade.NotificationPanelViewController$TouchHandler.onTouchEvent:2053
11-04 10:09:31.862 D/QuickPanelLog( 3703):  - com.android.systemui.shade.NotificationPanelViewController.handleExternalTouch:7
11-04 10:09:31.862 D/QuickPanelLog( 3703):  - com.android.systemui.statusbar.phone.PhoneStatusBarView.onTouchEvent:178
11-04 10:09:31.862 D/QuickPanelLog( 3703):  - android.view.View.performOnTouchCallback:17234
11-04 10:09:31.862 D/QuickPanelLog( 3703):  - android.view.View.dispatchTouchEvent:17187
11-04 10:09:31.862 D/QuickPanelLog( 3703):  - android.view.ViewGroup.dispatchTransformedTouchEvent:3365
11-04 10:09:31.862 D/QuickPanelLog( 3703):  - android.view.ViewGroup.dispatchTouchEvent:3032
11-04 10:09:31.862 D/QuickPanelLog( 3703):  - android.view.ViewGroup.dispatchTransformedTouchEvent:3371
11-04 10:09:31.862 W/KeyguardTouchAnimator( 3703): NPVC touch is canceled on not KEYGUARD STATE = 0
11-04 10:09:31.862 D/SurfaceComposerClient( 2661): setCornerRadius ## fe3d3fd com.sec.android.app.launcher/com.sec.android.app.launcher.activities.LauncherActivity#156 cornerRadius=0.000000
11-04 10:09:31.863 D/SecQSExpansionStateRepository( 3703): pte: true | pts: 0 | lsse: 0.0 | qe: 1.0
11-04 10:09:31.863 D/SecQSExpansionStateRepository( 3703): false => true: pte: true | pts: 0 | lsse: 0.0 | qe: 1.0
11-04 10:09:31.863 D/SecPanelSAStatusLogInteractor( 3703): expanded: true
11-04 10:09:31.863 D/SecQSExpansionStateRepository( 3703): expanded: true | CS: false | DO: false | DS: false | DC: false
11-04 10:09:31.863 D/SecQSExpansionStateRepository( 3703): notify expanded[false => true] expanded: true | CS: false | DO: false | DS: false | DC: false
11-04 10:09:31.863 D/SecQSExpansionStateInteractor( 3703): notify: true
11-04 10:09:31.863 D/VolumeSeekBar( 3703): [QP volume] onQSExpansionStateChanged isShowing = true
11-04 10:09:31.863 D/VolumeSeekBar( 3703): [QP volume] updateVolumeModel model: VolumeModel(volume=70, minVolume=0, maxVolume=150, device=0, enable=true, isBroadcast=false, isAllSoundMute=false, isZenMode=0, isZenModeDisabled=false, isSmartViewEnabled=false, isMusicShareEnabled=false, isDisallowAdjustVolume=false) isTracking : false
11-04 10:09:31.863 D/VolumeSeekBar( 3703): [QP volume] updateVolumeModel model: VolumeModel(volume=70, minVolume=0, maxVolume=150, device=0, enable=true, isBroadcast=false, isAllSoundMute=false, isZenMode=0, isZenModeDisabled=false, isSmartViewEnabled=false, isMusicShareEnabled=false, isDisallowAdjustVolume=false) isTracking : false
11-04 10:09:31.863 V/WindowManager( 2661): performShowLocked: mDrawState=HAS_DRAWN in Window{4b583a4 u0 NotificationShade}
11-04 10:09:31.863 D/ShadeExpansionStateManager( 3703): onPanelExpansionChanged: ShadeExpansionChangeEvent(fraction=0.44482088, expanded=true, tracking=true)
11-04 10:09:31.863 D/PanelSplitOpenAnimator( 3703): onPanelExpansionChanged : 0.44482088 state : 0
11-04 10:09:31.863 D/PanelSplitOpenAnimator( 3703): setPosition : 0.44482088 // true false false 0.0
11-04 10:09:31.865 D/SecQpBlurController( 3703): onPanelExpansionChanged : 0.44482088
11-04 10:09:31.865 D/SecPanelWindowBlurInteractor( 3703): Window Blur:  188  shouldBlockBlur: false isBlurReduced: false  isBackgroundVisible: false
11-04 10:09:31.865 D/SecPanelWindowBlurBinder( 3703): setBlurInfo 188
11-04 10:09:31.865 D/View    ( 3703): semSetBlurInfo, blurInfo : android.view.SemBlurInfo@3ab109 {BLUR_MODE_WINDOW, mBlurRadius = 188, mBackgroundBlurColor = 0, mCornerRadiusTL = 0.0, mCornerRadiusTR = 0.0, mCornerRadiusBL = 0.0, mCornerRadiusBR = 0.0, mClipRectLeft = 0, mClipRectTop = 0, mClipRectRight = 2147483647, mClipRectBottom = 2147483647, mColorCurve = android.view.SemBlurInfo$ColorCurve@e44f0e {minX = 11.331979, minY = 25.988007, maxX = 255.0, maxY = 194.33614, curveBias = 7.5546527, saturation = 0.18886632}}, com.android.systemui.shade.NotificationShadeWindowView{4f3b5f3 V.E...... .......D 0,0-1080,2640 #7f0a06a4 app:id/legacy_window_root}
11-04 10:09:31.865 D/View    ( 3703): semSetBlurInfo, blurInfo : null, com.android.systemui.blur.SecQSNewBlurView{ded8933 G.E...... ......I. 0,0-0,0 #7f0a0a27 app:id/qs_new_blur}
11-04 10:09:31.865 D/SurfaceFlinger( 1801): GPIS:: requestGpisForBlur
11-04 10:09:31.865 D/NativeSemDvfsManager( 1801): acquire:: timeout = 2000 mIsAcquired = 1  mTagName : SurfaceFlinger 
11-04 10:09:31.865 I/NowBarCardViewModel( 3703): setVisibility visible = 4 / nowBarRootVisibility = 4
11-04 10:09:31.866 W/RefactorFlag( 3703): New code path expects SceneContainerFlag to be enabled.
11-04 10:09:31.866 D/SurfaceComposerClient( 2661): setCornerRadius ## fe3d3fd com.sec.android.app.launcher/com.sec.android.app.launcher.activities.LauncherActivity#156 cornerRadius=0.000000
11-04 10:09:31.867 W/RefactorFlag( 3703): New code path expects SceneContainerFlag to be enabled.
11-04 10:09:31.867 E/NativeCustomFrequencyManager( 1801): [NativeCFMS] BpCustomFrequencyManager::acquire()
11-04 10:09:31.868 D/SurfaceComposerClient( 3703): [SEC_SF_EFFECTS] setBlurRegions NotificationShade$_3703#4461 ## {radius=188, cornerRadii=[0.000, 0.000, 0.000, 0.000], alpha=1.000, rect=[0, 0, 1080, 2640], clipRect=[0, 0, 2147483647, 2147483647], colorCurve=[11.331979, 25.988007, 255.000000, 194.336136], curveBias=7.554653, saturation=0.188866, vibrance=[0.000000, (0.000000, 1.000000)], pathData size=0, BlurTint=[(0.000000 0.000000 0.000000) 0.000000, DISABLED]
11-04 10:09:31.868 W/qdgralloc( 3703): getInterlacedFlag: getMetaData returned 3, defaulting to interlaced_flag = 0
11-04 10:09:31.869 I/HYPER-HAL( 1703): [RequestManager.cpp]acquire(): Acquired ID : 3925201  [1801 / 1000]    HINT : SF_GPU_MINLOCK    list : [TIMEOUT / 2000] 
11-04 10:09:31.870 I/HotspotTile( 3703): onDataSaverChanged: false
11-04 10:09:31.871 D/ZenModeController( 3703): Added callback class com.android.systemui.qs.tiles.DndTile$5
11-04 10:09:31.871 D/View    ( 3703): semSetBlurInfo, blurInfo : android.view.SemBlurInfo@c1b5d4b {BLUR_MODE_WINDOW, mBlurRadius = 300, mBackgroundBlurColor = 0, mCornerRadiusTL = 59.5, mCornerRadiusTR = 59.5, mCornerRadiusBL = 59.5, mCornerRadiusBR = 59.5, mClipRectLeft = 0, mClipRectTop = 0, mClipRectRight = 2147483647, mClipRectBottom = 2147483647, mColorCurve = android.view.SemBlurInfo$ColorCurve@115c328 {minX = 5.0, minY = 17.8, maxX = 235.0, maxY = 247.3, curveBias = 12.0, saturation = 0.3}}, com.android.systemui.statusbar.KeyguardSecAffordanceView{de65080 V.ED..... ......ID 0,0-119,119 #7f0a0469 app:id/end_button}
11-04 10:09:31.872 D/View    ( 3703): semSetBlurInfo, blurInfo : android.view.SemBlurInfo@1408327 {BLUR_MODE_WINDOW, mBlurRadius = 300, mBackgroundBlurColor = 0, mCornerRadiusTL = 59.5, mCornerRadiusTR = 59.5, mCornerRadiusBL = 59.5, mCornerRadiusBR = 59.5, mClipRectLeft = 0, mClipRectTop = 0, mClipRectRight = 2147483647, mClipRectBottom = 2147483647, mColorCurve = android.view.SemBlurInfo$ColorCurve@797e9d4 {minX = 5.0, minY = 17.8, maxX = 235.0, maxY = 247.3, curveBias = 12.0, saturation = 0.3}}, com.android.systemui.statusbar.KeyguardSecAffordanceView{c79125f V.ED..... ......ID 0,0-119,119 #7f0a0cad app:id/start_button}
11-04 10:09:31.872 D/Tile.MobileDataTile( 3703): handleUpdateState : state false
11-04 10:09:31.872 I/HotspotTile( 3703): handleUpdateState
11-04 10:09:31.872 D/SecQSCommonTileView( 3703): handleStateChanged state.spec = custom(com.samsung.android.smartmirroring/.tile.SmartMirroringTile), parent = LargeTileView{@326d419, #7f0a0df0, app:id/tile_label V, label = @326d419, #7f0a0df0, app:id/tile_label V, iconFrame = @7e1cde V, icon = @4321ebf V, common = @56f798c}, labelContainer = @81ac038, #7f0a0661, app:id/label_group V, label = @326d419, #7f0a0df0, app:id/tile_label V, iconFrame = @7e1cde V, icon = @4321ebf V, common = @56f798c
11-04 10:09:31.872 I/HotspotTile( 3703): handleUpdateState
11-04 10:09:31.872 D/SecQSCommonTileView( 3703): handleStateChanged state.spec = custom(com.samsung.android.app.routines/.LifestyleModeTile), parent = LargeTileView{@5c798d5, #7f0a0df0, app:id/tile_label V, label = @5c798d5, #7f0a0df0, app:id/tile_label V, iconFrame = @4b28ea V, icon = @573e7db V, common = @160a278}, labelContainer = @d451811, #7f0a0661, app:id/label_group V, label = @5c798d5, #7f0a0df0, app:id/tile_label V, iconFrame = @4b28ea V, icon = @573e7db V, common = @160a278
11-04 10:09:31.872 I/SurfaceFlinger( 1801): RequestedLayer [NotificationShade$_3703#4461] hidden!! flag  from(1) --> to(0)
11-04 10:09:31.872 D/SubRoomQsTileBaseView( 3703): updateSubscreenTileStroke
11-04 10:09:31.872 D/SecQSCommonTileView( 3703): handleStateChanged state.spec = custom(com.samsung.android.mydevice/.quicksettings.MyDeviceTileService), parent = LargeTileView{@604227f, #7f0a0df0, app:id/tile_label V, label = @604227f, #7f0a0df0, app:id/tile_label V, iconFrame = @f7f924c V, icon = @aaca295 V, common = @948cfaa}, labelContainer = @26f2f77, #7f0a0661, app:id/label_group V, label = @604227f, #7f0a0df0, app:id/tile_label V, iconFrame = @f7f924c V, icon = @aaca295 V, common = @948cfaa
11-04 10:09:31.873 D/SubRoomQsTileBaseView( 3703): updateSubscreenTileStroke
11-04 10:09:31.873 D/SecQSCommonTileView( 3703): handleStateChanged state.spec = MobileData, parent = LabelTileView{@96674e5, #7f0a0df0, app:id/tile_label V, label = @96674e5, #7f0a0df0, app:id/tile_label V, iconFrame = @65bbbba V, icon = @41dca6b V, common = @e1df9c8}, labelContainer = @eaefbdc, #7f0a0661, app:id/label_group V, label = @96674e5, #7f0a0df0, app:id/tile_label V, iconFrame = @65bbbba V, icon = @41dca6b V, common = @e1df9c8
11-04 10:09:31.873 D/SecQSCommonTileView( 3703): handleStateChanged state.spec = custom(com.samsung.android.lool/com.samsung.android.sm.battery.ui.mode.BatteryModeTile), parent = LabelTileView{@53839e0, #7f0a0df0, app:id/tile_label V, label = @53839e0, #7f0a0df0, app:id/tile_label V, iconFrame = @dd31499 V, icon = @a7c935e V, common = @4a5933f}, labelContainer = @ba71be3, #7f0a0661, app:id/label_group V, label = @53839e0, #7f0a0df0, app:id/tile_label V, iconFrame = @dd31499 V, icon = @a7c935e V, common = @4a5933f
11-04 10:09:31.873 D/SecQSCommonTileView( 3703): handleStateChanged state.spec = custom(com.samsung.android.mdx/.windowslink.tileservice.SeYourPhoneTileService), parent = LabelTileView{@56b660d, #7f0a0df0, app:id/tile_label V, label = @56b660d, #7f0a0df0, app:id/tile_label V, iconFrame = @2e099c2 V, icon = @686c3d3 V, common = @f3ddb10}, labelContainer = @be9d8a4, #7f0a0661, app:id/label_group V, label = @56b660d, #7f0a0df0, app:id/tile_label V, iconFrame = @2e099c2 V, icon = @686c3d3 V, common = @f3ddb10
11-04 10:09:31.873 D/SubRoomQsTileBaseView( 3703): updateSubscreenTileStroke
11-04 10:09:31.873 D/SecQSCommonTileView( 3703): handleStateChanged state.spec = custom(com.samsung.android.app.smartcapture/com.samsung.android.app.screenrecorder.view.RecordScreenTile), parent = LabelTileView{@a22900e, #7f0a0df0, app:id/tile_label V, label = @a22900e, #7f0a0df0, app:id/tile_label V, iconFrame = @16fca2f V, icon = @b8d983c V, common = @a1449c5}, labelContainer = @4755609, #7f0a0661, app:id/label_group V, label = @a22900e, #7f0a0df0, app:id/tile_label V, iconFrame = @16fca2f V, icon = @b8d983c V, common = @a1449c5
11-04 10:09:31.874 D/Tile.DndTile( 3703): handleUpdateState zen 0  state = QSTile$BooleanState[spec=Dnd,icon=ResourceIcon[resId=0x7f080f7d],nextIcon=null,iconSupplier=null,label=Do not disturb,secondaryLabel=null,contentDescription=null,stateDescription=null,dualLabelContentDescription=null,expandedAccessibilityClassName=null,disabledByPolicy=false,dualTarget=true,isTransient=false,handlesSecondaryClick=false,state=1,sideViewCustomDrawable=null,tileClassName=null,value=false,forceExpandIcon=false]
11-04 10:09:31.874 D/SecQSCommonTileView( 3703): handleStateChanged state.spec = custom(com.samsung.android.app.sharelive/.presentation.quickpanel.DeviceVisibilityTileService), parent = LabelTileView{@2b9fc28, #7f0a0df0, app:id/tile_label V, label = @2b9fc28, #7f0a0df0, app:id/tile_label V, iconFrame = @2f4bd41 V, icon = @52492e6 V, common = @938d027}, labelContainer = @338da4b, #7f0a0661, app:id/label_group V, label = @2b9fc28, #7f0a0df0, app:id/tile_label V, iconFrame = @2f4bd41 V, icon = @52492e6 V, common = @938d027
11-04 10:09:31.874 D/SecQSCommonTileView( 3703): handleStateChanged state.spec = Dnd, parent = LabelTileView{@a85886c, #7f0a0df0, app:id/tile_label V, label = @a85886c, #7f0a0df0, app:id/tile_label V, iconFrame = @9f42e35 V, icon = @50a02ca V, common = @458ec3b}, labelContainer = @56d9d1f, #7f0a0661, app:id/label_group V, label = @a85886c, #7f0a0df0, app:id/tile_label V, iconFrame = @9f42e35 V, icon = @50a02ca V, common = @458ec3b
11-04 10:09:31.874 D/SubRoomQsTileBaseView( 3703): updateSubscreenTileStroke
11-04 10:09:31.874 D/SecQSCommonTileView( 3703): handleStateChanged state.spec = custom(com.sec.android.app.camera/.service.QrTileService), parent = LabelTileView{@dc678b1, #7f0a0df0, app:id/tile_label V, label = @dc678b1, #7f0a0df0, app:id/tile_label V, iconFrame = @2d8196 V, icon = @e01117 V, common = @3667904}, labelContainer = @278bf58, #7f0a0661, app:id/label_group V, label = @dc678b1, #7f0a0df0, app:id/tile_label V, iconFrame = @2d8196 V, icon = @e01117 V, common = @3667904
11-04 10:09:31.874 D/SecQSCommonTileView( 3703): handleStateChanged state.spec = custom(com.samsung.android.app.interpreter/.interpretation.view.InterpreterQuickTileService), parent = LabelTileView{@64aa7b3, #7f0a0df0, app:id/tile_label V, label = @64aa7b3, #7f0a0df0, app:id/tile_label V, iconFrame = @4542170 V, icon = @6a28ce9 V, common = @f5b2d6e}, labelContainer = @a382122, #7f0a0661, app:id/label_group V, label = @64aa7b3, #7f0a0df0, app:id/tile_label V, iconFrame = @4542170 V, icon = @6a28ce9 V, common = @f5b2d6e
11-04 10:09:31.874 D/SecQSCommonTileView( 3703): handleStateChanged state.spec = custom(com.samsung.android.inputshare/.settings.MCTileService), parent = LabelTileView{@531e49c, #7f0a0df0, app:id/tile_label V, label = @531e49c, #7f0a0df0, app:id/tile_label V, iconFrame = @68e0ea5 V, icon = @b90b27a V, common = @7595a2b}, labelContainer = @2be0c0f, #7f0a0661, app:id/label_group V, label = @531e49c, #7f0a0df0, app:id/tile_label V, iconFrame = @68e0ea5 V, icon = @b90b27a V, common = @7595a2b
11-04 10:09:31.874 D/SecQSCommonTileView( 3703): handleStateChanged state.spec = custom(com.samsung.knox.securefolder/.switcher.SecureFolderTile), parent = LabelTileView{@cf5f021, #7f0a0df0, app:id/tile_label V, label = @cf5f021, #7f0a0df0, app:id/tile_label V, iconFrame = @e677c46 V, icon = @e116e07 V, common = @d5c2b34}, labelContainer = @2c6ae88, #7f0a0661, app:id/label_group V, label = @cf5f021, #7f0a0df0, app:id/tile_label V, iconFrame = @e677c46 V, icon = @e116e07 V, common = @d5c2b34
11-04 10:09:31.874 D/SecQSCommonTileView( 3703): handleStateChanged state.spec = custom(com.samsung.android.lool/com.samsung.android.sm.battery.ui.mode.BatteryModeTile), parent = LabelTileView{@53839e0, #7f0a0df0, app:id/tile_label V, label = @53839e0, #7f0a0df0, app:id/tile_label V, iconFrame = @dd31499 V, icon = @a7c935e V, common = @4a5933f}, labelContainer = @ba71be3, #7f0a0661, app:id/label_group V, label = @53839e0, #7f0a0df0, app:id/tile_label V, iconFrame = @dd31499 V, icon = @a7c935e V, common = @4a5933f
11-04 10:09:31.875 D/SecQSCommonTileView( 3703): handleStateChanged state.spec = custom(com.samsung.android.mdx/.windowslink.tileservice.SeYourPhoneTileService), parent = LabelTileView{@56b660d, #7f0a0df0, app:id/tile_label V, label = @56b660d, #7f0a0df0, app:id/tile_label V, iconFrame = @2e099c2 V, icon = @686c3d3 V, common = @f3ddb10}, labelContainer = @be9d8a4, #7f0a0661, app:id/label_group V, label = @56b660d, #7f0a0df0, app:id/tile_label V, iconFrame = @2e099c2 V, icon = @686c3d3 V, common = @f3ddb10
11-04 10:09:31.875 D/SubRoomQsTileBaseView( 3703): updateSubscreenTileStroke
11-04 10:09:31.875 D/SecQSCommonTileView( 3703): handleStateChanged state.spec = custom(com.samsung.android.app.smartcapture/com.samsung.android.app.screenrecorder.view.RecordScreenTile), parent = LabelTileView{@a22900e, #7f0a0df0, app:id/tile_label V, label = @a22900e, #7f0a0df0, app:id/tile_label V, iconFrame = @16fca2f V, icon = @b8d983c V, common = @a1449c5}, labelContainer = @4755609, #7f0a0661, app:id/label_group V, label = @a22900e, #7f0a0df0, app:id/tile_label V, iconFrame = @16fca2f V, icon = @b8d983c V, common = @a1449c5
11-04 10:09:31.875 D/SecQSCommonTileView( 3703): handleStateChanged state.spec = custom(com.samsung.android.app.sharelive/.presentation.quickpanel.DeviceVisibilityTileService), parent = LabelTileView{@2b9fc28, #7f0a0df0, app:id/tile_label V, label = @2b9fc28, #7f0a0df0, app:id/tile_label V, iconFrame = @2f4bd41 V, icon = @52492e6 V, common = @938d027}, labelContainer = @338da4b, #7f0a0661, app:id/label_group V, label = @2b9fc28, #7f0a0df0, app:id/tile_label V, iconFrame = @2f4bd41 V, icon = @52492e6 V, common = @938d027
11-04 10:09:31.875 D/SecQSCommonTileView( 3703): handleStateChanged state.spec = custom(com.sec.android.app.camera/.service.QrTileService), parent = LabelTileView{@dc678b1, #7f0a0df0, app:id/tile_label V, label = @dc678b1, #7f0a0df0, app:id/tile_label V, iconFrame = @2d8196 V, icon = @e01117 V, common = @3667904}, labelContainer = @278bf58, #7f0a0661, app:id/label_group V, label = @dc678b1, #7f0a0df0, app:id/tile_label V, iconFrame = @2d8196 V, icon = @e01117 V, common = @3667904
11-04 10:09:31.875 D/SecQSCommonTileView( 3703): handleStateChanged state.spec = custom(com.samsung.android.app.interpreter/.interpretation.view.InterpreterQuickTileService), parent = LabelTileView{@64aa7b3, #7f0a0df0, app:id/tile_label V, label = @64aa7b3, #7f0a0df0, app:id/tile_label V, iconFrame = @4542170 V, icon = @6a28ce9 V, common = @f5b2d6e}, labelContainer = @a382122, #7f0a0661, app:id/label_group V, label = @64aa7b3, #7f0a0df0, app:id/tile_label V, iconFrame = @4542170 V, icon = @6a28ce9 V, common = @f5b2d6e
